resumed walk-v1 at iteration 780, level 2
training walk-v1: 20 workers × 16 envs, 10240 samples/iter, obs 61, act 15
it   781 | 8.00M steps | 5049 sps | R 0.00 | ep 0.0s | goals 0.00 | fall 0% | kl 0.0081 lr 1.1e-4 std 0.52 | L2
it   782 | 8.01M steps | 4571 sps | R 0.00 | ep 0.0s | goals 0.00 | fall 0% | kl 0.0177 lr 1.0e-5 std 0.51 | L2
it   783 | 8.02M steps | 4887 sps | R 0.00 | ep 0.0s | goals 0.00 | fall 0% | kl 0.0093 lr 3.4e-5 std 0.51 | L2
it   784 | 8.03M steps | 4675 sps | R 0.00 | ep 0.0s | goals 0.00 | fall 0% | kl 0.0123 lr 1.7e-4 std 0.51 | L2
it   785 | 8.04M steps | 4689 sps | R 0.00 | ep 0.0s | goals 0.00 | fall 0% | kl 0.0154 lr 7.6e-5 std 0.51 | L2
it   786 | 8.05M steps | 4193 sps | R 6.69 | ep 4.5s | goals 1.00 | fall 100% | kl 0.0189 lr 1.0e-5 std 0.51 | L2
it   787 | 8.06M steps | 4712 sps | R 9.66 | ep 4.9s | goals 1.22 | fall 100% | kl 0.0098 lr 7.6e-5 std 0.51 | L2
it   788 | 8.07M steps | 4390 sps | R 11.95 | ep 5.1s | goals 1.42 | fall 100% | kl 0.0144 lr 5.1e-5 std 0.51 | L2
it   789 | 8.08M steps | 4744 sps | R 11.75 | ep 5.1s | goals 1.40 | fall 100% | kl 0.0141 lr 2.3e-5 std 0.51 | L2
it   790 | 8.09M steps | 4328 sps | R 13.20 | ep 5.6s | goals 1.50 | fall 100% | kl 0.0129 lr 1.0e-5 std 0.51 | L2
it   791 | 8.10M steps | 5871 sps | R 14.09 | ep 5.8s | goals 1.55 | fall 100% | kl 0.0082 lr 1.7e-4 std 0.51 | L2
it   792 | 8.11M steps | 4842 sps | R 16.77 | ep 6.4s | goals 1.71 | fall 100% | kl 0.0154 lr 3.4e-5 std 0.51 | L2
it   793 | 8.12M steps | 4507 sps | R 17.97 | ep 6.7s | goals 1.79 | fall 100% | kl 0.0135 lr 1.5e-5 std 0.51 | L2
it   794 | 8.13M steps | 4202 sps | R 19.36 | ep 7.1s | goals 1.87 | fall 100% | kl 0.0099 lr 1.1e-4 std 0.51 | L2
it   795 | 8.14M steps | 4210 sps | R 19.36 | ep 7.1s | goals 1.87 | fall 100% | kl 0.0152 lr 3.4e-5 std 0.51 | L2
it   796 | 8.15M steps | 3630 sps | R 18.87 | ep 6.9s | goals 1.84 | fall 100% | kl 0.0150 lr 1.0e-5 std 0.51 | L2
it   797 | 8.16M steps | 4539 sps | R 21.65 | ep 7.8s | goals 2.00 | fall 100% | kl 0.0106 lr 2.3e-5 std 0.51 | L2
it   798 | 8.17M steps | 4258 sps | R 24.17 | ep 8.5s | goals 2.16 | fall 100% | kl 0.0112 lr 5.1e-5 std 0.51 | L2
it   799 | 8.18M steps | 3854 sps | R 25.92 | ep 9.0s | goals 2.25 | fall 100% | kl 0.0122 lr 1.1e-4 std 0.51 | L2
it   800 | 8.19M steps | 4305 sps | R 27.12 | ep 9.4s | goals 2.32 | fall 100% | kl 0.0155 lr 5.1e-5 std 0.51 | L2
it   801 | 8.20M steps | 3912 sps | R 30.16 | ep 10.1s | goals 2.51 | fall 100% | kl 0.0123 lr 1.7e-4 std 0.51 | L2
it   802 | 8.21M steps | 4362 sps | R 32.10 | ep 10.5s | goals 2.63 | fall 100% | kl 0.0184 lr 2.3e-5 std 0.51 | L2
it   803 | 8.22M steps | 3996 sps | R 34.11 | ep 11.1s | goals 2.74 | fall 100% | kl 0.0139 lr 1.0e-5 std 0.51 | L2
it   804 | 8.23M steps | 4333 sps | R 33.73 | ep 11.1s | goals 2.71 | fall 100% | kl 0.0102 lr 2.3e-5 std 0.51 | L2
  ▲ curriculum level 3: {"terrainLevel":1,"goalDistance":[1,3],"goalAngle":1.8,"randomization":0.3}
it   805 | 8.24M steps | 4088 sps | R 69.65 | ep 17.9s | goals 4.39 | fall 25% | kl 0.0126 lr 1.5e-5 std 0.51 | L3
it   806 | 8.25M steps | 4739 sps | R -7.05 | ep 1.8s | goals 0.00 | fall 100% | kl 0.0118 lr 2.3e-5 std 0.51 | L3
it   807 | 8.26M steps | 4758 sps | R 7.52 | ep 5.6s | goals 1.00 | fall 100% | kl 0.0127 lr 3.4e-5 std 0.51 | L3
it   808 | 8.27M steps | 4031 sps | R 0.13 | ep 3.6s | goals 0.53 | fall 100% | kl 0.0104 lr 1.7e-4 std 0.51 | L3
it   809 | 8.28M steps | 4765 sps | R -0.60 | ep 3.3s | goals 0.52 | fall 100% | kl 0.0187 lr 1.0e-5 std 0.51 | L3
it   810 | 8.29M steps | 4302 sps | R 0.99 | ep 3.5s | goals 0.67 | fall 100% | kl 0.0102 lr 3.4e-5 std 0.51 | L3
it   811 | 8.30M steps | 4257 sps | R 4.90 | ep 4.3s | goals 0.89 | fall 96% | kl 0.0122 lr 5.1e-5 std 0.51 | L3
it   812 | 8.31M steps | 4530 sps | R 12.52 | ep 5.8s | goals 1.31 | fall 87% | kl 0.0120 lr 2.6e-4 std 0.51 | L3
it   813 | 8.33M steps | 4376 sps | R 13.06 | ep 6.0s | goals 1.35 | fall 87% | kl 0.0151 lr 1.7e-4 std 0.51 | L3
it   814 | 8.34M steps | 4379 sps | R 16.13 | ep 6.7s | goals 1.52 | fall 85% | kl 0.0168 lr 3.4e-5 std 0.51 | L3
it   815 | 8.35M steps | 4155 sps | R 17.04 | ep 6.9s | goals 1.56 | fall 84% | kl 0.0138 lr 1.5e-5 std 0.51 | L3
it   816 | 8.36M steps | 3541 sps | R 18.16 | ep 7.2s | goals 1.62 | fall 82% | kl 0.0108 lr 5.1e-5 std 0.51 | L3
it   817 | 8.37M steps | 4272 sps | R 20.56 | ep 7.7s | goals 1.76 | fall 80% | kl 0.0119 lr 2.6e-4 std 0.51 | L3
it   818 | 8.38M steps | 4277 sps | R 22.21 | ep 8.1s | goals 1.85 | fall 79% | kl 0.0181 lr 2.3e-5 std 0.51 | L3
it   819 | 8.39M steps | 4645 sps | R 22.71 | ep 8.3s | goals 1.87 | fall 79% | kl 0.0122 lr 2.3e-5 std 0.51 | L3
it   820 | 8.40M steps | 4221 sps | R 22.52 | ep 8.2s | goals 1.86 | fall 80% | kl 0.0112 lr 7.6e-5 std 0.51 | L3
it   821 | 8.41M steps | 4460 sps | R 23.23 | ep 8.4s | goals 1.91 | fall 80% | kl 0.0131 lr 7.6e-5 std 0.51 | L3
it   822 | 8.42M steps | 4158 sps | R 24.31 | ep 8.7s | goals 1.97 | fall 79% | kl 0.0179 lr 1.0e-5 std 0.51 | L3
it   823 | 8.43M steps | 4493 sps | R 25.94 | ep 9.2s | goals 2.06 | fall 79% | kl 0.0088 lr 1.7e-4 std 0.51 | L3
it   824 | 8.44M steps | 4506 sps | R 27.62 | ep 9.5s | goals 2.15 | fall 78% | kl 0.0164 lr 3.4e-5 std 0.51 | L3
it   825 | 8.45M steps | 4433 sps | R 29.58 | ep 9.9s | goals 2.25 | fall 75% | kl 0.0138 lr 2.3e-5 std 0.51 | L3
it   826 | 8.46M steps | 4302 sps | R 32.06 | ep 10.4s | goals 2.38 | fall 72% | kl 0.0106 lr 1.7e-4 std 0.51 | L3
it   827 | 8.47M steps | 4555 sps | R 32.98 | ep 10.7s | goals 2.43 | fall 72% | kl 0.0165 lr 5.1e-5 std 0.51 | L3
it   828 | 8.48M steps | 4376 sps | R 34.56 | ep 11.0s | goals 2.51 | fall 70% | kl 0.0125 lr 2.6e-4 std 0.51 | L3
it   829 | 8.49M steps | 4260 sps | R 34.66 | ep 11.1s | goals 2.51 | fall 70% | kl 0.0235 lr 1.0e-5 std 0.51 | L3
it   830 | 8.50M steps | 5081 sps | R 57.30 | ep 15.5s | goals 3.66 | fall 36% | kl 0.0091 lr 3.4e-5 std 0.51 | L3
it   831 | 8.51M steps | 3706 sps | R 57.05 | ep 15.5s | goals 3.65 | fall 36% | kl 0.0118 lr 2.6e-4 std 0.51 | L3
it   832 | 8.52M steps | 3365 sps | R 56.91 | ep 15.5s | goals 3.64 | fall 37% | kl 0.0180 lr 1.5e-5 std 0.51 | L3
it   833 | 8.53M steps | 3002 sps | R 55.92 | ep 15.3s | goals 3.58 | fall 38% | kl 0.0118 lr 1.5e-5 std 0.51 | L3
it   834 | 8.54M steps | 4520 sps | R 54.63 | ep 15.0s | goals 3.52 | fall 39% | kl 0.0098 lr 7.6e-5 std 0.51 | L3
  ▲ curriculum level 4: {"terrainLevel":2,"goalDistance":[1,3.5],"goalAngle":3.141592653589793,"randomization":0.4}
it   835 | 8.55M steps | 4397 sps | R 53.85 | ep 14.8s | goals 3.48 | fall 40% | kl 0.0157 lr 1.5e-5 std 0.51 | L4
it   836 | 8.56M steps | 4321 sps | R 45.45 | ep 13.4s | goals 2.86 | fall 43% | kl 0.0109 lr 3.4e-5 std 0.51 | L4
it   837 | 8.57M steps | 4743 sps | R 47.65 | ep 14.3s | goals 3.00 | fall 39% | kl 0.0146 lr 1.0e-5 std 0.51 | L4
it   838 | 8.58M steps | 4291 sps | R 41.43 | ep 12.5s | goals 2.74 | fall 53% | kl 0.0105 lr 3.4e-5 std 0.51 | L4
it   839 | 8.59M steps | 3923 sps | R 43.74 | ep 12.8s | goals 2.91 | fall 52% | kl 0.0111 lr 1.7e-4 std 0.51 | L4
it   840 | 8.60M steps | 3985 sps | R 38.95 | ep 11.8s | goals 2.71 | fall 60% | kl 0.0182 lr 1.0e-5 std 0.51 | L4
it   841 | 8.61M steps | 3986 sps | R 32.25 | ep 10.5s | goals 2.33 | fall 68% | kl 0.0108 lr 2.3e-5 std 0.51 | L4
it   842 | 8.62M steps | 4264 sps | R 30.99 | ep 10.3s | goals 2.27 | fall 70% | kl 0.0116 lr 2.3e-5 std 0.51 | L4
it   843 | 8.63M steps | 4489 sps | R 31.76 | ep 10.5s | goals 2.30 | fall 69% | kl 0.0150 lr 1.0e-5 std 0.51 | L4
it   844 | 8.64M steps | 4096 sps | R 31.22 | ep 10.4s | goals 2.28 | fall 70% | kl 0.0084 lr 1.1e-4 std 0.51 | L4
it   845 | 8.65M steps | 4649 sps | R 30.50 | ep 10.3s | goals 2.25 | fall 72% | kl 0.0148 lr 7.6e-5 std 0.51 | L4
it   846 | 8.66M steps | 4454 sps | R 29.68 | ep 10.2s | goals 2.20 | fall 73% | kl 0.0153 lr 1.5e-5 std 0.51 | L4
it   847 | 8.67M steps | 4086 sps | R 29.61 | ep 10.2s | goals 2.19 | fall 73% | kl 0.0121 lr 1.5e-5 std 0.51 | L4
it   848 | 8.68M steps | 4258 sps | R 29.70 | ep 10.3s | goals 2.20 | fall 73% | kl 0.0119 lr 1.5e-5 std 0.51 | L4
it   849 | 8.69M steps | 4871 sps | R 29.74 | ep 10.3s | goals 2.19 | fall 73% | kl 0.0123 lr 1.5e-5 std 0.51 | L4
it   850 | 8.70M steps | 6032 sps | R 29.45 | ep 10.3s | goals 2.18 | fall 74% | kl 0.0097 lr 1.7e-4 std 0.51 | L4
it   851 | 8.71M steps | 6860 sps | R 29.71 | ep 10.4s | goals 2.19 | fall 73% | kl 0.0154 lr 5.1e-5 std 0.51 | L4
it   852 | 8.72M steps | 7067 sps | R 29.61 | ep 10.4s | goals 2.19 | fall 74% | kl 0.0134 lr 5.1e-5 std 0.51 | L4
it   853 | 8.73M steps | 6272 sps | R 30.32 | ep 10.7s | goals 2.22 | fall 74% | kl 0.0118 lr 2.6e-4 std 0.51 | L4
it   854 | 8.74M steps | 6542 sps | R 30.12 | ep 10.7s | goals 2.22 | fall 74% | kl 0.0164 lr 7.6e-5 std 0.51 | L4
it   855 | 8.76M steps | 5973 sps | R 38.60 | ep 12.8s | goals 2.60 | fall 58% | kl 0.0159 lr 1.0e-5 std 0.51 | L4
it   856 | 8.77M steps | 5633 sps | R 37.68 | ep 12.6s | goals 2.55 | fall 59% | kl 0.0096 lr 1.1e-4 std 0.51 | L4
it   857 | 8.78M steps | 5392 sps | R 37.19 | ep 12.5s | goals 2.53 | fall 60% | kl 0.0135 lr 1.1e-4 std 0.51 | L4
it   858 | 8.79M steps | 5416 sps | R 36.93 | ep 12.4s | goals 2.51 | fall 60% | kl 0.0136 lr 1.1e-4 std 0.51 | L4
it   859 | 8.80M steps | 5698 sps | R 36.76 | ep 12.4s | goals 2.50 | fall 60% | kl 0.0147 lr 5.1e-5 std 0.51 | L4
it   860 | 8.81M steps | 5744 sps | R 36.55 | ep 12.4s | goals 2.48 | fall 60% | kl 0.0126 lr 1.1e-4 std 0.51 | L4
it   861 | 8.82M steps | 5776 sps | R 35.73 | ep 12.2s | goals 2.44 | fall 61% | kl 0.0144 lr 1.1e-4 std 0.51 | L4
it   862 | 8.83M steps | 5469 sps | R 35.01 | ep 12.0s | goals 2.40 | fall 61% | kl 0.0144 lr 7.6e-5 std 0.51 | L4
it   863 | 8.84M steps | 5660 sps | R 34.71 | ep 12.0s | goals 2.38 | fall 62% | kl 0.0136 lr 5.1e-5 std 0.51 | L4
it   864 | 8.85M steps | 5591 sps | R 34.43 | ep 12.0s | goals 2.37 | fall 62% | kl 0.0135 lr 5.1e-5 std 0.51 | L4
it   865 | 8.86M steps | 5205 sps | R 34.48 | ep 12.0s | goals 2.37 | fall 62% | kl 0.0145 lr 2.3e-5 std 0.51 | L4
it   866 | 8.87M steps | 3635 sps | R 34.58 | ep 12.1s | goals 2.38 | fall 62% | kl 0.0115 lr 7.6e-5 std 0.51 | L4
it   867 | 8.88M steps | 4573 sps | R 34.55 | ep 12.1s | goals 2.37 | fall 62% | kl 0.0129 lr 1.7e-4 std 0.51 | L4
it   868 | 8.89M steps | 4217 sps | R 34.17 | ep 12.1s | goals 2.35 | fall 62% | kl 0.0173 lr 2.3e-5 std 0.51 | L4
it   869 | 8.90M steps | 4282 sps | R 33.95 | ep 12.1s | goals 2.33 | fall 62% | kl 0.0097 lr 1.7e-4 std 0.51 | L4
it   870 | 8.91M steps | 4232 sps | R 33.67 | ep 12.1s | goals 2.31 | fall 63% | kl 0.0157 lr 5.1e-5 std 0.51 | L4
it   871 | 8.92M steps | 4356 sps | R 33.91 | ep 12.2s | goals 2.32 | fall 62% | kl 0.0126 lr 2.6e-4 std 0.51 | L4
it   872 | 8.93M steps | 4772 sps | R 34.48 | ep 12.3s | goals 2.35 | fall 61% | kl 0.0153 lr 1.1e-4 std 0.51 | L4
it   873 | 8.94M steps | 4155 sps | R 35.01 | ep 12.5s | goals 2.37 | fall 60% | kl 0.0140 lr 7.6e-5 std 0.51 | L4
it   874 | 8.95M steps | 4335 sps | R 35.20 | ep 12.6s | goals 2.38 | fall 60% | kl 0.0159 lr 1.0e-5 std 0.51 | L4
it   875 | 8.96M steps | 4104 sps | R 35.24 | ep 12.7s | goals 2.37 | fall 60% | kl 0.0094 lr 3.4e-5 std 0.50 | L4
it   876 | 8.97M steps | 4637 sps | R 35.53 | ep 12.8s | goals 2.38 | fall 59% | kl 0.0120 lr 5.1e-5 std 0.50 | L4
it   877 | 8.98M steps | 4207 sps | R 35.91 | ep 12.9s | goals 2.40 | fall 58% | kl 0.0138 lr 1.5e-5 std 0.50 | L4
it   878 | 8.99M steps | 4643 sps | R 36.38 | ep 13.0s | goals 2.42 | fall 58% | kl 0.0112 lr 2.3e-5 std 0.50 | L4
