training walk-v1: 20 workers × 16 envs, 10240 samples/iter, obs 61, act 15
it     1 | 0.01M steps | 6687 sps | R 0.00 | ep 0.0s | goals 0.00 | fall 0% | kl 0.0112 lr 6.8e-4 std 0.50 | L0
it     2 | 0.02M steps | 6448 sps | R -8.68 | ep 1.4s | goals 0.01 | fall 100% | kl 0.0165 lr 2.0e-4 std 0.50 | L0
it     3 | 0.03M steps | 4921 sps | R -8.25 | ep 1.6s | goals 0.01 | fall 100% | kl 0.0165 lr 2.6e-5 std 0.50 | L0
it     4 | 0.04M steps | 5407 sps | R -8.30 | ep 1.6s | goals 0.01 | fall 100% | kl 0.0097 lr 8.9e-5 std 0.50 | L0
it     5 | 0.05M steps | 5334 sps | R -8.17 | ep 1.7s | goals 0.01 | fall 100% | kl 0.0128 lr 4.0e-5 std 0.50 | L0
it     6 | 0.06M steps | 5411 sps | R -8.00 | ep 1.7s | goals 0.01 | fall 100% | kl 0.0131 lr 5.9e-5 std 0.50 | L0
it     7 | 0.07M steps | 5445 sps | R -7.95 | ep 1.8s | goals 0.01 | fall 100% | kl 0.0148 lr 2.6e-5 std 0.50 | L0
it     8 | 0.08M steps | 5452 sps | R -7.81 | ep 1.8s | goals 0.01 | fall 100% | kl 0.0099 lr 8.9e-5 std 0.50 | L0
it     9 | 0.09M steps | 5738 sps | R -7.62 | ep 1.8s | goals 0.01 | fall 100% | kl 0.0130 lr 1.3e-4 std 0.49 | L0
it    10 | 0.10M steps | 4815 sps | R -7.50 | ep 1.8s | goals 0.02 | fall 100% | kl 0.0139 lr 5.9e-5 std 0.49 | L0
it    11 | 0.11M steps | 4133 sps | R -7.29 | ep 1.9s | goals 0.03 | fall 100% | kl 0.0140 lr 2.6e-5 std 0.49 | L0
it    12 | 0.12M steps | 4810 sps | R -7.07 | ep 1.9s | goals 0.04 | fall 100% | kl 0.0122 lr 5.9e-5 std 0.49 | L0
it    13 | 0.13M steps | 4892 sps | R -6.92 | ep 1.9s | goals 0.05 | fall 100% | kl 0.0135 lr 2.6e-5 std 0.49 | L0
it    14 | 0.14M steps | 4317 sps | R -6.86 | ep 1.9s | goals 0.04 | fall 100% | kl 0.0106 lr 4.0e-5 std 0.49 | L0
it    15 | 0.15M steps | 4559 sps | R -6.78 | ep 1.9s | goals 0.05 | fall 100% | kl 0.0124 lr 4.0e-5 std 0.49 | L0
it    16 | 0.16M steps | 4208 sps | R -6.81 | ep 1.9s | goals 0.05 | fall 100% | kl 0.0122 lr 4.0e-5 std 0.49 | L0
it    17 | 0.17M steps | 4724 sps | R -6.80 | ep 1.9s | goals 0.05 | fall 100% | kl 0.0124 lr 4.0e-5 std 0.49 | L0
it    18 | 0.18M steps | 4503 sps | R -6.81 | ep 1.9s | goals 0.05 | fall 100% | kl 0.0123 lr 4.0e-5 std 0.49 | L0
it    19 | 0.19M steps | 3456 sps | R -6.81 | ep 2.0s | goals 0.05 | fall 100% | kl 0.0139 lr 4.0e-5 std 0.49 | L0
it    20 | 0.20M steps | 4038 sps | R -6.85 | ep 2.0s | goals 0.04 | fall 100% | kl 0.0108 lr 5.9e-5 std 0.49 | L0
it    21 | 0.22M steps | 4649 sps | R -6.67 | ep 2.0s | goals 0.05 | fall 100% | kl 0.0134 lr 2.6e-5 std 0.49 | L0
it    22 | 0.23M steps | 5551 sps | R -6.60 | ep 2.1s | goals 0.05 | fall 100% | kl 0.0116 lr 5.9e-5 std 0.49 | L0
it    23 | 0.24M steps | 5776 sps | R -6.51 | ep 2.1s | goals 0.06 | fall 100% | kl 0.0137 lr 2.6e-5 std 0.49 | L0
it    24 | 0.25M steps | 5183 sps | R -6.47 | ep 2.1s | goals 0.06 | fall 100% | kl 0.0111 lr 5.9e-5 std 0.49 | L0
it    25 | 0.26M steps | 4384 sps | R -6.34 | ep 2.2s | goals 0.07 | fall 100% | kl 0.0128 lr 4.0e-5 std 0.49 | L0
it    26 | 0.27M steps | 4604 sps | R -6.37 | ep 2.2s | goals 0.06 | fall 100% | kl 0.0109 lr 5.9e-5 std 0.49 | L0
it    27 | 0.28M steps | 5136 sps | R -6.15 | ep 2.3s | goals 0.07 | fall 100% | kl 0.0140 lr 2.6e-5 std 0.49 | L0
it    28 | 0.29M steps | 4941 sps | R -6.08 | ep 2.3s | goals 0.07 | fall 100% | kl 0.0094 lr 1.3e-4 std 0.48 | L0
it    29 | 0.30M steps | 5077 sps | R -5.95 | ep 2.3s | goals 0.07 | fall 100% | kl 0.0186 lr 2.6e-5 std 0.48 | L0
it    30 | 0.31M steps | 6672 sps | R -5.85 | ep 2.4s | goals 0.08 | fall 100% | kl 0.0108 lr 5.9e-5 std 0.48 | L0
it    31 | 0.32M steps | 6365 sps | R -5.75 | ep 2.4s | goals 0.08 | fall 100% | kl 0.0135 lr 4.0e-5 std 0.48 | L0
it    32 | 0.33M steps | 7192 sps | R -5.56 | ep 2.4s | goals 0.09 | fall 100% | kl 0.0143 lr 4.0e-5 std 0.48 | L0
it    33 | 0.34M steps | 6181 sps | R -5.44 | ep 2.5s | goals 0.10 | fall 100% | kl 0.0143 lr 4.0e-5 std 0.48 | L0
it    34 | 0.35M steps | 6933 sps | R -5.43 | ep 2.5s | goals 0.09 | fall 100% | kl 0.0130 lr 5.9e-5 std 0.48 | L0
it    35 | 0.36M steps | 6582 sps | R -5.22 | ep 2.6s | goals 0.10 | fall 100% | kl 0.0162 lr 2.6e-5 std 0.48 | L0
it    36 | 0.37M steps | 6731 sps | R -5.24 | ep 2.7s | goals 0.09 | fall 100% | kl 0.0110 lr 5.9e-5 std 0.48 | L0
it    37 | 0.38M steps | 6399 sps | R -5.21 | ep 2.8s | goals 0.09 | fall 100% | kl 0.0149 lr 2.6e-5 std 0.48 | L0
it    38 | 0.39M steps | 6021 sps | R -5.14 | ep 2.9s | goals 0.08 | fall 100% | kl 0.0105 lr 5.9e-5 std 0.48 | L0
it    39 | 0.40M steps | 6532 sps | R -5.07 | ep 2.9s | goals 0.08 | fall 100% | kl 0.0150 lr 2.6e-5 std 0.48 | L0
it    40 | 0.41M steps | 6398 sps | R -4.92 | ep 3.0s | goals 0.09 | fall 100% | kl 0.0107 lr 5.9e-5 std 0.48 | L0
it    41 | 0.42M steps | 5212 sps | R -4.89 | ep 3.1s | goals 0.08 | fall 100% | kl 0.0158 lr 2.6e-5 std 0.48 | L0
it    42 | 0.43M steps | 6512 sps | R -4.76 | ep 3.2s | goals 0.08 | fall 100% | kl 0.0105 lr 4.0e-5 std 0.48 | L0
it    43 | 0.44M steps | 4710 sps | R -4.64 | ep 3.2s | goals 0.09 | fall 100% | kl 0.0139 lr 2.6e-5 std 0.48 | L0
it    44 | 0.45M steps | 5309 sps | R -4.35 | ep 3.3s | goals 0.10 | fall 100% | kl 0.0106 lr 4.0e-5 std 0.48 | L0
it    45 | 0.46M steps | 5980 sps | R -4.14 | ep 3.4s | goals 0.10 | fall 100% | kl 0.0121 lr 2.6e-5 std 0.48 | L0
it    46 | 0.47M steps | 5272 sps | R -3.91 | ep 3.5s | goals 0.11 | fall 100% | kl 0.0124 lr 4.0e-5 std 0.48 | L0
it    47 | 0.48M steps | 6205 sps | R -3.65 | ep 3.5s | goals 0.13 | fall 100% | kl 0.0115 lr 5.9e-5 std 0.48 | L0
it    48 | 0.49M steps | 5134 sps | R -3.37 | ep 3.6s | goals 0.14 | fall 100% | kl 0.0148 lr 2.6e-5 std 0.48 | L0
it    49 | 0.50M steps | 5535 sps | R -3.15 | ep 3.7s | goals 0.15 | fall 100% | kl 0.0105 lr 4.0e-5 std 0.48 | L0
it    50 | 0.51M steps | 5351 sps | R -3.10 | ep 3.7s | goals 0.15 | fall 100% | kl 0.0115 lr 4.0e-5 std 0.48 | L0
it    51 | 0.52M steps | 5344 sps | R -2.99 | ep 3.8s | goals 0.15 | fall 100% | kl 0.0115 lr 2.6e-5 std 0.48 | L0
it    52 | 0.53M steps | 5166 sps | R -2.75 | ep 3.9s | goals 0.16 | fall 100% | kl 0.0135 lr 2.6e-5 std 0.48 | L0
it    53 | 0.54M steps | 5270 sps | R -2.42 | ep 4.1s | goals 0.17 | fall 100% | kl 0.0110 lr 5.9e-5 std 0.48 | L0
it    54 | 0.55M steps | 5634 sps | R -2.14 | ep 4.2s | goals 0.18 | fall 100% | kl 0.0145 lr 4.0e-5 std 0.48 | L0
it    55 | 0.56M steps | 5542 sps | R -1.86 | ep 4.3s | goals 0.19 | fall 100% | kl 0.0128 lr 2.6e-5 std 0.48 | L0
it    56 | 0.57M steps | 5239 sps | R -1.77 | ep 4.4s | goals 0.18 | fall 100% | kl 0.0101 lr 8.9e-5 std 0.48 | L0
it    57 | 0.58M steps | 5943 sps | R -1.62 | ep 4.6s | goals 0.18 | fall 100% | kl 0.0160 lr 1.8e-5 std 0.48 | L0
it    58 | 0.59M steps | 5759 sps | R -1.50 | ep 4.6s | goals 0.20 | fall 100% | kl 0.0107 lr 5.9e-5 std 0.48 | L0
it    59 | 0.60M steps | 6061 sps | R -1.26 | ep 4.7s | goals 0.20 | fall 100% | kl 0.0120 lr 5.9e-5 std 0.48 | L0
it    60 | 0.61M steps | 5556 sps | R -1.15 | ep 4.7s | goals 0.21 | fall 100% | kl 0.0117 lr 4.0e-5 std 0.48 | L0
it    61 | 0.62M steps | 5024 sps | R -0.93 | ep 4.9s | goals 0.21 | fall 100% | kl 0.0121 lr 4.0e-5 std 0.48 | L0
it    62 | 0.63M steps | 6184 sps | R -0.57 | ep 5.1s | goals 0.21 | fall 100% | kl 0.0147 lr 4.0e-5 std 0.48 | L0
it    63 | 0.65M steps | 5694 sps | R -0.33 | ep 5.2s | goals 0.22 | fall 100% | kl 0.0122 lr 2.6e-5 std 0.48 | L0
it    64 | 0.66M steps | 5562 sps | R -0.11 | ep 5.4s | goals 0.22 | fall 100% | kl 0.0106 lr 1.3e-4 std 0.48 | L0
it    65 | 0.67M steps | 5783 sps | R 0.27 | ep 5.5s | goals 0.23 | fall 100% | kl 0.0180 lr 1.2e-5 std 0.48 | L0
it    66 | 0.68M steps | 5713 sps | R 0.60 | ep 5.7s | goals 0.24 | fall 99% | kl 0.0095 lr 5.9e-5 std 0.48 | L0
it    67 | 0.69M steps | 7310 sps | R 1.02 | ep 5.9s | goals 0.25 | fall 99% | kl 0.0135 lr 2.6e-5 std 0.48 | L0
it    68 | 0.70M steps | 8770 sps | R 1.45 | ep 6.1s | goals 0.26 | fall 99% | kl 0.0108 lr 5.9e-5 std 0.48 | L0
it    69 | 0.71M steps | 6891 sps | R 1.89 | ep 6.3s | goals 0.27 | fall 99% | kl 0.0133 lr 5.9e-5 std 0.48 | L0
it    70 | 0.72M steps | 8953 sps | R 2.37 | ep 6.6s | goals 0.28 | fall 99% | kl 0.0160 lr 1.2e-5 std 0.48 | L0
it    71 | 0.73M steps | 6737 sps | R 3.07 | ep 6.9s | goals 0.30 | fall 98% | kl 0.0089 lr 5.9e-5 std 0.48 | L0
it    72 | 0.74M steps | 7986 sps | R 3.49 | ep 7.1s | goals 0.31 | fall 98% | kl 0.0135 lr 4.0e-5 std 0.48 | L0
it    73 | 0.75M steps | 6304 sps | R 4.41 | ep 7.4s | goals 0.33 | fall 97% | kl 0.0116 lr 5.9e-5 std 0.48 | L0
it    74 | 0.76M steps | 7072 sps | R 5.04 | ep 7.7s | goals 0.34 | fall 96% | kl 0.0136 lr 2.6e-5 std 0.48 | L0
it    75 | 0.77M steps | 6974 sps | R 5.42 | ep 7.9s | goals 0.36 | fall 96% | kl 0.0109 lr 5.9e-5 std 0.48 | L0
it    76 | 0.78M steps | 8112 sps | R 6.20 | ep 8.2s | goals 0.39 | fall 95% | kl 0.0129 lr 5.9e-5 std 0.48 | L0
it    77 | 0.79M steps | 6368 sps | R 6.87 | ep 8.4s | goals 0.40 | fall 93% | kl 0.0111 lr 3.0e-4 std 0.48 | L0
it    78 | 0.80M steps | 6586 sps | R 7.34 | ep 8.6s | goals 0.41 | fall 93% | kl 0.0176 lr 1.2e-5 std 0.48 | L0
it    79 | 0.81M steps | 5495 sps | R 7.79 | ep 8.8s | goals 0.42 | fall 92% | kl 0.0089 lr 5.9e-5 std 0.48 | L0
it    80 | 0.82M steps | 8533 sps | R 8.28 | ep 9.0s | goals 0.43 | fall 91% | kl 0.0128 lr 2.6e-5 std 0.48 | L0
it    81 | 0.83M steps | 6640 sps | R 8.83 | ep 9.3s | goals 0.45 | fall 90% | kl 0.0115 lr 2.6e-5 std 0.48 | L0
it    82 | 0.84M steps | 8477 sps | R 9.24 | ep 9.4s | goals 0.46 | fall 89% | kl 0.0122 lr 5.9e-5 std 0.48 | L0
it    83 | 0.85M steps | 8214 sps | R 9.39 | ep 9.5s | goals 0.46 | fall 89% | kl 0.0153 lr 1.8e-5 std 0.48 | L0
it    84 | 0.86M steps | 7414 sps | R 10.25 | ep 9.8s | goals 0.49 | fall 88% | kl 0.0091 lr 8.9e-5 std 0.48 | L0
it    85 | 0.87M steps | 7788 sps | R 11.09 | ep 10.1s | goals 0.51 | fall 86% | kl 0.0147 lr 2.6e-5 std 0.48 | L0
it    86 | 0.88M steps | 8260 sps | R 11.80 | ep 10.4s | goals 0.53 | fall 85% | kl 0.0121 lr 4.0e-5 std 0.48 | L0
it    87 | 0.89M steps | 7761 sps | R 12.34 | ep 10.5s | goals 0.55 | fall 84% | kl 0.0129 lr 2.6e-5 std 0.48 | L0
it    88 | 0.90M steps | 7779 sps | R 12.93 | ep 10.8s | goals 0.57 | fall 84% | kl 0.0099 lr 1.3e-4 std 0.48 | L0
it    89 | 0.91M steps | 7519 sps | R 13.29 | ep 10.9s | goals 0.58 | fall 83% | kl 0.0143 lr 2.0e-4 std 0.48 | L0
it    90 | 0.92M steps | 6669 sps | R 14.43 | ep 11.3s | goals 0.62 | fall 81% | kl 0.0170 lr 1.2e-5 std 0.48 | L0
it    91 | 0.93M steps | 7004 sps | R 15.12 | ep 11.5s | goals 0.65 | fall 80% | kl 0.0086 lr 8.9e-5 std 0.48 | L0
it    92 | 0.94M steps | 7238 sps | R 16.07 | ep 11.8s | goals 0.68 | fall 79% | kl 0.0150 lr 1.2e-5 std 0.48 | L0
it    93 | 0.95M steps | 6908 sps | R 16.53 | ep 11.9s | goals 0.71 | fall 78% | kl 0.0081 lr 8.9e-5 std 0.48 | L0
it    94 | 0.96M steps | 7008 sps | R 17.34 | ep 12.1s | goals 0.74 | fall 76% | kl 0.0128 lr 2.0e-4 std 0.48 | L0
it    95 | 0.97M steps | 7173 sps | R 18.24 | ep 12.4s | goals 0.78 | fall 75% | kl 0.0174 lr 1.0e-5 std 0.48 | L0
it    96 | 0.98M steps | 6512 sps | R 19.29 | ep 12.7s | goals 0.82 | fall 73% | kl 0.0069 lr 2.6e-4 std 0.48 | L0
it    97 | 0.99M steps | 8766 sps | R 19.67 | ep 12.8s | goals 0.83 | fall 72% | kl 0.0236 lr 1.0e-5 std 0.48 | L0
it    98 | 1.00M steps | 7703 sps | R 21.24 | ep 13.3s | goals 0.88 | fall 68% | kl 0.0084 lr 7.6e-5 std 0.48 | L0
it    99 | 1.01M steps | 7021 sps | R 21.88 | ep 13.5s | goals 0.91 | fall 67% | kl 0.0176 lr 1.5e-5 std 0.48 | L0
it   100 | 1.02M steps | 6787 sps | R 22.59 | ep 13.7s | goals 0.94 | fall 66% | kl 0.0095 lr 5.1e-5 std 0.48 | L0
it   101 | 1.03M steps | 7012 sps | R 23.83 | ep 14.0s | goals 1.00 | fall 63% | kl 0.0131 lr 1.5e-5 std 0.48 | L0
it   102 | 1.04M steps | 7213 sps | R 24.62 | ep 14.1s | goals 1.04 | fall 62% | kl 0.0108 lr 5.1e-5 std 0.48 | L0
it   103 | 1.05M steps | 8670 sps | R 25.10 | ep 14.3s | goals 1.06 | fall 61% | kl 0.0123 lr 1.1e-4 std 0.48 | L0
it   104 | 1.06M steps | 6260 sps | R 25.77 | ep 14.4s | goals 1.10 | fall 60% | kl 0.0144 lr 1.1e-4 std 0.48 | L0
it   105 | 1.08M steps | 4456 sps | R 26.20 | ep 14.5s | goals 1.12 | fall 59% | kl 0.0141 lr 5.1e-5 std 0.48 | L0
it   106 | 1.09M steps | 5027 sps | R 27.22 | ep 14.7s | goals 1.17 | fall 57% | kl 0.0121 lr 1.1e-4 std 0.48 | L0
it   107 | 1.10M steps | 5287 sps | R 27.49 | ep 14.7s | goals 1.20 | fall 56% | kl 0.0136 lr 1.1e-4 std 0.48 | L0
it   108 | 1.11M steps | 5284 sps | R 27.76 | ep 14.7s | goals 1.22 | fall 56% | kl 0.0151 lr 1.5e-5 std 0.48 | L0
it   109 | 1.12M steps | 4591 sps | R 28.74 | ep 14.8s | goals 1.29 | fall 55% | kl 0.0097 lr 7.6e-5 std 0.48 | L0
it   110 | 1.13M steps | 5569 sps | R 29.48 | ep 15.0s | goals 1.34 | fall 54% | kl 0.0134 lr 2.3e-5 std 0.48 | L0
it   111 | 1.14M steps | 4811 sps | R 29.98 | ep 15.0s | goals 1.39 | fall 54% | kl 0.0111 lr 2.6e-4 std 0.48 | L0
it   112 | 1.15M steps | 5712 sps | R 30.54 | ep 15.1s | goals 1.43 | fall 53% | kl 0.0150 lr 2.6e-4 std 0.48 | L0
it   113 | 1.16M steps | 5058 sps | R 31.32 | ep 15.2s | goals 1.49 | fall 52% | kl 0.0204 lr 1.0e-5 std 0.48 | L0
it   114 | 1.17M steps | 5551 sps | R 31.59 | ep 15.1s | goals 1.53 | fall 53% | kl 0.0094 lr 5.1e-5 std 0.48 | L0
it   115 | 1.18M steps | 4617 sps | R 32.13 | ep 15.2s | goals 1.56 | fall 52% | kl 0.0126 lr 2.6e-4 std 0.48 | L0
it   116 | 1.19M steps | 4860 sps | R 32.75 | ep 15.3s | goals 1.61 | fall 52% | kl 0.0195 lr 1.0e-5 std 0.48 | L0
it   117 | 1.20M steps | 5079 sps | R 33.59 | ep 15.4s | goals 1.68 | fall 51% | kl 0.0079 lr 2.6e-4 std 0.48 | L0
it   118 | 1.21M steps | 5743 sps | R 34.08 | ep 15.4s | goals 1.72 | fall 51% | kl 0.0162 lr 5.1e-5 std 0.48 | L0
it   119 | 1.22M steps | 4593 sps | R 34.40 | ep 15.4s | goals 1.76 | fall 51% | kl 0.0133 lr 3.4e-5 std 0.48 | L0
it   120 | 1.23M steps | 5143 sps | R 34.97 | ep 15.4s | goals 1.82 | fall 51% | kl 0.0124 lr 3.4e-5 std 0.48 | L0
it   121 | 1.24M steps | 4683 sps | R 35.27 | ep 15.4s | goals 1.85 | fall 51% | kl 0.0137 lr 1.5e-5 std 0.48 | L0
it   122 | 1.25M steps | 5100 sps | R 35.82 | ep 15.5s | goals 1.90 | fall 50% | kl 0.0096 lr 1.1e-4 std 0.48 | L0
it   123 | 1.26M steps | 5090 sps | R 36.09 | ep 15.5s | goals 1.92 | fall 50% | kl 0.0130 lr 1.7e-4 std 0.48 | L0
it   124 | 1.27M steps | 5254 sps | R 36.15 | ep 15.5s | goals 1.93 | fall 50% | kl 0.0174 lr 1.0e-5 std 0.48 | L0
it   125 | 1.28M steps | 5261 sps | R 36.26 | ep 15.5s | goals 1.96 | fall 50% | kl 0.0072 lr 2.6e-4 std 0.48 | L0
it   126 | 1.29M steps | 5155 sps | R 36.47 | ep 15.4s | goals 1.99 | fall 50% | kl 0.0144 lr 1.1e-4 std 0.48 | L0
it   127 | 1.30M steps | 5095 sps | R 36.81 | ep 15.5s | goals 2.03 | fall 50% | kl 0.0133 lr 2.6e-4 std 0.48 | L0
it   128 | 1.31M steps | 5042 sps | R 37.02 | ep 15.5s | goals 2.05 | fall 50% | kl 0.0159 lr 5.1e-5 std 0.48 | L0
it   129 | 1.32M steps | 4888 sps | R 37.38 | ep 15.5s | goals 2.09 | fall 51% | kl 0.0130 lr 5.1e-5 std 0.48 | L0
it   130 | 1.33M steps | 4775 sps | R 37.46 | ep 15.5s | goals 2.11 | fall 51% | kl 0.0113 lr 2.6e-4 std 0.48 | L0
it   131 | 1.34M steps | 4586 sps | R 37.54 | ep 15.5s | goals 2.13 | fall 51% | kl 0.0155 lr 1.7e-4 std 0.48 | L0
it   132 | 1.35M steps | 4894 sps | R 37.64 | ep 15.4s | goals 2.15 | fall 52% | kl 0.0149 lr 1.7e-4 std 0.48 | L0
it   133 | 1.36M steps | 5152 sps | R 37.65 | ep 15.4s | goals 2.18 | fall 53% | kl 0.0158 lr 2.3e-5 std 0.48 | L0
it   134 | 1.37M steps | 4770 sps | R 37.77 | ep 15.3s | goals 2.23 | fall 54% | kl 0.0120 lr 2.3e-5 std 0.48 | L0
it   135 | 1.38M steps | 4940 sps | R 37.77 | ep 15.2s | goals 2.26 | fall 55% | kl 0.0096 lr 2.6e-4 std 0.48 | L0
it   136 | 1.39M steps | 4789 sps | R 37.86 | ep 15.1s | goals 2.28 | fall 56% | kl 0.0160 lr 1.1e-4 std 0.48 | L0
it   137 | 1.40M steps | 5253 sps | R 37.89 | ep 15.1s | goals 2.29 | fall 56% | kl 0.0136 lr 1.1e-4 std 0.48 | L0
it   138 | 1.41M steps | 4755 sps | R 38.35 | ep 15.2s | goals 2.34 | fall 56% | kl 0.0127 lr 2.6e-4 std 0.48 | L0
it   139 | 1.42M steps | 4443 sps | R 38.51 | ep 15.1s | goals 2.36 | fall 56% | kl 0.0145 lr 1.7e-4 std 0.48 | L0
it   140 | 1.43M steps | 4703 sps | R 38.86 | ep 15.2s | goals 2.40 | fall 56% | kl 0.0155 lr 7.6e-5 std 0.48 | L0
it   141 | 1.44M steps | 4899 sps | R 39.30 | ep 15.2s | goals 2.45 | fall 56% | kl 0.0139 lr 5.1e-5 std 0.48 | L0
it   142 | 1.45M steps | 4838 sps | R 39.57 | ep 15.2s | goals 2.48 | fall 56% | kl 0.0114 lr 2.6e-4 std 0.48 | L0
it   143 | 1.46M steps | 5564 sps | R 40.03 | ep 15.2s | goals 2.52 | fall 56% | kl 0.0158 lr 2.6e-4 std 0.48 | L0
it   144 | 1.47M steps | 5549 sps | R 40.23 | ep 15.2s | goals 2.53 | fall 55% | kl 0.0148 lr 1.7e-4 std 0.48 | L0
it   145 | 1.48M steps | 7269 sps | R 40.87 | ep 15.3s | goals 2.57 | fall 54% | kl 0.0148 lr 7.6e-5 std 0.48 | L0
it   146 | 1.50M steps | 6841 sps | R 41.37 | ep 15.4s | goals 2.61 | fall 54% | kl 0.0128 lr 2.6e-4 std 0.48 | L0
it   147 | 1.51M steps | 6524 sps | R 41.79 | ep 15.4s | goals 2.65 | fall 53% | kl 0.0179 lr 3.4e-5 std 0.48 | L0
it   148 | 1.52M steps | 7030 sps | R 41.99 | ep 15.3s | goals 2.67 | fall 53% | kl 0.0108 lr 2.6e-4 std 0.48 | L0
it   149 | 1.53M steps | 7439 sps | R 42.17 | ep 15.3s | goals 2.69 | fall 53% | kl 0.0175 lr 2.3e-5 std 0.48 | L0
it   150 | 1.54M steps | 7142 sps | R 42.76 | ep 15.4s | goals 2.73 | fall 52% | kl 0.0107 lr 2.6e-4 std 0.48 | L0
it   151 | 1.55M steps | 6550 sps | R 43.19 | ep 15.4s | goals 2.77 | fall 52% | kl 0.0173 lr 3.4e-5 std 0.48 | L0
it   152 | 1.56M steps | 7157 sps | R 43.25 | ep 15.3s | goals 2.79 | fall 53% | kl 0.0102 lr 2.6e-4 std 0.48 | L0
it   153 | 1.57M steps | 5733 sps | R 43.49 | ep 15.3s | goals 2.82 | fall 53% | kl 0.0152 lr 1.7e-4 std 0.48 | L0
it   154 | 1.58M steps | 5131 sps | R 44.03 | ep 15.4s | goals 2.86 | fall 53% | kl 0.0165 lr 2.3e-5 std 0.48 | L0
it   155 | 1.59M steps | 4409 sps | R 43.91 | ep 15.3s | goals 2.87 | fall 53% | kl 0.0097 lr 2.6e-4 std 0.48 | L0
it   156 | 1.60M steps | 4616 sps | R 44.26 | ep 15.3s | goals 2.90 | fall 54% | kl 0.0184 lr 1.0e-5 std 0.48 | L0
it   157 | 1.61M steps | 5082 sps | R 44.38 | ep 15.3s | goals 2.91 | fall 54% | kl 0.0087 lr 1.1e-4 std 0.48 | L0
it   158 | 1.62M steps | 5383 sps | R 44.96 | ep 15.4s | goals 2.95 | fall 53% | kl 0.0138 lr 1.7e-4 std 0.48 | L0
it   159 | 1.63M steps | 4667 sps | R 45.45 | ep 15.4s | goals 2.99 | fall 53% | kl 0.0155 lr 5.1e-5 std 0.48 | L0
it   160 | 1.64M steps | 4953 sps | R 45.97 | ep 15.4s | goals 3.02 | fall 52% | kl 0.0119 lr 2.6e-4 std 0.48 | L0
it   161 | 1.65M steps | 4138 sps | R 46.30 | ep 15.5s | goals 3.05 | fall 52% | kl 0.0155 lr 7.6e-5 std 0.48 | L0
it   162 | 1.66M steps | 5274 sps | R 46.52 | ep 15.5s | goals 3.06 | fall 52% | kl 0.0137 lr 5.1e-5 std 0.48 | L0
it   163 | 1.67M steps | 4668 sps | R 46.82 | ep 15.5s | goals 3.09 | fall 51% | kl 0.0121 lr 1.7e-4 std 0.48 | L0
it   164 | 1.68M steps | 5204 sps | R 46.68 | ep 15.4s | goals 3.10 | fall 53% | kl 0.0142 lr 3.8e-4 std 0.48 | L0
it   165 | 1.69M steps | 4639 sps | R 47.24 | ep 15.4s | goals 3.14 | fall 52% | kl 0.0161 lr 1.7e-4 std 0.48 | L0
it   166 | 1.70M steps | 5007 sps | R 47.67 | ep 15.5s | goals 3.17 | fall 52% | kl 0.0150 lr 3.4e-5 std 0.48 | L0
it   167 | 1.71M steps | 5137 sps | R 48.25 | ep 15.5s | goals 3.21 | fall 51% | kl 0.0114 lr 2.6e-4 std 0.48 | L0
it   168 | 1.72M steps | 4847 sps | R 48.85 | ep 15.6s | goals 3.25 | fall 50% | kl 0.0140 lr 1.1e-4 std 0.48 | L0
it   169 | 1.73M steps | 4716 sps | R 49.35 | ep 15.6s | goals 3.29 | fall 50% | kl 0.0160 lr 2.3e-5 std 0.48 | L0
it   170 | 1.74M steps | 5154 sps | R 49.72 | ep 15.7s | goals 3.31 | fall 49% | kl 0.0092 lr 2.6e-4 std 0.48 | L0
it   171 | 1.75M steps | 4924 sps | R 50.08 | ep 15.7s | goals 3.35 | fall 49% | kl 0.0152 lr 2.6e-4 std 0.48 | L0
it   172 | 1.76M steps | 5584 sps | R 50.47 | ep 15.8s | goals 3.37 | fall 49% | kl 0.0161 lr 7.6e-5 std 0.48 | L0
it   173 | 1.77M steps | 4796 sps | R 50.64 | ep 15.7s | goals 3.38 | fall 49% | kl 0.0134 lr 1.1e-4 std 0.48 | L0
it   174 | 1.78M steps | 4417 sps | R 51.00 | ep 15.8s | goals 3.41 | fall 48% | kl 0.0150 lr 7.6e-5 std 0.48 | L0
it   175 | 1.79M steps | 4992 sps | R 50.88 | ep 15.7s | goals 3.42 | fall 49% | kl 0.0140 lr 5.1e-5 std 0.48 | L0
it   176 | 1.80M steps | 4319 sps | R 50.78 | ep 15.7s | goals 3.42 | fall 49% | kl 0.0122 lr 2.6e-4 std 0.48 | L0
it   177 | 1.81M steps | 5204 sps | R 50.63 | ep 15.6s | goals 3.40 | fall 49% | kl 0.0147 lr 2.6e-4 std 0.48 | L0
it   178 | 1.82M steps | 4757 sps | R 50.79 | ep 15.6s | goals 3.42 | fall 49% | kl 0.0149 lr 1.7e-4 std 0.48 | L0
it   179 | 1.83M steps | 5013 sps | R 51.10 | ep 15.7s | goals 3.45 | fall 49% | kl 0.0143 lr 1.7e-4 std 0.48 | L0
it   180 | 1.84M steps | 4578 sps | R 51.38 | ep 15.7s | goals 3.47 | fall 49% | kl 0.0170 lr 1.0e-5 std 0.48 | L0
it   181 | 1.85M steps | 4739 sps | R 51.30 | ep 15.7s | goals 3.48 | fall 49% | kl 0.0087 lr 1.1e-4 std 0.48 | L0
it   182 | 1.86M steps | 5048 sps | R 51.39 | ep 15.7s | goals 3.49 | fall 50% | kl 0.0142 lr 1.7e-4 std 0.48 | L0
it   183 | 1.87M steps | 4799 sps | R 51.21 | ep 15.6s | goals 3.48 | fall 50% | kl 0.0153 lr 5.1e-5 std 0.48 | L0
it   184 | 1.88M steps | 4393 sps | R 51.00 | ep 15.6s | goals 3.48 | fall 50% | kl 0.0115 lr 2.6e-4 std 0.48 | L0
it   185 | 1.89M steps | 4602 sps | R 51.36 | ep 15.7s | goals 3.50 | fall 50% | kl 0.0158 lr 5.1e-5 std 0.48 | L0
it   186 | 1.90M steps | 4308 sps | R 51.50 | ep 15.7s | goals 3.50 | fall 50% | kl 0.0108 lr 2.6e-4 std 0.48 | L0
it   187 | 1.91M steps | 5006 sps | R 51.74 | ep 15.7s | goals 3.52 | fall 49% | kl 0.0180 lr 1.5e-5 std 0.48 | L0
it   188 | 1.93M steps | 4849 sps | R 51.71 | ep 15.7s | goals 3.52 | fall 50% | kl 0.0087 lr 2.6e-4 std 0.48 | L0
it   189 | 1.94M steps | 4626 sps | R 51.65 | ep 15.7s | goals 3.52 | fall 49% | kl 0.0167 lr 3.4e-5 std 0.48 | L0
it   190 | 1.95M steps | 4577 sps | R 51.96 | ep 15.8s | goals 3.54 | fall 49% | kl 0.0114 lr 2.6e-4 std 0.48 | L0
it   191 | 1.96M steps | 4985 sps | R 52.32 | ep 15.9s | goals 3.56 | fall 48% | kl 0.0203 lr 1.0e-5 std 0.48 | L0
it   192 | 1.97M steps | 4819 sps | R 52.79 | ep 16.0s | goals 3.59 | fall 47% | kl 0.0090 lr 1.7e-4 std 0.48 | L0
it   193 | 1.98M steps | 5236 sps | R 53.60 | ep 16.1s | goals 3.63 | fall 45% | kl 0.0143 lr 1.1e-4 std 0.48 | L0
it   194 | 1.99M steps | 4605 sps | R 53.97 | ep 16.2s | goals 3.65 | fall 44% | kl 0.0139 lr 7.6e-5 std 0.48 | L0
it   195 | 2.00M steps | 4975 sps | R 54.49 | ep 16.3s | goals 3.67 | fall 43% | kl 0.0139 lr 1.1e-4 std 0.48 | L0
it   196 | 2.01M steps | 4390 sps | R 55.16 | ep 16.4s | goals 3.71 | fall 42% | kl 0.0137 lr 2.6e-4 std 0.48 | L0
it   197 | 2.02M steps | 4868 sps | R 55.29 | ep 16.5s | goals 3.71 | fall 41% | kl 0.0181 lr 1.5e-5 std 0.48 | L0
it   198 | 2.03M steps | 3950 sps | R 55.23 | ep 16.5s | goals 3.71 | fall 41% | kl 0.0092 lr 1.1e-4 std 0.48 | L0
it   199 | 2.04M steps | 4830 sps | R 55.03 | ep 16.4s | goals 3.70 | fall 42% | kl 0.0150 lr 5.1e-5 std 0.48 | L0
it   200 | 2.05M steps | 4511 sps | R 55.42 | ep 16.5s | goals 3.72 | fall 41% | kl 0.0124 lr 1.1e-4 std 0.48 | L0
it   201 | 2.06M steps | 4893 sps | R 55.66 | ep 16.5s | goals 3.74 | fall 41% | kl 0.0161 lr 2.3e-5 std 0.48 | L0
it   202 | 2.07M steps | 4860 sps | R 56.46 | ep 16.7s | goals 3.78 | fall 39% | kl 0.0104 lr 1.1e-4 std 0.48 | L0
it   203 | 2.08M steps | 4275 sps | R 57.11 | ep 16.8s | goals 3.81 | fall 37% | kl 0.0137 lr 1.1e-4 std 0.48 | L0
it   204 | 2.09M steps | 4345 sps | R 57.11 | ep 16.8s | goals 3.81 | fall 37% | kl 0.0150 lr 2.3e-5 std 0.48 | L0
it   205 | 2.10M steps | 4347 sps | R 57.28 | ep 16.8s | goals 3.82 | fall 37% | kl 0.0092 lr 2.6e-4 std 0.48 | L0
it   206 | 2.11M steps | 4573 sps | R 57.15 | ep 16.8s | goals 3.81 | fall 37% | kl 0.0218 lr 1.0e-5 std 0.48 | L0
it   207 | 2.12M steps | 4790 sps | R 56.92 | ep 16.7s | goals 3.80 | fall 37% | kl 0.0085 lr 7.6e-5 std 0.48 | L0
it   208 | 2.13M steps | 4899 sps | R 56.95 | ep 16.8s | goals 3.80 | fall 36% | kl 0.0135 lr 1.1e-4 std 0.48 | L0
it   209 | 2.14M steps | 4451 sps | R 57.08 | ep 16.8s | goals 3.81 | fall 36% | kl 0.0130 lr 1.7e-4 std 0.48 | L0
it   210 | 2.15M steps | 4822 sps | R 57.23 | ep 16.8s | goals 3.81 | fall 36% | kl 0.0146 lr 1.1e-4 std 0.48 | L0
it   211 | 2.16M steps | 4491 sps | R 57.40 | ep 16.8s | goals 3.83 | fall 36% | kl 0.0156 lr 1.5e-5 std 0.48 | L0
it   212 | 2.17M steps | 4655 sps | R 57.55 | ep 16.8s | goals 3.83 | fall 36% | kl 0.0086 lr 1.7e-4 std 0.48 | L0
it   213 | 2.18M steps | 4822 sps | R 57.72 | ep 16.8s | goals 3.85 | fall 36% | kl 0.0155 lr 2.3e-5 std 0.48 | L0
it   214 | 2.19M steps | 4936 sps | R 57.95 | ep 16.9s | goals 3.87 | fall 36% | kl 0.0115 lr 3.4e-5 std 0.48 | L0
it   215 | 2.20M steps | 4370 sps | R 58.16 | ep 16.9s | goals 3.88 | fall 36% | kl 0.0116 lr 7.6e-5 std 0.48 | L0
it   216 | 2.21M steps | 4767 sps | R 58.79 | ep 17.0s | goals 3.92 | fall 35% | kl 0.0133 lr 7.6e-5 std 0.48 | L0
it   217 | 2.22M steps | 4692 sps | R 59.36 | ep 17.1s | goals 3.96 | fall 35% | kl 0.0127 lr 1.1e-4 std 0.48 | L0
it   218 | 2.23M steps | 5169 sps | R 59.76 | ep 17.1s | goals 3.98 | fall 34% | kl 0.0151 lr 5.1e-5 std 0.48 | L0
it   219 | 2.24M steps | 4562 sps | R 60.02 | ep 17.1s | goals 4.00 | fall 34% | kl 0.0119 lr 7.6e-5 std 0.48 | L0
it   220 | 2.25M steps | 5140 sps | R 60.07 | ep 17.1s | goals 4.00 | fall 34% | kl 0.0154 lr 1.5e-5 std 0.48 | L0
it   221 | 2.26M steps | 4286 sps | R 60.20 | ep 17.1s | goals 4.01 | fall 34% | kl 0.0090 lr 1.7e-4 std 0.48 | L0
it   222 | 2.27M steps | 5273 sps | R 60.26 | ep 17.1s | goals 4.01 | fall 34% | kl 0.0161 lr 5.1e-5 std 0.48 | L0
it   223 | 2.28M steps | 4363 sps | R 60.41 | ep 17.1s | goals 4.02 | fall 33% | kl 0.0134 lr 5.1e-5 std 0.48 | L0
it   224 | 2.29M steps | 4878 sps | R 60.98 | ep 17.2s | goals 4.06 | fall 33% | kl 0.0123 lr 1.7e-4 std 0.48 | L0
it   225 | 2.30M steps | 4548 sps | R 61.93 | ep 17.3s | goals 4.11 | fall 32% | kl 0.0146 lr 1.1e-4 std 0.48 | L0
it   226 | 2.31M steps | 4967 sps | R 62.36 | ep 17.4s | goals 4.14 | fall 31% | kl 0.0159 lr 3.4e-5 std 0.48 | L0
it   227 | 2.32M steps | 4622 sps | R 62.64 | ep 17.4s | goals 4.16 | fall 31% | kl 0.0139 lr 1.5e-5 std 0.48 | L0
  ▲ curriculum level 1: {"terrainLevel":0,"goalDistance":[1,2.5],"goalAngle":0.9,"randomization":0}
it   228 | 2.33M steps | 5024 sps | R 63.17 | ep 17.5s | goals 4.19 | fall 30% | kl 0.0096 lr 2.6e-4 std 0.48 | L1
it   229 | 2.34M steps | 4786 sps | R 73.11 | ep 19.1s | goals 4.83 | fall 25% | kl 0.0172 lr 3.4e-5 std 0.48 | L1
it   230 | 2.36M steps | 4617 sps | R 59.06 | ep 15.7s | goals 4.14 | fall 51% | kl 0.0151 lr 1.5e-5 std 0.48 | L1
it   231 | 2.37M steps | 4809 sps | R 44.40 | ep 12.9s | goals 3.27 | fall 69% | kl 0.0089 lr 2.6e-4 std 0.48 | L1
it   232 | 2.38M steps | 4774 sps | R 42.16 | ep 12.3s | goals 3.17 | fall 75% | kl 0.0151 lr 2.6e-4 std 0.48 | L1
it   233 | 2.39M steps | 4666 sps | R 37.72 | ep 11.3s | goals 2.89 | fall 77% | kl 0.0163 lr 7.6e-5 std 0.48 | L1
it   234 | 2.40M steps | 4609 sps | R 35.53 | ep 10.9s | goals 2.75 | fall 79% | kl 0.0139 lr 1.1e-4 std 0.48 | L1
it   235 | 2.41M steps | 4863 sps | R 31.88 | ep 10.1s | goals 2.52 | fall 81% | kl 0.0145 lr 1.1e-4 std 0.49 | L1
it   236 | 2.42M steps | 4412 sps | R 28.77 | ep 9.4s | goals 2.33 | fall 84% | kl 0.0151 lr 5.1e-5 std 0.49 | L1
it   237 | 2.43M steps | 5299 sps | R 26.94 | ep 9.0s | goals 2.23 | fall 85% | kl 0.0120 lr 2.6e-4 std 0.48 | L1
it   238 | 2.44M steps | 4679 sps | R 26.20 | ep 8.8s | goals 2.18 | fall 85% | kl 0.0147 lr 1.7e-4 std 0.48 | L1
it   239 | 2.45M steps | 4953 sps | R 25.28 | ep 8.6s | goals 2.12 | fall 86% | kl 0.0139 lr 2.6e-4 std 0.48 | L1
it   240 | 2.46M steps | 4528 sps | R 25.44 | ep 8.6s | goals 2.13 | fall 86% | kl 0.0162 lr 2.3e-5 std 0.48 | L1
it   241 | 2.47M steps | 4645 sps | R 24.65 | ep 8.5s | goals 2.08 | fall 86% | kl 0.0102 lr 1.7e-4 std 0.48 | L1
it   242 | 2.48M steps | 4594 sps | R 24.32 | ep 8.4s | goals 2.06 | fall 86% | kl 0.0144 lr 7.6e-5 std 0.48 | L1
it   243 | 2.49M steps | 5130 sps | R 22.90 | ep 8.1s | goals 1.98 | fall 88% | kl 0.0135 lr 5.1e-5 std 0.48 | L1
it   244 | 2.50M steps | 4412 sps | R 22.11 | ep 7.9s | goals 1.92 | fall 88% | kl 0.0124 lr 2.6e-4 std 0.48 | L1
it   245 | 2.51M steps | 5045 sps | R 21.31 | ep 7.8s | goals 1.87 | fall 89% | kl 0.0139 lr 2.6e-4 std 0.48 | L1
it   246 | 2.52M steps | 4347 sps | R 21.06 | ep 7.8s | goals 1.85 | fall 89% | kl 0.0147 lr 7.6e-5 std 0.48 | L1
it   247 | 2.53M steps | 5291 sps | R 20.28 | ep 7.6s | goals 1.81 | fall 90% | kl 0.0146 lr 5.1e-5 std 0.48 | L1
it   248 | 2.54M steps | 4509 sps | R 20.10 | ep 7.6s | goals 1.80 | fall 90% | kl 0.0129 lr 3.4e-5 std 0.48 | L1
it   249 | 2.55M steps | 4794 sps | R 19.47 | ep 7.4s | goals 1.75 | fall 90% | kl 0.0139 lr 1.5e-5 std 0.48 | L1
it   250 | 2.56M steps | 4359 sps | R 19.53 | ep 7.5s | goals 1.76 | fall 91% | kl 0.0083 lr 2.6e-4 std 0.48 | L1
it   251 | 2.57M steps | 4912 sps | R 19.20 | ep 7.4s | goals 1.74 | fall 91% | kl 0.0189 lr 1.0e-5 std 0.48 | L1
it   252 | 2.58M steps | 4660 sps | R 19.14 | ep 7.4s | goals 1.73 | fall 91% | kl 0.0088 lr 1.1e-4 std 0.48 | L1
it   253 | 2.59M steps | 5175 sps | R 19.32 | ep 7.5s | goals 1.74 | fall 91% | kl 0.0142 lr 1.1e-4 std 0.48 | L1
it   254 | 2.60M steps | 4873 sps | R 19.00 | ep 7.4s | goals 1.72 | fall 91% | kl 0.0143 lr 3.4e-5 std 0.48 | L1
it   255 | 2.61M steps | 4764 sps | R 19.48 | ep 7.5s | goals 1.74 | fall 90% | kl 0.0126 lr 2.3e-5 std 0.48 | L1
it   256 | 2.62M steps | 4557 sps | R 19.75 | ep 7.6s | goals 1.75 | fall 90% | kl 0.0113 lr 2.6e-4 std 0.48 | L1
it   257 | 2.63M steps | 5293 sps | R 20.10 | ep 7.7s | goals 1.77 | fall 90% | kl 0.0144 lr 1.1e-4 std 0.48 | L1
it   258 | 2.64M steps | 4837 sps | R 21.26 | ep 8.0s | goals 1.83 | fall 88% | kl 0.0138 lr 1.1e-4 std 0.48 | L1
it   259 | 2.65M steps | 4465 sps | R 21.92 | ep 8.2s | goals 1.86 | fall 87% | kl 0.0155 lr 2.3e-5 std 0.48 | L1
it   260 | 2.66M steps | 4765 sps | R 23.27 | ep 8.5s | goals 1.92 | fall 85% | kl 0.0105 lr 2.6e-4 std 0.48 | L1
it   261 | 2.67M steps | 4241 sps | R 24.02 | ep 8.7s | goals 1.96 | fall 84% | kl 0.0159 lr 7.6e-5 std 0.48 | L1
it   262 | 2.68M steps | 4693 sps | R 25.88 | ep 9.1s | goals 2.06 | fall 82% | kl 0.0135 lr 1.1e-4 std 0.48 | L1
it   263 | 2.69M steps | 4611 sps | R 27.15 | ep 9.4s | goals 2.13 | fall 80% | kl 0.0139 lr 7.6e-5 std 0.48 | L1
it   264 | 2.70M steps | 4435 sps | R 28.40 | ep 9.7s | goals 2.19 | fall 79% | kl 0.0135 lr 7.6e-5 std 0.48 | L1
it   265 | 2.71M steps | 4469 sps | R 29.53 | ep 10.0s | goals 2.25 | fall 77% | kl 0.0130 lr 7.6e-5 std 0.48 | L1
it   266 | 2.72M steps | 4687 sps | R 30.78 | ep 10.3s | goals 2.31 | fall 76% | kl 0.0132 lr 1.1e-4 std 0.48 | L1
it   267 | 2.73M steps | 4539 sps | R 32.82 | ep 10.8s | goals 2.41 | fall 73% | kl 0.0152 lr 1.1e-4 std 0.49 | L1
it   268 | 2.74M steps | 5473 sps | R 34.36 | ep 11.1s | goals 2.49 | fall 71% | kl 0.0168 lr 1.0e-5 std 0.49 | L1
it   269 | 2.75M steps | 4741 sps | R 35.18 | ep 11.3s | goals 2.53 | fall 70% | kl 0.0100 lr 3.4e-5 std 0.49 | L1
it   270 | 2.76M steps | 4754 sps | R 36.17 | ep 11.6s | goals 2.58 | fall 68% | kl 0.0110 lr 2.6e-4 std 0.49 | L1
it   271 | 2.78M steps | 4447 sps | R 37.52 | ep 11.9s | goals 2.65 | fall 67% | kl 0.0151 lr 1.7e-4 std 0.49 | L1
it   272 | 2.79M steps | 5143 sps | R 38.23 | ep 12.1s | goals 2.69 | fall 66% | kl 0.0191 lr 1.0e-5 std 0.49 | L1
it   273 | 2.80M steps | 4962 sps | R 38.75 | ep 12.2s | goals 2.71 | fall 65% | kl 0.0065 lr 1.7e-4 std 0.49 | L1
it   274 | 2.81M steps | 5128 sps | R 39.80 | ep 12.5s | goals 2.75 | fall 64% | kl 0.0158 lr 2.3e-5 std 0.49 | L1
it   275 | 2.82M steps | 4675 sps | R 41.04 | ep 12.8s | goals 2.82 | fall 63% | kl 0.0123 lr 2.3e-5 std 0.49 | L1
it   276 | 2.83M steps | 4896 sps | R 41.69 | ep 13.0s | goals 2.86 | fall 62% | kl 0.0118 lr 3.4e-5 std 0.49 | L1
it   277 | 2.84M steps | 5306 sps | R 42.35 | ep 13.1s | goals 2.89 | fall 61% | kl 0.0116 lr 2.6e-4 std 0.49 | L1
it   278 | 2.85M steps | 5175 sps | R 43.12 | ep 13.3s | goals 2.93 | fall 60% | kl 0.0167 lr 1.5e-5 std 0.49 | L1
it   279 | 2.86M steps | 4728 sps | R 44.07 | ep 13.5s | goals 2.98 | fall 59% | kl 0.0081 lr 2.6e-4 std 0.49 | L1
it   280 | 2.87M steps | 4605 sps | R 45.13 | ep 13.8s | goals 3.04 | fall 58% | kl 0.0161 lr 5.1e-5 std 0.49 | L1
it   281 | 2.88M steps | 4550 sps | R 45.64 | ep 13.9s | goals 3.06 | fall 57% | kl 0.0128 lr 7.6e-5 std 0.49 | L1
it   282 | 2.89M steps | 5728 sps | R 46.81 | ep 14.2s | goals 3.12 | fall 56% | kl 0.0157 lr 1.0e-5 std 0.49 | L1
it   283 | 2.90M steps | 5071 sps | R 47.68 | ep 14.4s | goals 3.15 | fall 54% | kl 0.0084 lr 1.7e-4 std 0.49 | L1
it   284 | 2.91M steps | 5172 sps | R 48.32 | ep 14.6s | goals 3.19 | fall 53% | kl 0.0147 lr 7.6e-5 std 0.49 | L1
it   285 | 2.92M steps | 4673 sps | R 49.87 | ep 14.9s | goals 3.27 | fall 51% | kl 0.0136 lr 7.6e-5 std 0.49 | L1
it   286 | 2.93M steps | 4642 sps | R 50.60 | ep 15.1s | goals 3.30 | fall 49% | kl 0.0136 lr 3.4e-5 std 0.49 | L1
it   287 | 2.94M steps | 4991 sps | R 51.43 | ep 15.3s | goals 3.34 | fall 48% | kl 0.0109 lr 7.6e-5 std 0.49 | L1
it   288 | 2.95M steps | 5128 sps | R 52.13 | ep 15.5s | goals 3.37 | fall 47% | kl 0.0130 lr 1.7e-4 std 0.49 | L1
it   289 | 2.96M steps | 5349 sps | R 52.42 | ep 15.5s | goals 3.38 | fall 46% | kl 0.0164 lr 3.4e-5 std 0.49 | L1
it   290 | 2.97M steps | 5003 sps | R 52.89 | ep 15.7s | goals 3.40 | fall 45% | kl 0.0122 lr 3.4e-5 std 0.49 | L1
it   291 | 2.98M steps | 5054 sps | R 53.67 | ep 15.9s | goals 3.44 | fall 44% | kl 0.0111 lr 2.6e-4 std 0.49 | L1
it   292 | 2.99M steps | 5061 sps | R 54.55 | ep 16.0s | goals 3.48 | fall 43% | kl 0.0153 lr 1.1e-4 std 0.49 | L1
it   293 | 3.00M steps | 5510 sps | R 54.78 | ep 16.1s | goals 3.49 | fall 42% | kl 0.0180 lr 1.0e-5 std 0.49 | L1
it   294 | 3.01M steps | 4702 sps | R 54.43 | ep 16.0s | goals 3.47 | fall 43% | kl 0.0105 lr 3.4e-5 std 0.49 | L1
it   295 | 3.02M steps | 5166 sps | R 54.83 | ep 16.1s | goals 3.49 | fall 42% | kl 0.0131 lr 1.5e-5 std 0.49 | L1
it   296 | 3.03M steps | 4799 sps | R 54.78 | ep 16.1s | goals 3.49 | fall 42% | kl 0.0103 lr 7.6e-5 std 0.49 | L1
it   297 | 3.04M steps | 5141 sps | R 54.76 | ep 16.1s | goals 3.49 | fall 42% | kl 0.0120 lr 1.7e-4 std 0.49 | L1
it   298 | 3.05M steps | 5053 sps | R 55.17 | ep 16.2s | goals 3.50 | fall 41% | kl 0.0155 lr 7.6e-5 std 0.49 | L1
it   299 | 3.06M steps | 4939 sps | R 55.18 | ep 16.2s | goals 3.51 | fall 41% | kl 0.0132 lr 1.1e-4 std 0.49 | L1
it   300 | 3.07M steps | 4687 sps | R 54.89 | ep 16.2s | goals 3.48 | fall 41% | kl 0.0134 lr 1.7e-4 std 0.49 | L1
it   301 | 3.08M steps | 4695 sps | R 54.74 | ep 16.1s | goals 3.48 | fall 41% | kl 0.0161 lr 3.4e-5 std 0.49 | L1
it   302 | 3.09M steps | 5484 sps | R 54.90 | ep 16.2s | goals 3.49 | fall 41% | kl 0.0135 lr 2.3e-5 std 0.49 | L1
it   303 | 3.10M steps | 5277 sps | R 54.73 | ep 16.2s | goals 3.48 | fall 41% | kl 0.0113 lr 7.6e-5 std 0.49 | L1
it   304 | 3.11M steps | 4973 sps | R 54.53 | ep 16.1s | goals 3.47 | fall 41% | kl 0.0138 lr 7.6e-5 std 0.49 | L1
it   305 | 3.12M steps | 4751 sps | R 54.76 | ep 16.2s | goals 3.48 | fall 41% | kl 0.0146 lr 2.3e-5 std 0.49 | L1
it   306 | 3.13M steps | 5222 sps | R 54.71 | ep 16.2s | goals 3.48 | fall 40% | kl 0.0100 lr 2.6e-4 std 0.49 | L1
it   307 | 3.14M steps | 5112 sps | R 54.41 | ep 16.2s | goals 3.46 | fall 41% | kl 0.0165 lr 5.1e-5 std 0.49 | L1
it   308 | 3.15M steps | 5242 sps | R 53.76 | ep 16.1s | goals 3.43 | fall 42% | kl 0.0122 lr 1.7e-4 std 0.49 | L1
it   309 | 3.16M steps | 4674 sps | R 53.37 | ep 16.0s | goals 3.41 | fall 42% | kl 0.0138 lr 1.1e-4 std 0.49 | L1
it   310 | 3.17M steps | 4962 sps | R 53.97 | ep 16.1s | goals 3.44 | fall 41% | kl 0.0148 lr 5.1e-5 std 0.49 | L1
it   311 | 3.18M steps | 4683 sps | R 53.81 | ep 16.1s | goals 3.43 | fall 41% | kl 0.0112 lr 1.7e-4 std 0.49 | L1
it   312 | 3.19M steps | 5755 sps | R 53.47 | ep 16.0s | goals 3.42 | fall 41% | kl 0.0179 lr 1.0e-5 std 0.49 | L1
it   313 | 3.21M steps | 4682 sps | R 53.50 | ep 16.0s | goals 3.42 | fall 41% | kl 0.0098 lr 3.4e-5 std 0.49 | L1
it   314 | 3.22M steps | 5307 sps | R 53.55 | ep 16.1s | goals 3.42 | fall 41% | kl 0.0117 lr 5.1e-5 std 0.49 | L1
it   315 | 3.23M steps | 4596 sps | R 53.22 | ep 16.0s | goals 3.40 | fall 41% | kl 0.0123 lr 1.1e-4 std 0.49 | L1
it   316 | 3.24M steps | 5382 sps | R 53.43 | ep 16.0s | goals 3.41 | fall 41% | kl 0.0143 lr 1.7e-4 std 0.49 | L1
it   317 | 3.25M steps | 4898 sps | R 53.76 | ep 16.1s | goals 3.43 | fall 40% | kl 0.0150 lr 7.6e-5 std 0.49 | L1
it   318 | 3.26M steps | 5587 sps | R 53.86 | ep 16.2s | goals 3.43 | fall 39% | kl 0.0139 lr 5.1e-5 std 0.49 | L1
it   319 | 3.27M steps | 4558 sps | R 53.33 | ep 16.1s | goals 3.41 | fall 40% | kl 0.0122 lr 1.7e-4 std 0.49 | L1
it   320 | 3.28M steps | 4992 sps | R 53.48 | ep 16.1s | goals 3.42 | fall 41% | kl 0.0178 lr 1.0e-5 std 0.49 | L1
it   321 | 3.29M steps | 4781 sps | R 53.42 | ep 16.1s | goals 3.42 | fall 41% | kl 0.0069 lr 1.7e-4 std 0.49 | L1
it   322 | 3.30M steps | 5483 sps | R 53.11 | ep 16.0s | goals 3.41 | fall 41% | kl 0.0173 lr 1.0e-5 std 0.49 | L1
it   323 | 3.31M steps | 5294 sps | R 52.51 | ep 15.9s | goals 3.38 | fall 41% | kl 0.0075 lr 1.7e-4 std 0.49 | L1
it   324 | 3.32M steps | 5094 sps | R 52.68 | ep 15.9s | goals 3.39 | fall 41% | kl 0.0164 lr 2.3e-5 std 0.49 | L1
it   325 | 3.33M steps | 5119 sps | R 52.55 | ep 15.9s | goals 3.38 | fall 41% | kl 0.0107 lr 2.6e-4 std 0.49 | L1
it   326 | 3.34M steps | 4460 sps | R 52.67 | ep 16.0s | goals 3.38 | fall 41% | kl 0.0165 lr 5.1e-5 std 0.49 | L1
it   327 | 3.35M steps | 5370 sps | R 52.88 | ep 16.0s | goals 3.40 | fall 41% | kl 0.0119 lr 2.6e-4 std 0.49 | L1
it   328 | 3.36M steps | 5057 sps | R 53.04 | ep 16.0s | goals 3.41 | fall 41% | kl 0.0174 lr 2.3e-5 std 0.49 | L1
it   329 | 3.37M steps | 5511 sps | R 53.12 | ep 16.1s | goals 3.41 | fall 40% | kl 0.0106 lr 1.1e-4 std 0.49 | L1
it   330 | 3.38M steps | 4734 sps | R 52.82 | ep 16.0s | goals 3.39 | fall 40% | kl 0.0149 lr 5.1e-5 std 0.49 | L1
it   331 | 3.39M steps | 5209 sps | R 52.70 | ep 16.0s | goals 3.39 | fall 40% | kl 0.0121 lr 1.1e-4 std 0.49 | L1
it   332 | 3.40M steps | 4854 sps | R 52.84 | ep 16.1s | goals 3.40 | fall 40% | kl 0.0142 lr 7.6e-5 std 0.49 | L1
it   333 | 3.41M steps | 5491 sps | R 52.88 | ep 16.1s | goals 3.39 | fall 40% | kl 0.0177 lr 1.0e-5 std 0.49 | L1
it   334 | 3.42M steps | 4954 sps | R 52.80 | ep 16.1s | goals 3.39 | fall 40% | kl 0.0096 lr 7.6e-5 std 0.49 | L1
it   335 | 3.43M steps | 5114 sps | R 52.69 | ep 16.1s | goals 3.39 | fall 40% | kl 0.0139 lr 3.4e-5 std 0.49 | L1
it   336 | 3.44M steps | 4960 sps | R 52.64 | ep 16.2s | goals 3.39 | fall 40% | kl 0.0102 lr 2.6e-4 std 0.49 | L1
it   337 | 3.45M steps | 5835 sps | R 52.17 | ep 16.1s | goals 3.37 | fall 41% | kl 0.0170 lr 2.3e-5 std 0.49 | L1
it   338 | 3.46M steps | 5579 sps | R 52.53 | ep 16.2s | goals 3.38 | fall 40% | kl 0.0127 lr 2.3e-5 std 0.49 | L1
it   339 | 3.47M steps | 5051 sps | R 52.08 | ep 16.1s | goals 3.36 | fall 41% | kl 0.0108 lr 1.1e-4 std 0.49 | L1
it   340 | 3.48M steps | 5126 sps | R 51.89 | ep 16.1s | goals 3.36 | fall 42% | kl 0.0140 lr 2.6e-4 std 0.49 | L1
it   341 | 3.49M steps | 4707 sps | R 51.76 | ep 16.0s | goals 3.35 | fall 42% | kl 0.0174 lr 1.5e-5 std 0.49 | L1
it   342 | 3.50M steps | 5603 sps | R 51.51 | ep 16.0s | goals 3.34 | fall 42% | kl 0.0093 lr 2.6e-4 std 0.49 | L1
it   343 | 3.51M steps | 4777 sps | R 51.37 | ep 16.0s | goals 3.34 | fall 43% | kl 0.0153 lr 7.6e-5 std 0.49 | L1
it   344 | 3.52M steps | 4839 sps | R 51.75 | ep 16.0s | goals 3.36 | fall 42% | kl 0.0139 lr 5.1e-5 std 0.49 | L1
it   345 | 3.53M steps | 4679 sps | R 51.46 | ep 16.0s | goals 3.34 | fall 42% | kl 0.0130 lr 2.6e-4 std 0.49 | L1
it   346 | 3.54M steps | 5261 sps | R 51.16 | ep 15.9s | goals 3.33 | fall 43% | kl 0.0159 lr 7.6e-5 std 0.49 | L1
it   347 | 3.55M steps | 5095 sps | R 50.96 | ep 15.9s | goals 3.32 | fall 43% | kl 0.0140 lr 7.6e-5 std 0.49 | L1
it   348 | 3.56M steps | 5586 sps | R 51.48 | ep 16.1s | goals 3.34 | fall 42% | kl 0.0146 lr 3.4e-5 std 0.49 | L1
it   349 | 3.57M steps | 4622 sps | R 51.50 | ep 16.0s | goals 3.35 | fall 42% | kl 0.0119 lr 1.7e-4 std 0.49 | L1
it   350 | 3.58M steps | 5031 sps | R 51.16 | ep 16.0s | goals 3.33 | fall 42% | kl 0.0148 lr 7.6e-5 std 0.49 | L1
it   351 | 3.59M steps | 4752 sps | R 51.37 | ep 16.0s | goals 3.34 | fall 42% | kl 0.0143 lr 5.1e-5 std 0.49 | L1
it   352 | 3.60M steps | 5606 sps | R 51.57 | ep 16.1s | goals 3.35 | fall 42% | kl 0.0110 lr 2.6e-4 std 0.49 | L1
it   353 | 3.61M steps | 4764 sps | R 51.53 | ep 16.1s | goals 3.35 | fall 42% | kl 0.0153 lr 5.1e-5 std 0.49 | L1
it   354 | 3.62M steps | 5233 sps | R 51.87 | ep 16.2s | goals 3.37 | fall 42% | kl 0.0119 lr 2.6e-4 std 0.49 | L1
it   355 | 3.64M steps | 5220 sps | R 52.07 | ep 16.3s | goals 3.38 | fall 41% | kl 0.0189 lr 1.0e-5 std 0.49 | L1
it   356 | 3.65M steps | 4488 sps | R 51.62 | ep 16.1s | goals 3.35 | fall 42% | kl 0.0088 lr 1.1e-4 std 0.49 | L1
it   357 | 3.66M steps | 5649 sps | R 51.64 | ep 16.1s | goals 3.36 | fall 42% | kl 0.0146 lr 5.1e-5 std 0.49 | L1
it   358 | 3.67M steps | 4904 sps | R 52.20 | ep 16.3s | goals 3.39 | fall 41% | kl 0.0127 lr 1.1e-4 std 0.49 | L1
it   359 | 3.68M steps | 5418 sps | R 52.25 | ep 16.3s | goals 3.39 | fall 41% | kl 0.0151 lr 2.3e-5 std 0.49 | L1
it   360 | 3.69M steps | 4852 sps | R 51.93 | ep 16.2s | goals 3.37 | fall 41% | kl 0.0119 lr 3.4e-5 std 0.49 | L1
it   361 | 3.70M steps | 5186 sps | R 52.01 | ep 16.2s | goals 3.38 | fall 41% | kl 0.0101 lr 2.6e-4 std 0.49 | L1
it   362 | 3.71M steps | 4805 sps | R 52.48 | ep 16.3s | goals 3.40 | fall 40% | kl 0.0162 lr 5.1e-5 std 0.49 | L1
it   363 | 3.72M steps | 5297 sps | R 52.68 | ep 16.3s | goals 3.42 | fall 40% | kl 0.0135 lr 3.4e-5 std 0.49 | L1
it   364 | 3.73M steps | 4935 sps | R 53.12 | ep 16.4s | goals 3.44 | fall 39% | kl 0.0113 lr 2.6e-4 std 0.49 | L1
it   365 | 3.74M steps | 5695 sps | R 53.09 | ep 16.4s | goals 3.43 | fall 39% | kl 0.0151 lr 1.7e-4 std 0.49 | L1
it   366 | 3.75M steps | 6119 sps | R 53.20 | ep 16.5s | goals 3.44 | fall 39% | kl 0.0156 lr 7.6e-5 std 0.49 | L1
it   367 | 3.76M steps | 4715 sps | R 53.42 | ep 16.5s | goals 3.46 | fall 39% | kl 0.0160 lr 1.0e-5 std 0.49 | L1
it   368 | 3.77M steps | 8141 sps | R 53.58 | ep 16.5s | goals 3.47 | fall 38% | kl 0.0075 lr 1.7e-4 std 0.49 | L1
it   369 | 3.78M steps | 8493 sps | R 53.74 | ep 16.5s | goals 3.48 | fall 38% | kl 0.0155 lr 7.6e-5 std 0.49 | L1
it   370 | 3.79M steps | 9659 sps | R 53.77 | ep 16.5s | goals 3.48 | fall 38% | kl 0.0138 lr 7.6e-5 std 0.49 | L1
it   371 | 3.80M steps | 9947 sps | R 54.15 | ep 16.5s | goals 3.50 | fall 38% | kl 0.0166 lr 1.0e-5 std 0.49 | L1
it   372 | 3.81M steps | 9734 sps | R 53.63 | ep 16.4s | goals 3.48 | fall 38% | kl 0.0094 lr 5.1e-5 std 0.49 | L1
it   373 | 3.82M steps | 8758 sps | R 54.02 | ep 16.4s | goals 3.50 | fall 38% | kl 0.0116 lr 2.6e-4 std 0.49 | L1
it   374 | 3.83M steps | 9173 sps | R 53.80 | ep 16.4s | goals 3.49 | fall 38% | kl 0.0158 lr 7.6e-5 std 0.49 | L1
it   375 | 3.84M steps | 8472 sps | R 53.77 | ep 16.4s | goals 3.48 | fall 38% | kl 0.0153 lr 1.5e-5 std 0.49 | L1
it   376 | 3.85M steps | 8942 sps | R 53.59 | ep 16.4s | goals 3.48 | fall 39% | kl 0.0097 lr 7.6e-5 std 0.49 | L1
it   377 | 3.86M steps | 7357 sps | R 53.92 | ep 16.4s | goals 3.50 | fall 38% | kl 0.0139 lr 1.1e-4 std 0.49 | L1
it   378 | 3.87M steps | 8456 sps | R 53.67 | ep 16.3s | goals 3.48 | fall 39% | kl 0.0145 lr 2.6e-4 std 0.49 | L1
it   379 | 3.88M steps | 7768 sps | R 53.92 | ep 16.4s | goals 3.50 | fall 39% | kl 0.0162 lr 7.6e-5 std 0.49 | L1
it   380 | 3.89M steps | 8065 sps | R 53.94 | ep 16.4s | goals 3.50 | fall 39% | kl 0.0140 lr 7.6e-5 std 0.49 | L1
it   381 | 3.90M steps | 8486 sps | R 53.92 | ep 16.4s | goals 3.50 | fall 39% | kl 0.0146 lr 1.1e-4 std 0.49 | L1
it   382 | 3.91M steps | 6286 sps | R 54.10 | ep 16.4s | goals 3.52 | fall 38% | kl 0.0139 lr 1.1e-4 std 0.49 | L1
it   383 | 3.92M steps | 5837 sps | R 54.23 | ep 16.4s | goals 3.52 | fall 38% | kl 0.0139 lr 7.6e-5 std 0.49 | L1
it   384 | 3.93M steps | 4909 sps | R 53.68 | ep 16.3s | goals 3.50 | fall 39% | kl 0.0173 lr 1.0e-5 std 0.49 | L1
it   385 | 3.94M steps | 5482 sps | R 54.21 | ep 16.4s | goals 3.53 | fall 39% | kl 0.0093 lr 1.1e-4 std 0.49 | L1
it   386 | 3.95M steps | 4618 sps | R 54.87 | ep 16.5s | goals 3.56 | fall 37% | kl 0.0170 lr 3.4e-5 std 0.49 | L1
it   387 | 3.96M steps | 5674 sps | R 55.16 | ep 16.5s | goals 3.58 | fall 37% | kl 0.0106 lr 1.7e-4 std 0.49 | L1
it   388 | 3.97M steps | 4835 sps | R 55.34 | ep 16.5s | goals 3.60 | fall 37% | kl 0.0145 lr 1.1e-4 std 0.49 | L1
it   389 | 3.98M steps | 4915 sps | R 55.81 | ep 16.6s | goals 3.63 | fall 37% | kl 0.0139 lr 1.1e-4 std 0.49 | L1
it   390 | 3.99M steps | 4783 sps | R 56.01 | ep 16.6s | goals 3.64 | fall 36% | kl 0.0140 lr 1.7e-4 std 0.49 | L1
it   391 | 4.00M steps | 5163 sps | R 56.02 | ep 16.6s | goals 3.64 | fall 37% | kl 0.0131 lr 1.7e-4 std 0.49 | L1
it   392 | 4.01M steps | 5077 sps | R 56.38 | ep 16.6s | goals 3.66 | fall 36% | kl 0.0158 lr 7.6e-5 std 0.49 | L1
it   393 | 4.02M steps | 4878 sps | R 56.12 | ep 16.6s | goals 3.65 | fall 36% | kl 0.0138 lr 7.6e-5 std 0.49 | L1
it   394 | 4.03M steps | 4884 sps | R 56.14 | ep 16.5s | goals 3.65 | fall 36% | kl 0.0141 lr 7.6e-5 std 0.49 | L1
it   395 | 4.04M steps | 5473 sps | R 55.78 | ep 16.5s | goals 3.64 | fall 37% | kl 0.0131 lr 2.6e-4 std 0.49 | L1
it   396 | 4.06M steps | 5205 sps | R 55.88 | ep 16.5s | goals 3.64 | fall 37% | kl 0.0176 lr 1.5e-5 std 0.49 | L1
it   397 | 4.07M steps | 5018 sps | R 55.73 | ep 16.4s | goals 3.64 | fall 37% | kl 0.0099 lr 2.6e-4 std 0.49 | L1
it   398 | 4.08M steps | 5159 sps | R 55.84 | ep 16.4s | goals 3.65 | fall 37% | kl 0.0150 lr 1.7e-4 std 0.49 | L1
it   399 | 4.09M steps | 4701 sps | R 55.32 | ep 16.3s | goals 3.63 | fall 38% | kl 0.0172 lr 1.0e-5 std 0.49 | L1
it   400 | 4.10M steps | 5652 sps | R 55.44 | ep 16.4s | goals 3.63 | fall 38% | kl 0.0092 lr 1.7e-4 std 0.49 | L1
it   401 | 4.11M steps | 4898 sps | R 55.00 | ep 16.3s | goals 3.62 | fall 39% | kl 0.0177 lr 1.0e-5 std 0.49 | L1
it   402 | 4.12M steps | 5296 sps | R 54.95 | ep 16.2s | goals 3.61 | fall 39% | kl 0.0077 lr 1.7e-4 std 0.49 | L1
it   403 | 4.13M steps | 4998 sps | R 54.97 | ep 16.2s | goals 3.62 | fall 39% | kl 0.0183 lr 2.3e-5 std 0.49 | L1
it   404 | 4.14M steps | 4987 sps | R 54.77 | ep 16.2s | goals 3.61 | fall 39% | kl 0.0102 lr 2.6e-4 std 0.49 | L1
it   405 | 4.15M steps | 5467 sps | R 54.13 | ep 16.1s | goals 3.58 | fall 41% | kl 0.0163 lr 5.1e-5 std 0.49 | L1
it   406 | 4.16M steps | 4667 sps | R 53.30 | ep 15.9s | goals 3.54 | fall 42% | kl 0.0151 lr 1.0e-5 std 0.49 | L1
it   407 | 4.17M steps | 4961 sps | R 53.32 | ep 15.9s | goals 3.55 | fall 42% | kl 0.0094 lr 5.1e-5 std 0.49 | L1
it   408 | 4.18M steps | 5562 sps | R 53.16 | ep 15.8s | goals 3.54 | fall 42% | kl 0.0131 lr 1.5e-5 std 0.49 | L1
it   409 | 4.19M steps | 4700 sps | R 52.89 | ep 15.8s | goals 3.53 | fall 43% | kl 0.0118 lr 2.3e-5 std 0.49 | L1
it   410 | 4.20M steps | 5362 sps | R 53.17 | ep 15.8s | goals 3.55 | fall 42% | kl 0.0109 lr 1.7e-4 std 0.49 | L1
it   411 | 4.21M steps | 4777 sps | R 52.99 | ep 15.7s | goals 3.54 | fall 42% | kl 0.0151 lr 7.6e-5 std 0.49 | L1
it   412 | 4.22M steps | 5204 sps | R 53.25 | ep 15.8s | goals 3.56 | fall 42% | kl 0.0140 lr 7.6e-5 std 0.49 | L1
it   413 | 4.23M steps | 4960 sps | R 53.28 | ep 15.8s | goals 3.57 | fall 43% | kl 0.0134 lr 1.1e-4 std 0.49 | L1
it   414 | 4.24M steps | 5361 sps | R 53.52 | ep 15.9s | goals 3.58 | fall 42% | kl 0.0154 lr 3.4e-5 std 0.49 | L1
it   415 | 4.25M steps | 5226 sps | R 53.72 | ep 15.9s | goals 3.59 | fall 42% | kl 0.0116 lr 1.7e-4 std 0.49 | L1
it   416 | 4.26M steps | 5179 sps | R 53.73 | ep 16.0s | goals 3.59 | fall 42% | kl 0.0168 lr 3.4e-5 std 0.49 | L1
it   417 | 4.27M steps | 5928 sps | R 53.70 | ep 15.9s | goals 3.58 | fall 41% | kl 0.0114 lr 1.7e-4 std 0.49 | L1
it   418 | 4.28M steps | 8375 sps | R 53.91 | ep 16.0s | goals 3.59 | fall 41% | kl 0.0183 lr 1.0e-5 std 0.49 | L1
it   419 | 4.29M steps | 9357 sps | R 54.04 | ep 16.0s | goals 3.60 | fall 41% | kl 0.0105 lr 2.3e-5 std 0.49 | L1
it   420 | 4.30M steps | 7721 sps | R 54.24 | ep 16.1s | goals 3.61 | fall 40% | kl 0.0105 lr 2.6e-4 std 0.49 | L1
it   421 | 4.31M steps | 8729 sps | R 54.30 | ep 16.1s | goals 3.62 | fall 40% | kl 0.0183 lr 1.0e-5 std 0.49 | L1
it   422 | 4.32M steps | 9103 sps | R 54.67 | ep 16.2s | goals 3.63 | fall 40% | kl 0.0092 lr 7.6e-5 std 0.49 | L1
it   423 | 4.33M steps | 8509 sps | R 54.47 | ep 16.1s | goals 3.63 | fall 40% | kl 0.0146 lr 2.3e-5 std 0.49 | L1
it   424 | 4.34M steps | 8366 sps | R 54.70 | ep 16.1s | goals 3.64 | fall 40% | kl 0.0114 lr 7.6e-5 std 0.49 | L1
it   425 | 4.35M steps | 9239 sps | R 54.63 | ep 16.1s | goals 3.63 | fall 40% | kl 0.0149 lr 2.3e-5 std 0.49 | L1
it   426 | 4.36M steps | 6564 sps | R 54.38 | ep 16.1s | goals 3.62 | fall 40% | kl 0.0115 lr 1.1e-4 std 0.49 | L1
it   427 | 4.37M steps | 8252 sps | R 54.24 | ep 16.0s | goals 3.60 | fall 39% | kl 0.0142 lr 7.6e-5 std 0.49 | L1
it   428 | 4.38M steps | 7457 sps | R 54.42 | ep 16.1s | goals 3.62 | fall 39% | kl 0.0164 lr 1.0e-5 std 0.49 | L1
it   429 | 4.39M steps | 7476 sps | R 54.49 | ep 16.0s | goals 3.63 | fall 39% | kl 0.0096 lr 5.1e-5 std 0.49 | L1
it   430 | 4.40M steps | 8674 sps | R 54.45 | ep 16.0s | goals 3.62 | fall 39% | kl 0.0121 lr 7.6e-5 std 0.49 | L1
it   431 | 4.41M steps | 7421 sps | R 54.86 | ep 16.1s | goals 3.64 | fall 38% | kl 0.0174 lr 1.0e-5 std 0.49 | L1
it   432 | 4.42M steps | 6720 sps | R 55.22 | ep 16.2s | goals 3.66 | fall 38% | kl 0.0104 lr 2.3e-5 std 0.49 | L1
it   433 | 4.43M steps | 7516 sps | R 55.48 | ep 16.2s | goals 3.67 | fall 37% | kl 0.0113 lr 5.1e-5 std 0.50 | L1
it   434 | 4.44M steps | 7444 sps | R 55.66 | ep 16.3s | goals 3.68 | fall 37% | kl 0.0132 lr 3.4e-5 std 0.50 | L1
it   435 | 4.45M steps | 6399 sps | R 55.77 | ep 16.3s | goals 3.69 | fall 37% | kl 0.0129 lr 2.3e-5 std 0.50 | L1
it   436 | 4.46M steps | 5232 sps | R 56.11 | ep 16.4s | goals 3.71 | fall 36% | kl 0.0101 lr 2.6e-4 std 0.50 | L1
it   437 | 4.47M steps | 5074 sps | R 56.35 | ep 16.4s | goals 3.72 | fall 36% | kl 0.0168 lr 3.4e-5 std 0.50 | L1
it   438 | 4.49M steps | 5222 sps | R 56.52 | ep 16.4s | goals 3.73 | fall 35% | kl 0.0119 lr 7.6e-5 std 0.50 | L1
it   439 | 4.50M steps | 4784 sps | R 56.54 | ep 16.4s | goals 3.73 | fall 35% | kl 0.0155 lr 2.3e-5 std 0.50 | L1
it   440 | 4.51M steps | 5307 sps | R 56.59 | ep 16.4s | goals 3.73 | fall 35% | kl 0.0127 lr 3.4e-5 std 0.50 | L1
it   441 | 4.52M steps | 4638 sps | R 56.66 | ep 16.4s | goals 3.74 | fall 35% | kl 0.0121 lr 1.1e-4 std 0.50 | L1
it   442 | 4.53M steps | 5931 sps | R 56.57 | ep 16.4s | goals 3.73 | fall 35% | kl 0.0147 lr 2.3e-5 std 0.50 | L1
it   443 | 4.54M steps | 4679 sps | R 56.55 | ep 16.4s | goals 3.73 | fall 36% | kl 0.0107 lr 1.7e-4 std 0.50 | L1
it   444 | 4.55M steps | 5535 sps | R 57.40 | ep 16.5s | goals 3.77 | fall 34% | kl 0.0167 lr 2.3e-5 std 0.50 | L1
it   445 | 4.56M steps | 4945 sps | R 57.22 | ep 16.5s | goals 3.77 | fall 34% | kl 0.0097 lr 1.7e-4 std 0.50 | L1
it   446 | 4.57M steps | 5161 sps | R 57.69 | ep 16.6s | goals 3.79 | fall 33% | kl 0.0181 lr 1.5e-5 std 0.50 | L1
it   447 | 4.58M steps | 4959 sps | R 57.87 | ep 16.6s | goals 3.79 | fall 33% | kl 0.0099 lr 1.7e-4 std 0.50 | L1
it   448 | 4.59M steps | 5136 sps | R 58.04 | ep 16.7s | goals 3.80 | fall 33% | kl 0.0161 lr 3.4e-5 std 0.50 | L1
it   449 | 4.60M steps | 4816 sps | R 58.13 | ep 16.7s | goals 3.81 | fall 33% | kl 0.0105 lr 2.6e-4 std 0.50 | L1
it   450 | 4.61M steps | 5532 sps | R 58.05 | ep 16.7s | goals 3.81 | fall 33% | kl 0.0185 lr 1.0e-5 std 0.50 | L1
it   451 | 4.62M steps | 5182 sps | R 58.39 | ep 16.7s | goals 3.82 | fall 33% | kl 0.0093 lr 3.4e-5 std 0.50 | L1
it   452 | 4.63M steps | 5704 sps | R 58.46 | ep 16.8s | goals 3.82 | fall 32% | kl 0.0117 lr 7.6e-5 std 0.50 | L1
it   453 | 4.64M steps | 5508 sps | R 58.48 | ep 16.7s | goals 3.82 | fall 32% | kl 0.0128 lr 1.7e-4 std 0.50 | L1
it   454 | 4.65M steps | 4888 sps | R 58.37 | ep 16.7s | goals 3.82 | fall 32% | kl 0.0186 lr 1.0e-5 std 0.50 | L1
it   455 | 4.66M steps | 5619 sps | R 58.06 | ep 16.6s | goals 3.80 | fall 33% | kl 0.0098 lr 3.4e-5 std 0.50 | L1
it   456 | 4.67M steps | 4966 sps | R 57.76 | ep 16.6s | goals 3.79 | fall 33% | kl 0.0137 lr 1.5e-5 std 0.50 | L1
it   457 | 4.68M steps | 5430 sps | R 57.72 | ep 16.6s | goals 3.79 | fall 33% | kl 0.0116 lr 2.3e-5 std 0.50 | L1
it   458 | 4.69M steps | 4994 sps | R 57.87 | ep 16.6s | goals 3.80 | fall 33% | kl 0.0095 lr 1.7e-4 std 0.50 | L1
it   459 | 4.70M steps | 5036 sps | R 58.16 | ep 16.6s | goals 3.81 | fall 33% | kl 0.0153 lr 1.7e-4 std 0.50 | L1
it   460 | 4.71M steps | 4827 sps | R 58.13 | ep 16.6s | goals 3.81 | fall 33% | kl 0.0156 lr 7.6e-5 std 0.50 | L1
it   461 | 4.72M steps | 5344 sps | R 57.78 | ep 16.6s | goals 3.79 | fall 33% | kl 0.0149 lr 5.1e-5 std 0.50 | L1
it   462 | 4.73M steps | 5052 sps | R 58.01 | ep 16.6s | goals 3.80 | fall 33% | kl 0.0128 lr 1.7e-4 std 0.50 | L1
it   463 | 4.74M steps | 5126 sps | R 58.25 | ep 16.7s | goals 3.81 | fall 33% | kl 0.0143 lr 1.1e-4 std 0.50 | L1
it   464 | 4.75M steps | 4603 sps | R 58.25 | ep 16.7s | goals 3.81 | fall 33% | kl 0.0139 lr 7.6e-5 std 0.50 | L1
it   465 | 4.76M steps | 5393 sps | R 57.94 | ep 16.6s | goals 3.80 | fall 33% | kl 0.0168 lr 1.0e-5 std 0.50 | L1
it   466 | 4.77M steps | 4587 sps | R 58.28 | ep 16.7s | goals 3.82 | fall 33% | kl 0.0101 lr 3.4e-5 std 0.50 | L1
it   467 | 4.78M steps | 5298 sps | R 58.46 | ep 16.8s | goals 3.83 | fall 33% | kl 0.0110 lr 1.1e-4 std 0.50 | L1
it   468 | 4.79M steps | 5036 sps | R 58.18 | ep 16.7s | goals 3.81 | fall 33% | kl 0.0171 lr 1.0e-5 std 0.50 | L1
it   469 | 4.80M steps | 5411 sps | R 58.26 | ep 16.7s | goals 3.82 | fall 33% | kl 0.0090 lr 7.6e-5 std 0.50 | L1
it   470 | 4.81M steps | 4991 sps | R 57.91 | ep 16.6s | goals 3.81 | fall 34% | kl 0.0176 lr 1.0e-5 std 0.50 | L1
it   471 | 4.82M steps | 5294 sps | R 57.91 | ep 16.6s | goals 3.81 | fall 34% | kl 0.0089 lr 7.6e-5 std 0.50 | L1
it   472 | 4.83M steps | 5253 sps | R 57.78 | ep 16.6s | goals 3.79 | fall 34% | kl 0.0130 lr 1.1e-4 std 0.50 | L1
it   473 | 4.84M steps | 5200 sps | R 57.71 | ep 16.6s | goals 3.79 | fall 35% | kl 0.0150 lr 5.1e-5 std 0.50 | L1
it   474 | 4.85M steps | 5253 sps | R 57.33 | ep 16.5s | goals 3.77 | fall 35% | kl 0.0142 lr 3.4e-5 std 0.50 | L1
it   475 | 4.86M steps | 5121 sps | R 57.33 | ep 16.5s | goals 3.77 | fall 35% | kl 0.0123 lr 5.1e-5 std 0.50 | L1
it   476 | 4.87M steps | 4912 sps | R 57.67 | ep 16.5s | goals 3.79 | fall 35% | kl 0.0152 lr 1.0e-5 std 0.50 | L1
it   477 | 4.88M steps | 5574 sps | R 57.14 | ep 16.4s | goals 3.77 | fall 36% | kl 0.0089 lr 1.1e-4 std 0.50 | L1
it   478 | 4.89M steps | 5070 sps | R 57.16 | ep 16.4s | goals 3.77 | fall 36% | kl 0.0142 lr 1.1e-4 std 0.50 | L1
it   479 | 4.90M steps | 4811 sps | R 57.27 | ep 16.4s | goals 3.78 | fall 36% | kl 0.0163 lr 1.5e-5 std 0.50 | L1
it   480 | 4.92M steps | 5420 sps | R 57.56 | ep 16.5s | goals 3.80 | fall 36% | kl 0.0089 lr 1.7e-4 std 0.50 | L1
it   481 | 4.93M steps | 4649 sps | R 58.07 | ep 16.6s | goals 3.82 | fall 35% | kl 0.0137 lr 1.7e-4 std 0.50 | L1
it   482 | 4.94M steps | 5517 sps | R 58.20 | ep 16.6s | goals 3.82 | fall 35% | kl 0.0179 lr 1.0e-5 std 0.50 | L1
it   483 | 4.95M steps | 4846 sps | R 57.98 | ep 16.6s | goals 3.81 | fall 35% | kl 0.0078 lr 1.7e-4 std 0.50 | L1
it   484 | 4.96M steps | 4575 sps | R 58.32 | ep 16.6s | goals 3.83 | fall 35% | kl 0.0158 lr 5.1e-5 std 0.50 | L1
it   485 | 4.97M steps | 4884 sps | R 58.27 | ep 16.6s | goals 3.83 | fall 35% | kl 0.0129 lr 1.7e-4 std 0.50 | L1
it   486 | 4.98M steps | 5441 sps | R 58.14 | ep 16.6s | goals 3.83 | fall 35% | kl 0.0171 lr 1.5e-5 std 0.50 | L1
it   487 | 4.99M steps | 4757 sps | R 58.46 | ep 16.7s | goals 3.84 | fall 35% | kl 0.0102 lr 1.7e-4 std 0.50 | L1
it   488 | 5.00M steps | 5041 sps | R 58.84 | ep 16.7s | goals 3.86 | fall 34% | kl 0.0170 lr 2.3e-5 std 0.50 | L1
it   489 | 5.01M steps | 4087 sps | R 58.76 | ep 16.7s | goals 3.85 | fall 34% | kl 0.0117 lr 7.6e-5 std 0.50 | L1
it   490 | 5.02M steps | 4141 sps | R 58.76 | ep 16.7s | goals 3.86 | fall 35% | kl 0.0172 lr 1.0e-5 std 0.50 | L1
it   491 | 5.03M steps | 4124 sps | R 58.95 | ep 16.8s | goals 3.87 | fall 34% | kl 0.0100 lr 3.4e-5 std 0.50 | L1
it   492 | 5.04M steps | 4617 sps | R 58.87 | ep 16.7s | goals 3.86 | fall 35% | kl 0.0098 lr 2.6e-4 std 0.50 | L1
it   493 | 5.05M steps | 3911 sps | R 59.00 | ep 16.8s | goals 3.87 | fall 35% | kl 0.0171 lr 1.5e-5 std 0.50 | L1
it   494 | 5.06M steps | 4323 sps | R 59.16 | ep 16.8s | goals 3.88 | fall 34% | kl 0.0106 lr 7.6e-5 std 0.50 | L1
it   495 | 5.07M steps | 3946 sps | R 59.37 | ep 16.9s | goals 3.89 | fall 34% | kl 0.0140 lr 5.1e-5 std 0.50 | L1
it   496 | 5.08M steps | 4504 sps | R 59.97 | ep 16.9s | goals 3.92 | fall 33% | kl 0.0142 lr 1.5e-5 std 0.50 | L1
it   497 | 5.09M steps | 4728 sps | R 60.05 | ep 17.0s | goals 3.93 | fall 33% | kl 0.0102 lr 3.4e-5 std 0.50 | L1
it   498 | 5.10M steps | 4614 sps | R 59.78 | ep 16.9s | goals 3.92 | fall 34% | kl 0.0113 lr 1.7e-4 std 0.50 | L1
it   499 | 5.11M steps | 4915 sps | R 59.82 | ep 16.9s | goals 3.92 | fall 34% | kl 0.0182 lr 1.0e-5 std 0.50 | L1
it   500 | 5.12M steps | 4562 sps | R 59.86 | ep 16.9s | goals 3.93 | fall 34% | kl 0.0103 lr 3.4e-5 std 0.50 | L1
it   501 | 5.13M steps | 4271 sps | R 60.24 | ep 17.0s | goals 3.95 | fall 33% | kl 0.0137 lr 1.5e-5 std 0.50 | L1
it   502 | 5.14M steps | 4642 sps | R 60.27 | ep 17.0s | goals 3.94 | fall 33% | kl 0.0115 lr 1.5e-5 std 0.50 | L1
it   503 | 5.15M steps | 4804 sps | R 60.15 | ep 17.0s | goals 3.94 | fall 33% | kl 0.0104 lr 1.1e-4 std 0.50 | L1
it   504 | 5.16M steps | 4147 sps | R 60.43 | ep 17.0s | goals 3.96 | fall 33% | kl 0.0144 lr 2.6e-4 std 0.50 | L1
it   505 | 5.17M steps | 4591 sps | R 60.68 | ep 17.1s | goals 3.98 | fall 33% | kl 0.0191 lr 1.0e-5 std 0.50 | L1
it   506 | 5.18M steps | 4171 sps | R 60.55 | ep 17.0s | goals 3.97 | fall 33% | kl 0.0080 lr 1.1e-4 std 0.50 | L1
it   507 | 5.19M steps | 4468 sps | R 60.30 | ep 16.9s | goals 3.96 | fall 33% | kl 0.0140 lr 1.1e-4 std 0.50 | L1
it   508 | 5.20M steps | 4341 sps | R 60.41 | ep 17.0s | goals 3.96 | fall 33% | kl 0.0179 lr 1.0e-5 std 0.50 | L1
it   509 | 5.21M steps | 4319 sps | R 60.62 | ep 17.0s | goals 3.98 | fall 33% | kl 0.0096 lr 3.4e-5 std 0.50 | L1
it   510 | 5.22M steps | 4410 sps | R 60.62 | ep 17.0s | goals 3.98 | fall 33% | kl 0.0117 lr 7.6e-5 std 0.50 | L1
it   511 | 5.23M steps | 4523 sps | R 60.55 | ep 17.0s | goals 3.97 | fall 33% | kl 0.0134 lr 7.6e-5 std 0.50 | L1
it   512 | 5.24M steps | 4504 sps | R 59.86 | ep 16.8s | goals 3.94 | fall 34% | kl 0.0172 lr 1.0e-5 std 0.50 | L1
it   513 | 5.25M steps | 4531 sps | R 60.11 | ep 16.9s | goals 3.96 | fall 34% | kl 0.0082 lr 1.7e-4 std 0.50 | L1
it   514 | 5.26M steps | 4298 sps | R 60.45 | ep 17.0s | goals 3.98 | fall 34% | kl 0.0147 lr 5.1e-5 std 0.50 | L1
it   515 | 5.27M steps | 4525 sps | R 60.13 | ep 16.9s | goals 3.96 | fall 34% | kl 0.0120 lr 2.6e-4 std 0.50 | L1
it   516 | 5.28M steps | 3904 sps | R 60.50 | ep 17.0s | goals 3.98 | fall 33% | kl 0.0145 lr 1.7e-4 std 0.50 | L1
it   517 | 5.29M steps | 4819 sps | R 60.58 | ep 17.0s | goals 3.98 | fall 33% | kl 0.0166 lr 2.3e-5 std 0.50 | L1
it   518 | 5.30M steps | 4123 sps | R 60.67 | ep 17.0s | goals 3.99 | fall 33% | kl 0.0125 lr 1.5e-5 std 0.50 | L1
it   519 | 5.31M steps | 4381 sps | R 60.62 | ep 17.0s | goals 3.99 | fall 33% | kl 0.0091 lr 2.6e-4 std 0.50 | L1
it   520 | 5.32M steps | 4181 sps | R 60.34 | ep 16.9s | goals 3.97 | fall 33% | kl 0.0159 lr 7.6e-5 std 0.50 | L1
it   521 | 5.34M steps | 3928 sps | R 59.91 | ep 16.8s | goals 3.95 | fall 34% | kl 0.0162 lr 1.0e-5 std 0.50 | L1
it   522 | 5.35M steps | 4246 sps | R 59.57 | ep 16.7s | goals 3.94 | fall 34% | kl 0.0083 lr 1.7e-4 std 0.50 | L1
it   523 | 5.36M steps | 4488 sps | R 59.32 | ep 16.7s | goals 3.92 | fall 35% | kl 0.0154 lr 7.6e-5 std 0.50 | L1
it   524 | 5.37M steps | 4260 sps | R 59.38 | ep 16.7s | goals 3.93 | fall 35% | kl 0.0124 lr 2.6e-4 std 0.50 | L1
it   525 | 5.38M steps | 4917 sps | R 58.80 | ep 16.6s | goals 3.90 | fall 36% | kl 0.0148 lr 1.1e-4 std 0.50 | L1
it   526 | 5.39M steps | 4041 sps | R 58.30 | ep 16.5s | goals 3.88 | fall 37% | kl 0.0156 lr 5.1e-5 std 0.50 | L1
it   527 | 5.40M steps | 4599 sps | R 58.55 | ep 16.5s | goals 3.90 | fall 36% | kl 0.0107 lr 2.6e-4 std 0.50 | L1
it   528 | 5.41M steps | 4781 sps | R 58.67 | ep 16.5s | goals 3.90 | fall 36% | kl 0.0176 lr 1.5e-5 std 0.50 | L1
it   529 | 5.42M steps | 4357 sps | R 58.69 | ep 16.5s | goals 3.91 | fall 36% | kl 0.0097 lr 1.1e-4 std 0.50 | L1
it   530 | 5.43M steps | 4515 sps | R 58.73 | ep 16.5s | goals 3.92 | fall 36% | kl 0.0146 lr 7.6e-5 std 0.50 | L1
it   531 | 5.44M steps | 4475 sps | R 58.73 | ep 16.5s | goals 3.92 | fall 36% | kl 0.0112 lr 2.6e-4 std 0.50 | L1
it   532 | 5.45M steps | 4844 sps | R 58.77 | ep 16.5s | goals 3.92 | fall 36% | kl 0.0156 lr 2.6e-4 std 0.50 | L1
it   533 | 5.46M steps | 4446 sps | R 58.85 | ep 16.5s | goals 3.92 | fall 35% | kl 0.0170 lr 1.5e-5 std 0.50 | L1
it   534 | 5.47M steps | 4376 sps | R 58.36 | ep 16.5s | goals 3.89 | fall 36% | kl 0.0089 lr 2.6e-4 std 0.50 | L1
it   535 | 5.48M steps | 4525 sps | R 58.30 | ep 16.5s | goals 3.89 | fall 36% | kl 0.0156 lr 7.6e-5 std 0.50 | L1
it   536 | 5.49M steps | 4236 sps | R 58.02 | ep 16.4s | goals 3.88 | fall 37% | kl 0.0165 lr 1.0e-5 std 0.50 | L1
it   537 | 5.50M steps | 3821 sps | R 57.44 | ep 16.2s | goals 3.84 | fall 37% | kl 0.0092 lr 1.1e-4 std 0.50 | L1
it   538 | 5.51M steps | 4204 sps | R 57.40 | ep 16.2s | goals 3.84 | fall 37% | kl 0.0160 lr 2.3e-5 std 0.50 | L1
it   539 | 5.52M steps | 4254 sps | R 57.70 | ep 16.3s | goals 3.86 | fall 37% | kl 0.0121 lr 2.3e-5 std 0.50 | L1
it   540 | 5.53M steps | 6071 sps | R 57.44 | ep 16.2s | goals 3.85 | fall 38% | kl 0.0108 lr 1.7e-4 std 0.50 | L1
it   541 | 5.54M steps | 4919 sps | R 57.47 | ep 16.3s | goals 3.85 | fall 37% | kl 0.0208 lr 1.0e-5 std 0.50 | L1
it   542 | 5.55M steps | 4591 sps | R 57.19 | ep 16.2s | goals 3.84 | fall 38% | kl 0.0095 lr 7.6e-5 std 0.50 | L1
it   543 | 5.56M steps | 4306 sps | R 57.03 | ep 16.2s | goals 3.83 | fall 38% | kl 0.0146 lr 3.4e-5 std 0.50 | L1
it   544 | 5.57M steps | 4442 sps | R 57.02 | ep 16.2s | goals 3.83 | fall 38% | kl 0.0141 lr 1.0e-5 std 0.50 | L1
it   545 | 5.58M steps | 4508 sps | R 56.85 | ep 16.1s | goals 3.82 | fall 38% | kl 0.0090 lr 1.7e-4 std 0.50 | L1
it   546 | 5.59M steps | 4349 sps | R 57.33 | ep 16.2s | goals 3.85 | fall 37% | kl 0.0174 lr 3.4e-5 std 0.50 | L1
it   547 | 5.60M steps | 4324 sps | R 57.17 | ep 16.2s | goals 3.84 | fall 38% | kl 0.0135 lr 3.4e-5 std 0.50 | L1
it   548 | 5.61M steps | 4583 sps | R 57.32 | ep 16.3s | goals 3.84 | fall 37% | kl 0.0128 lr 5.1e-5 std 0.50 | L1
it   549 | 5.62M steps | 3969 sps | R 57.60 | ep 16.3s | goals 3.86 | fall 37% | kl 0.0135 lr 5.1e-5 std 0.50 | L1
it   550 | 5.63M steps | 4206 sps | R 58.31 | ep 16.4s | goals 3.89 | fall 35% | kl 0.0155 lr 1.5e-5 std 0.50 | L1
it   551 | 5.64M steps | 4178 sps | R 59.00 | ep 16.6s | goals 3.93 | fall 34% | kl 0.0096 lr 1.7e-4 std 0.50 | L1
it   552 | 5.65M steps | 4553 sps | R 59.07 | ep 16.6s | goals 3.93 | fall 34% | kl 0.0147 lr 7.6e-5 std 0.50 | L1
it   553 | 5.66M steps | 4271 sps | R 59.00 | ep 16.6s | goals 3.93 | fall 34% | kl 0.0148 lr 5.1e-5 std 0.50 | L1
it   554 | 5.67M steps | 4162 sps | R 59.10 | ep 16.6s | goals 3.93 | fall 34% | kl 0.0143 lr 2.3e-5 std 0.50 | L1
it   555 | 5.68M steps | 4827 sps | R 59.55 | ep 16.7s | goals 3.96 | fall 34% | kl 0.0120 lr 2.3e-5 std 0.50 | L1
it   556 | 5.69M steps | 4134 sps | R 59.84 | ep 16.8s | goals 3.97 | fall 33% | kl 0.0121 lr 2.3e-5 std 0.50 | L1
it   557 | 5.70M steps | 4718 sps | R 59.77 | ep 16.7s | goals 3.96 | fall 33% | kl 0.0109 lr 1.1e-4 std 0.50 | L1
it   558 | 5.71M steps | 4468 sps | R 59.67 | ep 16.7s | goals 3.96 | fall 33% | kl 0.0145 lr 7.6e-5 std 0.50 | L1
it   559 | 5.72M steps | 4802 sps | R 59.97 | ep 16.8s | goals 3.97 | fall 33% | kl 0.0140 lr 5.1e-5 std 0.50 | L1
it   560 | 5.73M steps | 4009 sps | R 60.14 | ep 16.8s | goals 3.98 | fall 33% | kl 0.0122 lr 1.7e-4 std 0.50 | L1
it   561 | 5.74M steps | 4705 sps | R 60.50 | ep 16.8s | goals 4.00 | fall 32% | kl 0.0141 lr 1.7e-4 std 0.50 | L1
it   562 | 5.75M steps | 4670 sps | R 61.12 | ep 17.0s | goals 4.03 | fall 31% | kl 0.0169 lr 2.3e-5 std 0.50 | L1
  ▲ curriculum level 2: {"terrainLevel":0,"goalDistance":[1,3],"goalAngle":1.8,"randomization":0.25}
it   563 | 5.77M steps | 4916 sps | R 61.90 | ep 17.1s | goals 4.07 | fall 30% | kl 0.0138 lr 1.0e-5 std 0.50 | L2
it   564 | 5.78M steps | 3488 sps | R 75.29 | ep 19.4s | goals 4.69 | fall 6% | kl 0.0075 lr 1.7e-4 std 0.50 | L2
it   565 | 5.79M steps | 4023 sps | R 65.27 | ep 17.3s | goals 4.17 | fall 20% | kl 0.0163 lr 3.4e-5 std 0.50 | L2
it   566 | 5.80M steps | 4489 sps | R 62.15 | ep 16.6s | goals 4.04 | fall 27% | kl 0.0156 lr 1.5e-5 std 0.50 | L2
it   567 | 5.81M steps | 4278 sps | R 58.45 | ep 15.9s | goals 3.82 | fall 32% | kl 0.0107 lr 3.4e-5 std 0.50 | L2
it   568 | 5.82M steps | 4051 sps | R 53.34 | ep 14.9s | goals 3.56 | fall 41% | kl 0.0124 lr 2.3e-5 std 0.50 | L2
it   569 | 5.83M steps | 4292 sps | R 51.95 | ep 14.6s | goals 3.49 | fall 43% | kl 0.0105 lr 1.7e-4 std 0.50 | L2
it   570 | 5.84M steps | 4226 sps | R 52.38 | ep 14.8s | goals 3.52 | fall 44% | kl 0.0150 lr 5.1e-5 std 0.50 | L2
it   571 | 5.85M steps | 3815 sps | R 51.03 | ep 14.5s | goals 3.44 | fall 45% | kl 0.0129 lr 1.1e-4 std 0.50 | L2
it   572 | 5.86M steps | 4467 sps | R 50.33 | ep 14.3s | goals 3.40 | fall 46% | kl 0.0161 lr 5.1e-5 std 0.50 | L2
it   573 | 5.87M steps | 4583 sps | R 50.89 | ep 14.5s | goals 3.42 | fall 45% | kl 0.0126 lr 7.6e-5 std 0.50 | L2
it   574 | 5.88M steps | 4401 sps | R 51.14 | ep 14.6s | goals 3.43 | fall 45% | kl 0.0181 lr 1.0e-5 std 0.50 | L2
it   575 | 5.89M steps | 4482 sps | R 51.91 | ep 14.8s | goals 3.47 | fall 44% | kl 0.0098 lr 3.4e-5 std 0.50 | L2
it   576 | 5.90M steps | 4401 sps | R 51.05 | ep 14.6s | goals 3.42 | fall 45% | kl 0.0113 lr 2.6e-4 std 0.50 | L2
it   577 | 5.91M steps | 4551 sps | R 50.60 | ep 14.4s | goals 3.40 | fall 46% | kl 0.0164 lr 7.6e-5 std 0.50 | L2
it   578 | 5.92M steps | 4600 sps | R 50.51 | ep 14.4s | goals 3.40 | fall 45% | kl 0.0167 lr 1.0e-5 std 0.50 | L2
it   579 | 5.93M steps | 4049 sps | R 50.76 | ep 14.5s | goals 3.41 | fall 45% | kl 0.0086 lr 1.7e-4 std 0.50 | L2
it   580 | 5.94M steps | 4906 sps | R 50.13 | ep 14.4s | goals 3.38 | fall 46% | kl 0.0191 lr 1.0e-5 std 0.50 | L2
it   581 | 5.95M steps | 3887 sps | R 49.67 | ep 14.3s | goals 3.35 | fall 47% | kl 0.0076 lr 1.7e-4 std 0.50 | L2
it   582 | 5.96M steps | 3928 sps | R 50.35 | ep 14.4s | goals 3.39 | fall 46% | kl 0.0187 lr 1.0e-5 std 0.50 | L2
it   583 | 5.97M steps | 4195 sps | R 50.21 | ep 14.4s | goals 3.38 | fall 46% | kl 0.0088 lr 1.7e-4 std 0.50 | L2
it   584 | 5.98M steps | 4410 sps | R 50.34 | ep 14.4s | goals 3.39 | fall 46% | kl 0.0175 lr 1.0e-5 std 0.50 | L2
it   585 | 5.99M steps | 4111 sps | R 50.32 | ep 14.4s | goals 3.39 | fall 47% | kl 0.0088 lr 1.7e-4 std 0.50 | L2
it   586 | 6.00M steps | 4414 sps | R 49.87 | ep 14.3s | goals 3.36 | fall 47% | kl 0.0149 lr 1.7e-4 std 0.50 | L2
it   587 | 6.01M steps | 4216 sps | R 50.19 | ep 14.4s | goals 3.38 | fall 46% | kl 0.0162 lr 5.1e-5 std 0.50 | L2
it   588 | 6.02M steps | 4331 sps | R 50.36 | ep 14.4s | goals 3.38 | fall 46% | kl 0.0135 lr 5.1e-5 std 0.50 | L2
it   589 | 6.03M steps | 4054 sps | R 50.40 | ep 14.4s | goals 3.38 | fall 46% | kl 0.0126 lr 1.1e-4 std 0.50 | L2
it   590 | 6.04M steps | 4912 sps | R 50.56 | ep 14.4s | goals 3.39 | fall 46% | kl 0.0137 lr 1.1e-4 std 0.50 | L2
it   591 | 6.05M steps | 4111 sps | R 50.40 | ep 14.4s | goals 3.38 | fall 46% | kl 0.0148 lr 1.1e-4 std 0.50 | L2
it   592 | 6.06M steps | 4596 sps | R 50.79 | ep 14.5s | goals 3.41 | fall 45% | kl 0.0148 lr 7.6e-5 std 0.50 | L2
it   593 | 6.07M steps | 4491 sps | R 50.45 | ep 14.4s | goals 3.39 | fall 46% | kl 0.0144 lr 5.1e-5 std 0.50 | L2
it   594 | 6.08M steps | 4647 sps | R 50.21 | ep 14.3s | goals 3.38 | fall 46% | kl 0.0154 lr 1.0e-5 std 0.50 | L2
it   595 | 6.09M steps | 4227 sps | R 49.97 | ep 14.3s | goals 3.36 | fall 47% | kl 0.0086 lr 1.7e-4 std 0.50 | L2
it   596 | 6.10M steps | 4290 sps | R 49.70 | ep 14.2s | goals 3.35 | fall 47% | kl 0.0174 lr 2.3e-5 std 0.50 | L2
it   597 | 6.11M steps | 4434 sps | R 49.75 | ep 14.3s | goals 3.35 | fall 47% | kl 0.0101 lr 1.7e-4 std 0.50 | L2
it   598 | 6.12M steps | 4668 sps | R 49.69 | ep 14.3s | goals 3.35 | fall 48% | kl 0.0173 lr 1.0e-5 std 0.50 | L2
it   599 | 6.13M steps | 4062 sps | R 49.64 | ep 14.3s | goals 3.34 | fall 48% | kl 0.0115 lr 2.3e-5 std 0.50 | L2
it   600 | 6.14M steps | 4524 sps | R 50.05 | ep 14.4s | goals 3.36 | fall 47% | kl 0.0107 lr 1.1e-4 std 0.50 | L2
it   601 | 6.15M steps | 3962 sps | R 51.02 | ep 14.5s | goals 3.41 | fall 45% | kl 0.0160 lr 1.5e-5 std 0.51 | L2
it   602 | 6.16M steps | 4671 sps | R 51.12 | ep 14.6s | goals 3.42 | fall 45% | kl 0.0109 lr 7.6e-5 std 0.51 | L2
it   603 | 6.17M steps | 4195 sps | R 51.22 | ep 14.6s | goals 3.42 | fall 45% | kl 0.0139 lr 7.6e-5 std 0.51 | L2
it   604 | 6.18M steps | 3995 sps | R 51.36 | ep 14.6s | goals 3.43 | fall 45% | kl 0.0136 lr 1.1e-4 std 0.51 | L2
it   605 | 6.20M steps | 4546 sps | R 51.91 | ep 14.8s | goals 3.45 | fall 44% | kl 0.0152 lr 5.1e-5 std 0.51 | L2
it   606 | 6.21M steps | 4129 sps | R 51.86 | ep 14.8s | goals 3.45 | fall 44% | kl 0.0126 lr 7.6e-5 std 0.51 | L2
it   607 | 6.22M steps | 4414 sps | R 51.64 | ep 14.7s | goals 3.44 | fall 45% | kl 0.0135 lr 5.1e-5 std 0.51 | L2
it   608 | 6.23M steps | 4189 sps | R 51.51 | ep 14.7s | goals 3.43 | fall 45% | kl 0.0138 lr 5.1e-5 std 0.51 | L2
it   609 | 6.24M steps | 4242 sps | R 50.85 | ep 14.5s | goals 3.40 | fall 46% | kl 0.0132 lr 1.1e-4 std 0.51 | L2
it   610 | 6.25M steps | 4497 sps | R 50.59 | ep 14.5s | goals 3.38 | fall 46% | kl 0.0146 lr 2.3e-5 std 0.51 | L2
it   611 | 6.26M steps | 4322 sps | R 50.91 | ep 14.5s | goals 3.40 | fall 46% | kl 0.0101 lr 2.6e-4 std 0.51 | L2
it   612 | 6.27M steps | 4261 sps | R 51.12 | ep 14.6s | goals 3.41 | fall 45% | kl 0.0186 lr 2.3e-5 std 0.51 | L2
it   613 | 6.28M steps | 4410 sps | R 50.99 | ep 14.6s | goals 3.40 | fall 46% | kl 0.0121 lr 1.5e-5 std 0.51 | L2
it   614 | 6.29M steps | 4122 sps | R 51.03 | ep 14.6s | goals 3.40 | fall 45% | kl 0.0109 lr 2.3e-5 std 0.51 | L2
it   615 | 6.30M steps | 4596 sps | R 51.43 | ep 14.7s | goals 3.42 | fall 45% | kl 0.0094 lr 1.7e-4 std 0.51 | L2
it   616 | 6.31M steps | 4270 sps | R 51.33 | ep 14.7s | goals 3.42 | fall 45% | kl 0.0201 lr 1.0e-5 std 0.51 | L2
it   617 | 6.32M steps | 4264 sps | R 51.39 | ep 14.7s | goals 3.42 | fall 45% | kl 0.0094 lr 5.1e-5 std 0.51 | L2
it   618 | 6.33M steps | 3923 sps | R 51.23 | ep 14.7s | goals 3.41 | fall 45% | kl 0.0116 lr 1.7e-4 std 0.51 | L2
it   619 | 6.34M steps | 4296 sps | R 51.04 | ep 14.7s | goals 3.40 | fall 45% | kl 0.0181 lr 1.0e-5 std 0.51 | L2
it   620 | 6.35M steps | 4546 sps | R 51.49 | ep 14.7s | goals 3.42 | fall 44% | kl 0.0088 lr 1.7e-4 std 0.51 | L2
it   621 | 6.36M steps | 4066 sps | R 51.51 | ep 14.8s | goals 3.42 | fall 44% | kl 0.0159 lr 5.1e-5 std 0.51 | L2
it   622 | 6.37M steps | 4703 sps | R 51.21 | ep 14.7s | goals 3.40 | fall 45% | kl 0.0138 lr 5.1e-5 std 0.51 | L2
it   623 | 6.38M steps | 4136 sps | R 51.40 | ep 14.8s | goals 3.41 | fall 44% | kl 0.0161 lr 1.0e-5 std 0.51 | L2
it   624 | 6.39M steps | 4277 sps | R 51.65 | ep 14.8s | goals 3.43 | fall 44% | kl 0.0091 lr 1.1e-4 std 0.51 | L2
it   625 | 6.40M steps | 4317 sps | R 51.67 | ep 14.9s | goals 3.42 | fall 44% | kl 0.0149 lr 1.5e-5 std 0.51 | L2
it   626 | 6.41M steps | 4255 sps | R 51.32 | ep 14.9s | goals 3.40 | fall 44% | kl 0.0110 lr 3.4e-5 std 0.51 | L2
it   627 | 6.42M steps | 4027 sps | R 51.61 | ep 15.0s | goals 3.41 | fall 43% | kl 0.0117 lr 2.6e-4 std 0.51 | L2
it   628 | 6.43M steps | 4078 sps | R 52.07 | ep 15.0s | goals 3.43 | fall 42% | kl 0.0168 lr 3.4e-5 std 0.51 | L2
it   629 | 6.44M steps | 3732 sps | R 52.11 | ep 15.1s | goals 3.43 | fall 42% | kl 0.0117 lr 1.1e-4 std 0.51 | L2
it   630 | 6.45M steps | 4950 sps | R 52.73 | ep 15.2s | goals 3.47 | fall 41% | kl 0.0166 lr 1.0e-5 std 0.51 | L2
it   631 | 6.46M steps | 4033 sps | R 52.34 | ep 15.1s | goals 3.44 | fall 42% | kl 0.0108 lr 2.3e-5 std 0.51 | L2
it   632 | 6.47M steps | 4161 sps | R 52.47 | ep 15.1s | goals 3.45 | fall 42% | kl 0.0112 lr 1.1e-4 std 0.51 | L2
it   633 | 6.48M steps | 4283 sps | R 52.12 | ep 15.1s | goals 3.43 | fall 42% | kl 0.0168 lr 1.0e-5 std 0.51 | L2
it   634 | 6.49M steps | 4129 sps | R 52.22 | ep 15.1s | goals 3.43 | fall 42% | kl 0.0082 lr 1.7e-4 std 0.51 | L2
it   635 | 6.50M steps | 4235 sps | R 51.79 | ep 15.1s | goals 3.41 | fall 42% | kl 0.0154 lr 7.6e-5 std 0.51 | L2
it   636 | 6.51M steps | 4358 sps | R 51.54 | ep 15.0s | goals 3.40 | fall 42% | kl 0.0152 lr 3.4e-5 std 0.51 | L2
it   637 | 6.52M steps | 4075 sps | R 51.53 | ep 15.0s | goals 3.40 | fall 43% | kl 0.0134 lr 1.5e-5 std 0.51 | L2
it   638 | 6.53M steps | 4440 sps | R 51.25 | ep 15.0s | goals 3.38 | fall 43% | kl 0.0097 lr 1.7e-4 std 0.51 | L2
it   639 | 6.54M steps | 3867 sps | R 51.38 | ep 15.1s | goals 3.38 | fall 43% | kl 0.0167 lr 1.5e-5 std 0.51 | L2
it   640 | 6.55M steps | 4794 sps | R 51.80 | ep 15.2s | goals 3.40 | fall 42% | kl 0.0100 lr 1.1e-4 std 0.51 | L2
it   641 | 6.56M steps | 4316 sps | R 51.59 | ep 15.1s | goals 3.39 | fall 42% | kl 0.0152 lr 5.1e-5 std 0.51 | L2
it   642 | 6.57M steps | 4676 sps | R 52.08 | ep 15.2s | goals 3.42 | fall 42% | kl 0.0123 lr 2.6e-4 std 0.51 | L2
it   643 | 6.58M steps | 4302 sps | R 52.33 | ep 15.3s | goals 3.43 | fall 41% | kl 0.0195 lr 1.0e-5 std 0.51 | L2
it   644 | 6.59M steps | 4605 sps | R 52.11 | ep 15.2s | goals 3.42 | fall 42% | kl 0.0087 lr 1.7e-4 std 0.51 | L2
it   645 | 6.60M steps | 4216 sps | R 52.75 | ep 15.4s | goals 3.45 | fall 41% | kl 0.0181 lr 1.0e-5 std 0.51 | L2
it   646 | 6.62M steps | 4231 sps | R 53.39 | ep 15.5s | goals 3.48 | fall 40% | kl 0.0098 lr 2.3e-5 std 0.51 | L2
it   647 | 6.63M steps | 4651 sps | R 53.77 | ep 15.6s | goals 3.51 | fall 39% | kl 0.0103 lr 1.7e-4 std 0.51 | L2
it   648 | 6.64M steps | 4105 sps | R 53.61 | ep 15.6s | goals 3.50 | fall 39% | kl 0.0194 lr 1.0e-5 std 0.51 | L2
it   649 | 6.65M steps | 4417 sps | R 54.18 | ep 15.7s | goals 3.53 | fall 39% | kl 0.0085 lr 1.7e-4 std 0.51 | L2
it   650 | 6.66M steps | 4222 sps | R 55.29 | ep 15.9s | goals 3.58 | fall 37% | kl 0.0146 lr 1.1e-4 std 0.51 | L2
it   651 | 6.67M steps | 4232 sps | R 55.46 | ep 15.9s | goals 3.59 | fall 37% | kl 0.0167 lr 1.0e-5 std 0.51 | L2
it   652 | 6.68M steps | 4385 sps | R 55.43 | ep 15.9s | goals 3.59 | fall 37% | kl 0.0080 lr 7.6e-5 std 0.51 | L2
it   653 | 6.69M steps | 4473 sps | R 55.98 | ep 16.0s | goals 3.62 | fall 36% | kl 0.0155 lr 1.0e-5 std 0.51 | L2
it   654 | 6.70M steps | 3856 sps | R 56.21 | ep 16.0s | goals 3.63 | fall 36% | kl 0.0086 lr 1.7e-4 std 0.51 | L2
it   655 | 6.71M steps | 4808 sps | R 56.52 | ep 16.1s | goals 3.65 | fall 35% | kl 0.0193 lr 1.0e-5 std 0.51 | L2
it   656 | 6.72M steps | 4146 sps | R 56.52 | ep 16.1s | goals 3.64 | fall 35% | kl 0.0103 lr 2.3e-5 std 0.51 | L2
it   657 | 6.73M steps | 4437 sps | R 56.56 | ep 16.1s | goals 3.65 | fall 35% | kl 0.0124 lr 5.1e-5 std 0.51 | L2
it   658 | 6.74M steps | 4220 sps | R 56.59 | ep 16.1s | goals 3.64 | fall 34% | kl 0.0124 lr 1.7e-4 std 0.51 | L2
it   659 | 6.75M steps | 4129 sps | R 57.07 | ep 16.2s | goals 3.67 | fall 34% | kl 0.0142 lr 1.1e-4 std 0.51 | L2
it   660 | 6.76M steps | 4387 sps | R 57.30 | ep 16.3s | goals 3.69 | fall 34% | kl 0.0137 lr 1.7e-4 std 0.51 | L2
it   661 | 6.77M steps | 4379 sps | R 57.54 | ep 16.3s | goals 3.71 | fall 34% | kl 0.0146 lr 1.1e-4 std 0.51 | L2
it   662 | 6.78M steps | 4316 sps | R 57.11 | ep 16.2s | goals 3.69 | fall 35% | kl 0.0149 lr 5.1e-5 std 0.51 | L2
it   663 | 6.79M steps | 4163 sps | R 57.18 | ep 16.2s | goals 3.69 | fall 35% | kl 0.0148 lr 1.0e-5 std 0.51 | L2
it   664 | 6.80M steps | 4351 sps | R 57.43 | ep 16.3s | goals 3.71 | fall 35% | kl 0.0105 lr 2.3e-5 std 0.51 | L2
it   665 | 6.81M steps | 4029 sps | R 58.15 | ep 16.4s | goals 3.75 | fall 34% | kl 0.0120 lr 3.4e-5 std 0.51 | L2
it   666 | 6.82M steps | 4341 sps | R 57.99 | ep 16.3s | goals 3.74 | fall 35% | kl 0.0116 lr 1.1e-4 std 0.51 | L2
it   667 | 6.83M steps | 4290 sps | R 58.04 | ep 16.4s | goals 3.74 | fall 35% | kl 0.0137 lr 7.6e-5 std 0.51 | L2
it   668 | 6.84M steps | 4668 sps | R 58.12 | ep 16.3s | goals 3.75 | fall 35% | kl 0.0125 lr 1.7e-4 std 0.51 | L2
it   669 | 6.85M steps | 4012 sps | R 57.85 | ep 16.3s | goals 3.73 | fall 35% | kl 0.0172 lr 2.3e-5 std 0.51 | L2
it   670 | 6.86M steps | 4400 sps | R 57.85 | ep 16.3s | goals 3.74 | fall 35% | kl 0.0111 lr 1.7e-4 std 0.51 | L2
it   671 | 6.87M steps | 4086 sps | R 57.88 | ep 16.2s | goals 3.74 | fall 35% | kl 0.0164 lr 7.6e-5 std 0.51 | L2
it   672 | 6.88M steps | 4402 sps | R 57.73 | ep 16.2s | goals 3.73 | fall 35% | kl 0.0175 lr 1.0e-5 std 0.51 | L2
it   673 | 6.89M steps | 4440 sps | R 57.60 | ep 16.2s | goals 3.73 | fall 36% | kl 0.0096 lr 3.4e-5 std 0.51 | L2
it   674 | 6.90M steps | 4217 sps | R 57.62 | ep 16.2s | goals 3.74 | fall 36% | kl 0.0118 lr 7.6e-5 std 0.51 | L2
it   675 | 6.91M steps | 4346 sps | R 58.15 | ep 16.2s | goals 3.77 | fall 35% | kl 0.0143 lr 5.1e-5 std 0.51 | L2
it   676 | 6.92M steps | 4291 sps | R 58.51 | ep 16.3s | goals 3.79 | fall 35% | kl 0.0157 lr 1.0e-5 std 0.51 | L2
it   677 | 6.93M steps | 4174 sps | R 58.30 | ep 16.3s | goals 3.78 | fall 35% | kl 0.0108 lr 2.3e-5 std 0.51 | L2
it   678 | 6.94M steps | 4051 sps | R 58.36 | ep 16.3s | goals 3.77 | fall 34% | kl 0.0107 lr 1.7e-4 std 0.51 | L2
it   679 | 6.95M steps | 4068 sps | R 58.55 | ep 16.4s | goals 3.78 | fall 33% | kl 0.0201 lr 1.0e-5 std 0.51 | L2
it   680 | 6.96M steps | 4917 sps | R 58.06 | ep 16.2s | goals 3.76 | fall 34% | kl 0.0099 lr 7.6e-5 std 0.51 | L2
it   681 | 6.97M steps | 4165 sps | R 58.08 | ep 16.2s | goals 3.76 | fall 34% | kl 0.0140 lr 1.7e-4 std 0.51 | L2
it   682 | 6.98M steps | 4125 sps | R 57.80 | ep 16.1s | goals 3.75 | fall 35% | kl 0.0157 lr 1.7e-4 std 0.51 | L2
it   683 | 6.99M steps | 4210 sps | R 57.60 | ep 16.1s | goals 3.73 | fall 35% | kl 0.0156 lr 7.6e-5 std 0.51 | L2
it   684 | 7.00M steps | 4215 sps | R 57.70 | ep 16.2s | goals 3.74 | fall 35% | kl 0.0165 lr 1.0e-5 std 0.51 | L2
it   685 | 7.01M steps | 4219 sps | R 57.93 | ep 16.2s | goals 3.75 | fall 35% | kl 0.0099 lr 2.3e-5 std 0.51 | L2
it   686 | 7.02M steps | 3985 sps | R 57.44 | ep 16.1s | goals 3.72 | fall 35% | kl 0.0097 lr 2.6e-4 std 0.51 | L2
it   687 | 7.03M steps | 4565 sps | R 56.81 | ep 16.0s | goals 3.69 | fall 36% | kl 0.0192 lr 1.0e-5 std 0.51 | L2
it   688 | 7.05M steps | 4138 sps | R 56.73 | ep 16.0s | goals 3.69 | fall 37% | kl 0.0091 lr 7.6e-5 std 0.51 | L2
it   689 | 7.06M steps | 4089 sps | R 56.53 | ep 16.0s | goals 3.68 | fall 37% | kl 0.0145 lr 2.3e-5 std 0.51 | L2
it   690 | 7.07M steps | 4329 sps | R 56.37 | ep 15.9s | goals 3.67 | fall 37% | kl 0.0103 lr 2.6e-4 std 0.51 | L2
it   691 | 7.08M steps | 4408 sps | R 56.25 | ep 15.9s | goals 3.66 | fall 37% | kl 0.0185 lr 1.5e-5 std 0.51 | L2
it   692 | 7.09M steps | 4158 sps | R 55.99 | ep 15.9s | goals 3.65 | fall 38% | kl 0.0100 lr 1.1e-4 std 0.51 | L2
it   693 | 7.10M steps | 4980 sps | R 55.80 | ep 15.8s | goals 3.63 | fall 38% | kl 0.0144 lr 1.1e-4 std 0.51 | L2
it   694 | 7.11M steps | 4313 sps | R 55.79 | ep 15.9s | goals 3.63 | fall 38% | kl 0.0144 lr 5.1e-5 std 0.51 | L2
it   695 | 7.12M steps | 4666 sps | R 55.93 | ep 15.8s | goals 3.64 | fall 38% | kl 0.0152 lr 1.0e-5 std 0.51 | L2
it   696 | 7.13M steps | 4306 sps | R 55.90 | ep 15.8s | goals 3.64 | fall 38% | kl 0.0086 lr 1.7e-4 std 0.51 | L2
it   697 | 7.14M steps | 4322 sps | R 55.82 | ep 15.8s | goals 3.63 | fall 38% | kl 0.0188 lr 1.0e-5 std 0.51 | L2
it   698 | 7.15M steps | 4523 sps | R 56.06 | ep 15.9s | goals 3.64 | fall 37% | kl 0.0097 lr 7.6e-5 std 0.51 | L2
it   699 | 7.16M steps | 4056 sps | R 56.11 | ep 15.9s | goals 3.64 | fall 38% | kl 0.0132 lr 1.7e-4 std 0.51 | L2
it   700 | 7.17M steps | 4735 sps | R 56.16 | ep 15.9s | goals 3.64 | fall 38% | kl 0.0168 lr 1.5e-5 std 0.51 | L2
it   701 | 7.18M steps | 4363 sps | R 55.97 | ep 15.9s | goals 3.63 | fall 38% | kl 0.0095 lr 5.1e-5 std 0.51 | L2
it   702 | 7.19M steps | 4441 sps | R 56.10 | ep 15.9s | goals 3.64 | fall 38% | kl 0.0152 lr 1.0e-5 std 0.51 | L2
it   703 | 7.20M steps | 4362 sps | R 56.09 | ep 15.9s | goals 3.63 | fall 37% | kl 0.0102 lr 2.3e-5 std 0.51 | L2
it   704 | 7.21M steps | 4404 sps | R 56.00 | ep 15.9s | goals 3.63 | fall 37% | kl 0.0156 lr 1.0e-5 std 0.51 | L2
it   705 | 7.22M steps | 4614 sps | R 56.19 | ep 15.9s | goals 3.64 | fall 37% | kl 0.0071 lr 1.7e-4 std 0.51 | L2
it   706 | 7.23M steps | 4549 sps | R 56.37 | ep 15.9s | goals 3.65 | fall 37% | kl 0.0222 lr 1.0e-5 std 0.51 | L2
it   707 | 7.24M steps | 4718 sps | R 56.69 | ep 16.0s | goals 3.66 | fall 37% | kl 0.0106 lr 2.3e-5 std 0.51 | L2
it   708 | 7.25M steps | 5740 sps | R 56.31 | ep 16.0s | goals 3.64 | fall 37% | kl 0.0123 lr 3.4e-5 std 0.51 | L2
it   709 | 7.26M steps | 4987 sps | R 56.95 | ep 16.1s | goals 3.67 | fall 36% | kl 0.0119 lr 1.1e-4 std 0.51 | L2
it   710 | 7.27M steps | 5465 sps | R 57.17 | ep 16.2s | goals 3.67 | fall 36% | kl 0.0140 lr 1.1e-4 std 0.51 | L2
it   711 | 7.28M steps | 4033 sps | R 57.53 | ep 16.3s | goals 3.69 | fall 35% | kl 0.0170 lr 1.0e-5 std 0.51 | L2
it   712 | 7.29M steps | 6278 sps | R 57.39 | ep 16.2s | goals 3.68 | fall 35% | kl 0.0112 lr 2.3e-5 std 0.51 | L2
it   713 | 7.30M steps | 5784 sps | R 57.60 | ep 16.3s | goals 3.69 | fall 35% | kl 0.0144 lr 1.0e-5 std 0.51 | L2
it   714 | 7.31M steps | 4856 sps | R 57.42 | ep 16.2s | goals 3.67 | fall 35% | kl 0.0097 lr 1.1e-4 std 0.51 | L2
it   715 | 7.32M steps | 5046 sps | R 57.16 | ep 16.2s | goals 3.66 | fall 35% | kl 0.0176 lr 1.5e-5 std 0.51 | L2
it   716 | 7.33M steps | 4369 sps | R 57.17 | ep 16.2s | goals 3.66 | fall 36% | kl 0.0110 lr 3.4e-5 std 0.51 | L2
it   717 | 7.34M steps | 4602 sps | R 57.25 | ep 16.2s | goals 3.67 | fall 36% | kl 0.0129 lr 5.1e-5 std 0.51 | L2
it   718 | 7.35M steps | 4458 sps | R 57.95 | ep 16.3s | goals 3.70 | fall 35% | kl 0.0132 lr 5.1e-5 std 0.51 | L2
it   719 | 7.36M steps | 4519 sps | R 57.71 | ep 16.3s | goals 3.69 | fall 35% | kl 0.0160 lr 1.0e-5 std 0.51 | L2
it   720 | 7.37M steps | 1843 sps | R 58.11 | ep 16.3s | goals 3.71 | fall 35% | kl 0.0085 lr 1.7e-4 std 0.51 | L2
it   721 | 7.38M steps | 3584 sps | R 58.38 | ep 16.4s | goals 3.72 | fall 34% | kl 0.0176 lr 1.0e-5 std 0.51 | L2
it   722 | 7.39M steps | 4173 sps | R 58.23 | ep 16.4s | goals 3.71 | fall 35% | kl 0.0098 lr 7.6e-5 std 0.51 | L2
it   723 | 7.40M steps | 4473 sps | R 58.29 | ep 16.4s | goals 3.71 | fall 34% | kl 0.0136 lr 7.6e-5 std 0.51 | L2
it   724 | 7.41M steps | 3772 sps | R 58.31 | ep 16.4s | goals 3.71 | fall 34% | kl 0.0135 lr 1.1e-4 std 0.51 | L2
it   725 | 7.42M steps | 4316 sps | R 58.24 | ep 16.3s | goals 3.71 | fall 34% | kl 0.0170 lr 1.0e-5 std 0.51 | L2
it   726 | 7.43M steps | 4532 sps | R 58.14 | ep 16.3s | goals 3.70 | fall 34% | kl 0.0092 lr 1.7e-4 std 0.51 | L2
it   727 | 7.44M steps | 4350 sps | R 58.37 | ep 16.3s | goals 3.72 | fall 34% | kl 0.0181 lr 1.0e-5 std 0.51 | L2
it   728 | 7.45M steps | 4621 sps | R 58.20 | ep 16.3s | goals 3.71 | fall 34% | kl 0.0085 lr 1.7e-4 std 0.51 | L2
it   729 | 7.46M steps | 4290 sps | R 57.84 | ep 16.2s | goals 3.69 | fall 35% | kl 0.0169 lr 2.3e-5 std 0.51 | L2
it   730 | 7.48M steps | 4616 sps | R 57.99 | ep 16.2s | goals 3.70 | fall 35% | kl 0.0105 lr 1.7e-4 std 0.51 | L2
it   731 | 7.49M steps | 4135 sps | R 57.94 | ep 16.2s | goals 3.70 | fall 35% | kl 0.0182 lr 1.5e-5 std 0.51 | L2
it   732 | 7.50M steps | 4897 sps | R 57.61 | ep 16.2s | goals 3.68 | fall 35% | kl 0.0129 lr 1.5e-5 std 0.51 | L2
it   733 | 7.51M steps | 6022 sps | R 57.29 | ep 16.1s | goals 3.66 | fall 36% | kl 0.0114 lr 1.5e-5 std 0.51 | L2
it   734 | 7.52M steps | 6618 sps | R 56.98 | ep 16.1s | goals 3.65 | fall 36% | kl 0.0119 lr 2.3e-5 std 0.51 | L2
it   735 | 7.53M steps | 6909 sps | R 56.91 | ep 16.0s | goals 3.64 | fall 36% | kl 0.0096 lr 1.7e-4 std 0.51 | L2
it   736 | 7.54M steps | 6755 sps | R 56.94 | ep 16.0s | goals 3.64 | fall 36% | kl 0.0153 lr 1.1e-4 std 0.51 | L2
it   737 | 7.55M steps | 6095 sps | R 57.27 | ep 16.1s | goals 3.66 | fall 35% | kl 0.0147 lr 7.6e-5 std 0.51 | L2
it   738 | 7.56M steps | 4778 sps | R 57.15 | ep 16.0s | goals 3.65 | fall 35% | kl 0.0158 lr 1.0e-5 std 0.51 | L2
it   739 | 7.57M steps | 5270 sps | R 57.27 | ep 16.0s | goals 3.66 | fall 35% | kl 0.0097 lr 1.7e-4 std 0.51 | L2
it   740 | 7.58M steps | 5740 sps | R 57.38 | ep 16.1s | goals 3.66 | fall 35% | kl 0.0183 lr 1.5e-5 std 0.51 | L2
it   741 | 7.59M steps | 5220 sps | R 57.14 | ep 16.0s | goals 3.65 | fall 35% | kl 0.0100 lr 1.7e-4 std 0.51 | L2
it   742 | 7.60M steps | 5386 sps | R 57.27 | ep 16.0s | goals 3.66 | fall 35% | kl 0.0232 lr 1.0e-5 std 0.51 | L2
it   743 | 7.61M steps | 5619 sps | R 57.56 | ep 16.1s | goals 3.67 | fall 34% | kl 0.0098 lr 7.6e-5 std 0.51 | L2
it   744 | 7.62M steps | 5354 sps | R 57.47 | ep 16.0s | goals 3.67 | fall 35% | kl 0.0154 lr 2.3e-5 std 0.51 | L2
it   745 | 7.63M steps | 6207 sps | R 57.68 | ep 16.1s | goals 3.68 | fall 35% | kl 0.0113 lr 1.1e-4 std 0.51 | L2
it   746 | 7.64M steps | 3826 sps | R 56.96 | ep 15.9s | goals 3.65 | fall 36% | kl 0.0188 lr 1.0e-5 std 0.51 | L2
it   747 | 7.65M steps | 6071 sps | R 56.84 | ep 15.9s | goals 3.64 | fall 36% | kl 0.0074 lr 1.7e-4 std 0.51 | L2
it   748 | 7.66M steps | 7175 sps | R 56.63 | ep 15.8s | goals 3.63 | fall 36% | kl 0.0158 lr 5.1e-5 std 0.51 | L2
it   749 | 7.67M steps | 6042 sps | R 56.82 | ep 15.8s | goals 3.64 | fall 36% | kl 0.0124 lr 2.6e-4 std 0.51 | L2
it   750 | 7.68M steps | 7028 sps | R 56.83 | ep 15.8s | goals 3.65 | fall 36% | kl 0.0147 lr 1.1e-4 std 0.51 | L2
it   751 | 7.69M steps | 5901 sps | R 56.91 | ep 15.8s | goals 3.65 | fall 36% | kl 0.0149 lr 7.6e-5 std 0.51 | L2
it   752 | 7.70M steps | 5336 sps | R 57.36 | ep 15.9s | goals 3.67 | fall 36% | kl 0.0187 lr 1.0e-5 std 0.51 | L2
it   753 | 7.71M steps | 5306 sps | R 57.77 | ep 16.0s | goals 3.69 | fall 35% | kl 0.0082 lr 1.7e-4 std 0.51 | L2
it   754 | 7.72M steps | 5671 sps | R 57.30 | ep 15.9s | goals 3.67 | fall 36% | kl 0.0154 lr 1.1e-4 std 0.51 | L2
it   755 | 7.73M steps | 5954 sps | R 56.99 | ep 15.8s | goals 3.65 | fall 36% | kl 0.0156 lr 3.4e-5 std 0.51 | L2
it   756 | 7.74M steps | 5244 sps | R 57.27 | ep 15.9s | goals 3.67 | fall 35% | kl 0.0127 lr 5.1e-5 std 0.51 | L2
it   757 | 7.75M steps | 5905 sps | R 57.36 | ep 15.9s | goals 3.67 | fall 35% | kl 0.0139 lr 1.5e-5 std 0.51 | L2
it   758 | 7.76M steps | 5379 sps | R 57.68 | ep 16.0s | goals 3.69 | fall 35% | kl 0.0104 lr 7.6e-5 std 0.51 | L2
it   759 | 7.77M steps | 4853 sps | R 57.81 | ep 15.9s | goals 3.69 | fall 34% | kl 0.0157 lr 1.0e-5 std 0.51 | L2
it   760 | 7.78M steps | 3998 sps | R 57.48 | ep 15.9s | goals 3.67 | fall 35% | kl 0.0093 lr 7.6e-5 std 0.51 | L2
it   761 | 7.79M steps | 4377 sps | R 57.76 | ep 15.9s | goals 3.68 | fall 34% | kl 0.0135 lr 1.7e-4 std 0.51 | L2
it   762 | 7.80M steps | 4341 sps | R 57.85 | ep 16.0s | goals 3.69 | fall 34% | kl 0.0165 lr 2.3e-5 std 0.51 | L2
it   763 | 7.81M steps | 4710 sps | R 57.95 | ep 16.0s | goals 3.69 | fall 34% | kl 0.0101 lr 1.7e-4 std 0.51 | L2
it   764 | 7.82M steps | 4144 sps | R 57.57 | ep 15.9s | goals 3.67 | fall 35% | kl 0.0193 lr 1.0e-5 std 0.51 | L2
it   765 | 7.83M steps | 4569 sps | R 57.85 | ep 16.0s | goals 3.68 | fall 34% | kl 0.0108 lr 2.3e-5 std 0.51 | L2
it   766 | 7.84M steps | 4347 sps | R 57.99 | ep 16.0s | goals 3.69 | fall 34% | kl 0.0129 lr 2.3e-5 std 0.51 | L2
it   767 | 7.85M steps | 4436 sps | R 58.24 | ep 16.1s | goals 3.69 | fall 33% | kl 0.0084 lr 1.7e-4 std 0.51 | L2
it   768 | 7.86M steps | 4711 sps | R 58.82 | ep 16.2s | goals 3.73 | fall 33% | kl 0.0156 lr 7.6e-5 std 0.51 | L2
it   769 | 7.87M steps | 4122 sps | R 58.55 | ep 16.1s | goals 3.71 | fall 33% | kl 0.0128 lr 1.7e-4 std 0.51 | L2
it   770 | 7.88M steps | 4043 sps | R 58.78 | ep 16.1s | goals 3.72 | fall 33% | kl 0.0187 lr 1.0e-5 std 0.51 | L2
it   771 | 7.90M steps | 4078 sps | R 59.03 | ep 16.1s | goals 3.74 | fall 32% | kl 0.0088 lr 1.7e-4 std 0.51 | L2
it   772 | 7.91M steps | 4615 sps | R 59.52 | ep 16.2s | goals 3.77 | fall 32% | kl 0.0214 lr 1.0e-5 std 0.52 | L2
it   773 | 7.92M steps | 3467 sps | R 59.82 | ep 16.3s | goals 3.78 | fall 32% | kl 0.0094 lr 5.1e-5 std 0.52 | L2
it   774 | 7.93M steps | 3085 sps | R 60.11 | ep 16.3s | goals 3.79 | fall 31% | kl 0.0140 lr 1.5e-5 std 0.52 | L2
it   775 | 7.94M steps | 3557 sps | R 60.00 | ep 16.3s | goals 3.79 | fall 32% | kl 0.0106 lr 5.1e-5 std 0.52 | L2
it   776 | 7.95M steps | 3459 sps | R 59.12 | ep 16.1s | goals 3.74 | fall 33% | kl 0.0155 lr 1.5e-5 std 0.52 | L2
it   777 | 7.96M steps | 4034 sps | R 59.10 | ep 16.1s | goals 3.74 | fall 33% | kl 0.0115 lr 1.5e-5 std 0.52 | L2
it   778 | 7.97M steps | 3861 sps | R 59.37 | ep 16.2s | goals 3.76 | fall 33% | kl 0.0113 lr 1.5e-5 std 0.52 | L2
it   779 | 7.98M steps | 4387 sps | R 59.44 | ep 16.2s | goals 3.76 | fall 33% | kl 0.0107 lr 5.1e-5 std 0.52 | L2
it   780 | 7.99M steps | 4566 sps | R 59.06 | ep 16.1s | goals 3.75 | fall 34% | kl 0.0156 lr 1.0e-5 std 0.52 | L2
it   781 | 8.00M steps | 3859 sps | R 58.90 | ep 16.1s | goals 3.73 | fall 34% | kl 0.0079 lr 1.7e-4 std 0.52 | L2
it   782 | 8.01M steps | 4193 sps | R 58.79 | ep 16.0s | goals 3.73 | fall 34% | kl 0.0175 lr 2.3e-5 std 0.52 | L2
it   783 | 8.02M steps | 4288 sps | R 58.89 | ep 16.0s | goals 3.73 | fall 34% | kl 0.0115 lr 7.6e-5 std 0.52 | L2
it   784 | 8.03M steps | 4015 sps | R 59.27 | ep 16.1s | goals 3.75 | fall 33% | kl 0.0144 lr 3.4e-5 std 0.52 | L2
it   785 | 8.04M steps | 4531 sps | R 59.50 | ep 16.2s | goals 3.77 | fall 33% | kl 0.0121 lr 2.3e-5 std 0.52 | L2
it   786 | 8.05M steps | 4016 sps | R 59.59 | ep 16.2s | goals 3.77 | fall 33% | kl 0.0105 lr 7.6e-5 std 0.52 | L2
it   787 | 8.06M steps | 4602 sps | R 59.50 | ep 16.2s | goals 3.76 | fall 33% | kl 0.0139 lr 7.6e-5 std 0.52 | L2
it   788 | 8.07M steps | 4030 sps | R 59.42 | ep 16.1s | goals 3.75 | fall 33% | kl 0.0150 lr 1.5e-5 std 0.52 | L2
it   789 | 8.08M steps | 4068 sps | R 58.91 | ep 16.0s | goals 3.73 | fall 33% | kl 0.0095 lr 1.7e-4 std 0.52 | L2
