resumed walk-v1 at iteration 870, level 4
training walk-v1: 20 workers × 16 envs, 10240 samples/iter, obs 61, act 15
it   871 | 8.92M steps | 5091 sps | R 0.00 | ep 0.0s | goals 0.00 | fall 0% | 0.0 goals/min 0.00 falls/min | kl 0.0094 lr 1.1e-4 std 0.51 | L4
it   872 | 8.93M steps | 4608 sps | R 0.00 | ep 0.0s | goals 0.00 | fall 0% | 21.6 goals/min 0.00 falls/min | kl 0.0134 lr 3.8e-4 std 0.51 | L4
it   873 | 8.94M steps | 4155 sps | R 0.00 | ep 0.0s | goals 0.00 | fall 0% | 24.9 goals/min 0.00 falls/min | kl 0.0181 lr 1.1e-4 std 0.51 | L4
it   874 | 8.95M steps | 4214 sps | R 0.00 | ep 0.0s | goals 0.00 | fall 0% | 18.7 goals/min 0.00 falls/min | kl 0.0152 lr 1.5e-5 std 0.50 | L4
it   875 | 8.96M steps | 4139 sps | R 3.17 | ep 3.4s | goals 1.00 | fall 100% | 15.1 goals/min 0.05 falls/min | kl 0.0094 lr 1.7e-4 std 0.50 | L4
it   876 | 8.97M steps | 4193 sps | R 5.40 | ep 4.3s | goals 1.00 | fall 100% | 13.5 goals/min 0.31 falls/min | kl 0.0159 lr 5.1e-5 std 0.50 | L4
it   877 | 8.98M steps | 4201 sps | R 6.07 | ep 4.9s | goals 1.00 | fall 100% | 14.2 goals/min 0.74 falls/min | kl 0.0113 lr 2.6e-4 std 0.50 | L4
it   878 | 8.99M steps | 4388 sps | R 6.82 | ep 5.1s | goals 1.04 | fall 100% | 15.6 goals/min 0.79 falls/min | kl 0.0148 lr 1.1e-4 std 0.50 | L4
it   879 | 9.00M steps | 4658 sps | R 7.95 | ep 5.3s | goals 1.13 | fall 100% | 15.2 goals/min 0.81 falls/min | kl 0.0161 lr 1.0e-5 std 0.50 | L4
it   880 | 9.01M steps | 4345 sps | R 6.99 | ep 5.1s | goals 1.05 | fall 100% | 14.1 goals/min 0.87 falls/min | kl 0.0096 lr 5.1e-5 std 0.50 | L4
it   881 | 9.02M steps | 4283 sps | R 8.39 | ep 5.5s | goals 1.16 | fall 100% | 13.4 goals/min 0.96 falls/min | kl 0.0164 lr 1.0e-5 std 0.50 | L4
it   882 | 9.03M steps | 4340 sps | R 9.76 | ep 5.8s | goals 1.24 | fall 100% | 13.4 goals/min 1.00 falls/min | kl 0.0086 lr 1.7e-4 std 0.50 | L4
it   883 | 9.04M steps | 4296 sps | R 10.95 | ep 6.0s | goals 1.30 | fall 100% | 13.6 goals/min 1.01 falls/min | kl 0.0160 lr 3.4e-5 std 0.50 | L4
it   884 | 9.05M steps | 3966 sps | R 10.26 | ep 5.9s | goals 1.25 | fall 100% | 13.6 goals/min 0.99 falls/min | kl 0.0125 lr 1.7e-4 std 0.50 | L4
it   885 | 9.06M steps | 4053 sps | R 11.54 | ep 6.4s | goals 1.33 | fall 100% | 13.3 goals/min 1.03 falls/min | kl 0.0195 lr 1.0e-5 std 0.50 | L4
it   886 | 9.07M steps | 4135 sps | R 11.98 | ep 6.6s | goals 1.36 | fall 100% | 13.1 goals/min 1.03 falls/min | kl 0.0104 lr 3.4e-5 std 0.50 | L4
it   887 | 9.08M steps | 4540 sps | R 12.44 | ep 6.7s | goals 1.38 | fall 100% | 13.0 goals/min 1.01 falls/min | kl 0.0133 lr 1.5e-5 std 0.50 | L4
it   888 | 9.09M steps | 4583 sps | R 14.83 | ep 7.3s | goals 1.53 | fall 100% | 13.1 goals/min 1.08 falls/min | kl 0.0104 lr 1.7e-4 std 0.50 | L4
it   889 | 9.10M steps | 4307 sps | R 18.10 | ep 8.1s | goals 1.73 | fall 100% | 13.1 goals/min 1.15 falls/min | kl 0.0173 lr 2.3e-5 std 0.50 | L4
  ▲ curriculum level 5: {"terrainLevel":3,"goalDistance":[1,3.5],"goalAngle":3.141592653589793,"randomization":0.5}
it   890 | 9.11M steps | 4164 sps | R 19.31 | ep 8.4s | goals 1.80 | fall 100% | 13.0 goals/min 1.17 falls/min | kl 0.0110 lr 1.1e-4 std 0.50 | L5
it   891 | 9.12M steps | 3813 sps | R 18.80 | ep 8.3s | goals 1.77 | fall 100% | 9.6 goals/min 1.88 falls/min | kl 0.0174 lr 1.0e-5 std 0.50 | L5
it   892 | 9.13M steps | 4117 sps | R 19.24 | ep 8.5s | goals 1.79 | fall 100% | 9.8 goals/min 1.29 falls/min | kl 0.0089 lr 1.7e-4 std 0.50 | L5
it   893 | 9.14M steps | 4593 sps | R 19.75 | ep 8.6s | goals 1.82 | fall 100% | 10.5 goals/min 1.33 falls/min | kl 0.0144 lr 1.1e-4 std 0.50 | L5
it   894 | 9.15M steps | 4546 sps | R 20.58 | ep 8.8s | goals 1.87 | fall 100% | 11.2 goals/min 1.23 falls/min | kl 0.0141 lr 1.1e-4 std 0.50 | L5
it   895 | 9.16M steps | 4121 sps | R 54.10 | ep 16.1s | goals 3.46 | fall 36% | 11.2 goals/min 1.31 falls/min | kl 0.0159 lr 3.4e-5 std 0.50 | L5
it   896 | 9.18M steps | 4002 sps | R 53.89 | ep 16.1s | goals 3.45 | fall 37% | 10.0 goals/min 1.17 falls/min | kl 0.0132 lr 3.4e-5 std 0.50 | L5
it   897 | 9.19M steps | 4363 sps | R 53.38 | ep 16.0s | goals 3.42 | fall 37% | 8.9 goals/min 1.14 falls/min | kl 0.0123 lr 1.7e-4 std 0.50 | L5
it   898 | 9.20M steps | 4536 sps | R 50.18 | ep 15.2s | goals 3.24 | fall 41% | 9.1 goals/min 1.61 falls/min | kl 0.0134 lr 1.7e-4 std 0.50 | L5
it   899 | 9.21M steps | 5675 sps | R 46.92 | ep 14.5s | goals 3.06 | fall 44% | 10.3 goals/min 2.08 falls/min | kl 0.0150 lr 1.1e-4 std 0.50 | L5
it   900 | 9.22M steps | 4011 sps | R 43.94 | ep 13.8s | goals 2.90 | fall 48% | 10.8 goals/min 2.51 falls/min | kl 0.0170 lr 1.0e-5 std 0.50 | L5
it   901 | 9.23M steps | 4273 sps | R 42.95 | ep 13.6s | goals 2.85 | fall 49% | 10.5 goals/min 2.58 falls/min | kl 0.0104 lr 3.4e-5 std 0.50 | L5
it   902 | 9.24M steps | 4319 sps | R 42.01 | ep 13.4s | goals 2.80 | fall 50% | 10.1 goals/min 2.64 falls/min | kl 0.0123 lr 5.1e-5 std 0.50 | L5
it   903 | 9.25M steps | 4377 sps | R 40.90 | ep 13.2s | goals 2.74 | fall 51% | 10.0 goals/min 2.72 falls/min | kl 0.0116 lr 1.7e-4 std 0.50 | L5
it   904 | 9.26M steps | 4414 sps | R 39.78 | ep 13.0s | goals 2.68 | fall 53% | 10.2 goals/min 2.80 falls/min | kl 0.0131 lr 1.7e-4 std 0.50 | L5
it   905 | 9.27M steps | 4531 sps | R 39.11 | ep 12.9s | goals 2.64 | fall 53% | 10.3 goals/min 2.80 falls/min | kl 0.0162 lr 5.1e-5 std 0.50 | L5
it   906 | 9.28M steps | 4041 sps | R 38.84 | ep 12.8s | goals 2.63 | fall 54% | 10.3 goals/min 2.75 falls/min | kl 0.0133 lr 5.1e-5 std 0.50 | L5
it   907 | 9.29M steps | 4083 sps | R 38.45 | ep 12.8s | goals 2.60 | fall 54% | 10.3 goals/min 2.72 falls/min | kl 0.0141 lr 3.4e-5 std 0.50 | L5
it   908 | 9.30M steps | 4459 sps | R 37.78 | ep 12.6s | goals 2.57 | fall 55% | 10.2 goals/min 2.79 falls/min | kl 0.0109 lr 1.1e-4 std 0.50 | L5
it   909 | 9.31M steps | 4419 sps | R 37.33 | ep 12.6s | goals 2.54 | fall 56% | 10.3 goals/min 2.76 falls/min | kl 0.0159 lr 3.4e-5 std 0.50 | L5
it   910 | 9.32M steps | 4174 sps | R 36.94 | ep 12.5s | goals 2.52 | fall 56% | 10.3 goals/min 2.75 falls/min | kl 0.0116 lr 1.7e-4 std 0.50 | L5
it   911 | 9.33M steps | 4486 sps | R 37.02 | ep 12.5s | goals 2.52 | fall 56% | 10.4 goals/min 2.74 falls/min | kl 0.0153 lr 1.7e-4 std 0.50 | L5
it   912 | 9.34M steps | 4991 sps | R 37.29 | ep 12.6s | goals 2.54 | fall 56% | 10.4 goals/min 2.84 falls/min | kl 0.0178 lr 1.0e-5 std 0.50 | L5
it   913 | 9.35M steps | 4838 sps | R 37.92 | ep 12.8s | goals 2.56 | fall 55% | 10.3 goals/min 2.87 falls/min | kl 0.0105 lr 2.3e-5 std 0.50 | L5
it   914 | 9.36M steps | 4046 sps | R 38.54 | ep 13.0s | goals 2.59 | fall 54% | 10.1 goals/min 2.98 falls/min | kl 0.0092 lr 1.7e-4 std 0.50 | L5
it   915 | 9.37M steps | 4355 sps | R 38.72 | ep 13.1s | goals 2.60 | fall 54% | 10.0 goals/min 2.95 falls/min | kl 0.0162 lr 2.3e-5 std 0.50 | L5
it   916 | 9.38M steps | 4480 sps | R 39.01 | ep 13.2s | goals 2.61 | fall 53% | 10.4 goals/min 3.02 falls/min | kl 0.0111 lr 1.7e-4 std 0.50 | L5
it   917 | 9.39M steps | 4449 sps | R 38.92 | ep 13.2s | goals 2.60 | fall 53% | 10.9 goals/min 3.09 falls/min | kl 0.0153 lr 7.6e-5 std 0.50 | L5
it   918 | 9.40M steps | 4268 sps | R 38.21 | ep 13.1s | goals 2.55 | fall 53% | 11.0 goals/min 3.06 falls/min | kl 0.0168 lr 1.0e-5 std 0.50 | L5
it   919 | 9.41M steps | 4533 sps | R 38.26 | ep 13.1s | goals 2.54 | fall 52% | 10.4 goals/min 2.88 falls/min | kl 0.0094 lr 7.6e-5 std 0.50 | L5
it   920 | 9.42M steps | 4029 sps | R 37.28 | ep 13.1s | goals 2.47 | fall 52% | 10.3 goals/min 2.68 falls/min | kl 0.0161 lr 2.3e-5 std 0.50 | L5
it   921 | 9.43M steps | 4530 sps | R 36.28 | ep 12.9s | goals 2.42 | fall 54% | 10.2 goals/min 2.63 falls/min | kl 0.0128 lr 2.3e-5 std 0.50 | L5
it   922 | 9.44M steps | 5811 sps | R 35.46 | ep 12.8s | goals 2.37 | fall 55% | 10.3 goals/min 2.53 falls/min | kl 0.0134 lr 1.0e-5 std 0.50 | L5
it   923 | 9.45M steps | 6343 sps | R 33.78 | ep 12.4s | goals 2.27 | fall 57% | 10.6 goals/min 2.48 falls/min | kl 0.0090 lr 1.7e-4 std 0.50 | L5
it   924 | 9.46M steps | 6821 sps | R 30.76 | ep 11.9s | goals 2.11 | fall 61% | 10.6 goals/min 2.60 falls/min | kl 0.0143 lr 1.1e-4 std 0.50 | L5
it   925 | 9.47M steps | 6040 sps | R 28.34 | ep 11.4s | goals 1.98 | fall 64% | 10.5 goals/min 2.68 falls/min | kl 0.0143 lr 1.7e-4 std 0.50 | L5
it   926 | 9.48M steps | 5653 sps | R 26.95 | ep 11.1s | goals 1.91 | fall 66% | 10.4 goals/min 2.72 falls/min | kl 0.0161 lr 5.1e-5 std 0.50 | L5
it   927 | 9.49M steps | 5336 sps | R 26.37 | ep 11.0s | goals 1.88 | fall 67% | 10.4 goals/min 2.75 falls/min | kl 0.0127 lr 1.7e-4 std 0.50 | L5
it   928 | 9.50M steps | 5454 sps | R 27.78 | ep 11.4s | goals 1.95 | fall 65% | 10.4 goals/min 2.80 falls/min | kl 0.0165 lr 3.4e-5 std 0.50 | L5
it   929 | 9.51M steps | 5120 sps | R 28.71 | ep 11.6s | goals 2.00 | fall 64% | 10.6 goals/min 2.78 falls/min | kl 0.0116 lr 1.1e-4 std 0.50 | L5
it   930 | 9.52M steps | 4978 sps | R 29.58 | ep 11.9s | goals 2.05 | fall 63% | 10.5 goals/min 2.84 falls/min | kl 0.0146 lr 5.1e-5 std 0.50 | L5
it   931 | 9.53M steps | 5258 sps | R 30.35 | ep 12.1s | goals 2.09 | fall 62% | 10.3 goals/min 2.86 falls/min | kl 0.0135 lr 3.4e-5 std 0.50 | L5
it   932 | 9.54M steps | 5181 sps | R 30.47 | ep 12.1s | goals 2.09 | fall 62% | 10.5 goals/min 2.91 falls/min | kl 0.0117 lr 1.7e-4 std 0.50 | L5
it   933 | 9.55M steps | 5208 sps | R 30.62 | ep 12.2s | goals 2.10 | fall 62% | 10.5 goals/min 2.93 falls/min | kl 0.0173 lr 1.5e-5 std 0.50 | L5
it   934 | 9.56M steps | 4578 sps | R 30.76 | ep 12.2s | goals 2.10 | fall 62% | 10.5 goals/min 3.01 falls/min | kl 0.0141 lr 1.5e-5 std 0.50 | L5
it   935 | 9.57M steps | 4415 sps | R 31.38 | ep 12.4s | goals 2.13 | fall 61% | 10.5 goals/min 3.08 falls/min | kl 0.0100 lr 2.6e-4 std 0.50 | L5
it   936 | 9.58M steps | 4738 sps | R 31.11 | ep 12.3s | goals 2.11 | fall 61% | 10.4 goals/min 3.19 falls/min | kl 0.0160 lr 7.6e-5 std 0.50 | L5
it   937 | 9.59M steps | 5918 sps | R 31.13 | ep 12.3s | goals 2.11 | fall 61% | 10.2 goals/min 3.21 falls/min | kl 0.0156 lr 2.3e-5 std 0.50 | L5
it   938 | 9.61M steps | 3238 sps | R 31.09 | ep 12.3s | goals 2.11 | fall 61% | 10.2 goals/min 3.13 falls/min | kl 0.0100 lr 1.7e-4 std 0.50 | L5
it   939 | 9.62M steps | 5148 sps | R 31.18 | ep 12.3s | goals 2.12 | fall 61% | 10.2 goals/min 3.20 falls/min | kl 0.0154 lr 1.1e-4 std 0.50 | L5
it   940 | 9.63M steps | 6597 sps | R 31.13 | ep 12.3s | goals 2.11 | fall 61% | 10.2 goals/min 3.22 falls/min | kl 0.0160 lr 1.0e-5 std 0.50 | L5
it   941 | 9.64M steps | 6652 sps | R 31.12 | ep 12.3s | goals 2.11 | fall 61% | 10.5 goals/min 3.22 falls/min | kl 0.0108 lr 3.4e-5 std 0.50 | L5
it   942 | 9.65M steps | 6437 sps | R 30.96 | ep 12.2s | goals 2.10 | fall 60% | 10.7 goals/min 3.28 falls/min | kl 0.0117 lr 7.6e-5 std 0.50 | L5
it   943 | 9.66M steps | 5093 sps | R 31.03 | ep 12.2s | goals 2.11 | fall 60% | 10.4 goals/min 3.22 falls/min | kl 0.0132 lr 1.7e-4 std 0.50 | L5
it   944 | 9.67M steps | 4728 sps | R 30.97 | ep 12.2s | goals 2.11 | fall 60% | 10.0 goals/min 3.08 falls/min | kl 0.0186 lr 1.0e-5 std 0.50 | L5
it   945 | 9.68M steps | 5498 sps | R 33.02 | ep 12.6s | goals 2.19 | fall 55% | 10.2 goals/min 2.94 falls/min | kl 0.0083 lr 1.7e-4 std 0.50 | L5
it   946 | 9.69M steps | 4141 sps | R 32.28 | ep 12.4s | goals 2.17 | fall 57% | 10.3 goals/min 2.96 falls/min | kl 0.0216 lr 1.0e-5 std 0.50 | L5
it   947 | 9.70M steps | 3921 sps | R 31.17 | ep 12.2s | goals 2.11 | fall 59% | 10.3 goals/min 2.96 falls/min | kl 0.0104 lr 5.1e-5 std 0.50 | L5
it   948 | 9.71M steps | 4130 sps | R 29.89 | ep 11.9s | goals 2.05 | fall 61% | 10.5 goals/min 2.87 falls/min | kl 0.0145 lr 2.3e-5 std 0.50 | L5
it   949 | 9.72M steps | 4166 sps | R 29.06 | ep 11.7s | goals 2.01 | fall 63% | 10.3 goals/min 2.99 falls/min | kl 0.0131 lr 3.4e-5 std 0.50 | L5
it   950 | 9.73M steps | 4172 sps | R 29.88 | ep 11.9s | goals 2.06 | fall 62% | 10.3 goals/min 2.93 falls/min | kl 0.0118 lr 1.7e-4 std 0.50 | L5
it   951 | 9.74M steps | 4739 sps | R 29.48 | ep 11.8s | goals 2.04 | fall 63% | 10.3 goals/min 2.99 falls/min | kl 0.0172 lr 1.5e-5 std 0.50 | L5
it   952 | 9.75M steps | 4065 sps | R 29.88 | ep 11.9s | goals 2.06 | fall 62% | 10.1 goals/min 2.94 falls/min | kl 0.0103 lr 1.7e-4 std 0.50 | L5
it   953 | 9.76M steps | 4236 sps | R 30.12 | ep 12.0s | goals 2.07 | fall 62% | 10.3 goals/min 2.95 falls/min | kl 0.0151 lr 7.6e-5 std 0.50 | L5
it   954 | 9.77M steps | 4136 sps | R 30.03 | ep 12.0s | goals 2.06 | fall 62% | 10.3 goals/min 2.92 falls/min | kl 0.0170 lr 1.0e-5 std 0.50 | L5
it   955 | 9.78M steps | 4158 sps | R 29.92 | ep 12.0s | goals 2.05 | fall 62% | 10.3 goals/min 2.94 falls/min | kl 0.0102 lr 5.1e-5 std 0.50 | L5
it   956 | 9.79M steps | 4045 sps | R 29.66 | ep 11.9s | goals 2.04 | fall 62% | 10.4 goals/min 2.88 falls/min | kl 0.0116 lr 1.7e-4 std 0.50 | L5
it   957 | 9.80M steps | 3945 sps | R 30.17 | ep 12.0s | goals 2.06 | fall 61% | 10.5 goals/min 2.88 falls/min | kl 0.0134 lr 1.1e-4 std 0.50 | L5
it   958 | 9.81M steps | 4147 sps | R 29.72 | ep 11.9s | goals 2.04 | fall 62% | 10.3 goals/min 2.92 falls/min | kl 0.0157 lr 2.3e-5 std 0.50 | L5
it   959 | 9.82M steps | 4216 sps | R 30.06 | ep 12.0s | goals 2.06 | fall 62% | 10.5 goals/min 2.88 falls/min | kl 0.0140 lr 1.0e-5 std 0.50 | L5
it   960 | 9.83M steps | 3941 sps | R 29.85 | ep 11.9s | goals 2.04 | fall 62% | 10.3 goals/min 2.86 falls/min | kl 0.0089 lr 1.7e-4 std 0.50 | L5
it   961 | 9.84M steps | 4244 sps | R 30.02 | ep 11.9s | goals 2.06 | fall 62% | 10.3 goals/min 2.93 falls/min | kl 0.0151 lr 7.6e-5 std 0.50 | L5
it   962 | 9.85M steps | 4091 sps | R 30.15 | ep 12.0s | goals 2.06 | fall 62% | 10.3 goals/min 2.93 falls/min | kl 0.0180 lr 1.0e-5 std 0.50 | L5
it   963 | 9.86M steps | 4412 sps | R 30.80 | ep 12.1s | goals 2.10 | fall 61% | 10.4 goals/min 3.04 falls/min | kl 0.0098 lr 7.6e-5 std 0.50 | L5
it   964 | 9.87M steps | 4165 sps | R 30.88 | ep 12.2s | goals 2.10 | fall 61% | 10.6 goals/min 3.05 falls/min | kl 0.0133 lr 2.6e-4 std 0.50 | L5
it   965 | 9.88M steps | 4650 sps | R 31.00 | ep 12.2s | goals 2.12 | fall 61% | 10.6 goals/min 3.09 falls/min | kl 0.0146 lr 1.7e-4 std 0.50 | L5
it   966 | 9.89M steps | 4409 sps | R 31.56 | ep 12.3s | goals 2.15 | fall 61% | 10.5 goals/min 3.07 falls/min | kl 0.0142 lr 1.7e-4 std 0.50 | L5
it   967 | 9.90M steps | 3758 sps | R 31.69 | ep 12.3s | goals 2.15 | fall 60% | 10.5 goals/min 3.09 falls/min | kl 0.0171 lr 1.0e-5 std 0.50 | L5
it   968 | 9.91M steps | 4366 sps | R 32.22 | ep 12.4s | goals 2.18 | fall 60% | 10.5 goals/min 3.07 falls/min | kl 0.0090 lr 1.7e-4 std 0.50 | L5
it   969 | 9.92M steps | 4077 sps | R 32.11 | ep 12.4s | goals 2.17 | fall 60% | 10.4 goals/min 2.98 falls/min | kl 0.0145 lr 1.7e-4 std 0.50 | L5
it   970 | 9.93M steps | 4510 sps | R 32.57 | ep 12.5s | goals 2.19 | fall 59% | 10.5 goals/min 3.01 falls/min | kl 0.0181 lr 1.0e-5 std 0.50 | L5
it   971 | 9.94M steps | 4594 sps | R 32.69 | ep 12.6s | goals 2.20 | fall 59% | 10.6 goals/min 2.96 falls/min | kl 0.0093 lr 1.7e-4 std 0.50 | L5
it   972 | 9.95M steps | 4301 sps | R 32.77 | ep 12.6s | goals 2.20 | fall 59% | 10.7 goals/min 2.95 falls/min | kl 0.0149 lr 1.7e-4 std 0.50 | L5
it   973 | 9.96M steps | 4652 sps | R 32.12 | ep 12.5s | goals 2.17 | fall 61% | 10.6 goals/min 2.95 falls/min | kl 0.0167 lr 2.3e-5 std 0.50 | L5
it   974 | 9.97M steps | 4672 sps | R 31.49 | ep 12.3s | goals 2.15 | fall 62% | 10.7 goals/min 2.89 falls/min | kl 0.0119 lr 1.7e-4 std 0.50 | L5
it   975 | 9.98M steps | 4421 sps | R 31.69 | ep 12.3s | goals 2.15 | fall 61% | 10.7 goals/min 2.92 falls/min | kl 0.0229 lr 1.0e-5 std 0.50 | L5
it   976 | 9.99M steps | 4437 sps | R 32.28 | ep 12.5s | goals 2.18 | fall 60% | 10.5 goals/min 2.87 falls/min | kl 0.0087 lr 1.7e-4 std 0.50 | L5
it   977 | 10.00M steps | 4298 sps | R 32.05 | ep 12.4s | goals 2.17 | fall 60% | 10.5 goals/min 2.87 falls/min | kl 0.0152 lr 1.1e-4 std 0.50 | L5
it   978 | 10.01M steps | 4552 sps | R 32.01 | ep 12.3s | goals 2.17 | fall 60% | 10.8 goals/min 2.81 falls/min | kl 0.0141 lr 1.1e-4 std 0.50 | L5
it   979 | 10.02M steps | 4622 sps | R 31.92 | ep 12.3s | goals 2.16 | fall 60% | 10.9 goals/min 2.82 falls/min | kl 0.0153 lr 5.1e-5 std 0.50 | L5
it   980 | 10.04M steps | 4721 sps | R 31.87 | ep 12.3s | goals 2.17 | fall 61% | 10.9 goals/min 2.79 falls/min | kl 0.0132 lr 5.1e-5 std 0.49 | L5
it   981 | 10.05M steps | 4392 sps | R 32.01 | ep 12.3s | goals 2.17 | fall 60% | 10.8 goals/min 2.70 falls/min | kl 0.0133 lr 7.6e-5 std 0.49 | L5
it   982 | 10.06M steps | 4513 sps | R 32.13 | ep 12.3s | goals 2.17 | fall 60% | 10.8 goals/min 2.70 falls/min | kl 0.0157 lr 1.0e-5 std 0.49 | L5
it   983 | 10.07M steps | 4373 sps | R 32.01 | ep 12.3s | goals 2.17 | fall 60% | 10.7 goals/min 2.61 falls/min | kl 0.0092 lr 1.7e-4 std 0.49 | L5
it   984 | 10.08M steps | 4012 sps | R 32.58 | ep 12.4s | goals 2.21 | fall 60% | 10.7 goals/min 2.55 falls/min | kl 0.0161 lr 3.4e-5 std 0.49 | L5
it   985 | 10.09M steps | 4120 sps | R 32.98 | ep 12.5s | goals 2.23 | fall 59% | 10.6 goals/min 2.55 falls/min | kl 0.0116 lr 1.1e-4 std 0.49 | L5
it   986 | 10.10M steps | 4030 sps | R 33.60 | ep 12.6s | goals 2.26 | fall 59% | 10.7 goals/min 2.51 falls/min | kl 0.0179 lr 1.0e-5 std 0.49 | L5
it   987 | 10.11M steps | 3978 sps | R 33.72 | ep 12.6s | goals 2.27 | fall 59% | 10.6 goals/min 2.45 falls/min | kl 0.0096 lr 7.6e-5 std 0.49 | L5
it   988 | 10.12M steps | 3861 sps | R 33.98 | ep 12.7s | goals 2.28 | fall 58% | 10.5 goals/min 2.40 falls/min | kl 0.0136 lr 2.6e-4 std 0.49 | L5
it   989 | 10.13M steps | 3816 sps | R 34.29 | ep 12.8s | goals 2.29 | fall 57% | 10.4 goals/min 2.43 falls/min | kl 0.0151 lr 1.1e-4 std 0.49 | L5
it   990 | 10.14M steps | 4460 sps | R 34.06 | ep 12.8s | goals 2.28 | fall 58% | 10.3 goals/min 2.39 falls/min | kl 0.0157 lr 5.1e-5 std 0.49 | L5
it   991 | 10.15M steps | 4039 sps | R 34.44 | ep 12.9s | goals 2.29 | fall 57% | 10.3 goals/min 2.39 falls/min | kl 0.0110 lr 1.7e-4 std 0.49 | L5
it   992 | 10.16M steps | 4434 sps | R 34.43 | ep 12.9s | goals 2.29 | fall 57% | 10.3 goals/min 2.38 falls/min | kl 0.0156 lr 1.7e-4 std 0.49 | L5
it   993 | 10.17M steps | 4324 sps | R 35.18 | ep 13.1s | goals 2.33 | fall 56% | 10.1 goals/min 2.38 falls/min | kl 0.0150 lr 1.7e-4 std 0.49 | L5
it   994 | 10.18M steps | 4140 sps | R 35.03 | ep 13.1s | goals 2.31 | fall 56% | 9.9 goals/min 2.34 falls/min | kl 0.0153 lr 1.1e-4 std 0.49 | L5
it   995 | 10.19M steps | 4653 sps | R 35.01 | ep 13.1s | goals 2.31 | fall 55% | 10.1 goals/min 2.30 falls/min | kl 0.0151 lr 7.6e-5 std 0.49 | L5
it   996 | 10.20M steps | 4281 sps | R 35.43 | ep 13.2s | goals 2.33 | fall 55% | 10.3 goals/min 2.31 falls/min | kl 0.0130 lr 1.1e-4 std 0.49 | L5
it   997 | 10.21M steps | 4455 sps | R 35.67 | ep 13.2s | goals 2.34 | fall 54% | 10.4 goals/min 2.25 falls/min | kl 0.0143 lr 1.1e-4 std 0.49 | L5
it   998 | 10.22M steps | 3905 sps | R 35.61 | ep 13.3s | goals 2.33 | fall 54% | 10.1 goals/min 2.26 falls/min | kl 0.0158 lr 3.4e-5 std 0.49 | L5
it   999 | 10.23M steps | 4548 sps | R 35.66 | ep 13.3s | goals 2.33 | fall 54% | 10.0 goals/min 2.24 falls/min | kl 0.0135 lr 3.4e-5 std 0.49 | L5
it  1000 | 10.24M steps | 4629 sps | R 36.22 | ep 13.5s | goals 2.36 | fall 53% | 10.0 goals/min 2.27 falls/min | kl 0.0142 lr 2.3e-5 std 0.49 | L5
it  1001 | 10.25M steps | 4247 sps | R 35.96 | ep 13.4s | goals 2.35 | fall 53% | 10.0 goals/min 2.37 falls/min | kl 0.0130 lr 2.3e-5 std 0.49 | L5
it  1002 | 10.26M steps | 4635 sps | R 35.74 | ep 13.3s | goals 2.33 | fall 53% | 10.0 goals/min 2.43 falls/min | kl 0.0122 lr 7.6e-5 std 0.49 | L5
it  1003 | 10.27M steps | 4096 sps | R 35.95 | ep 13.4s | goals 2.34 | fall 52% | 10.0 goals/min 2.44 falls/min | kl 0.0145 lr 5.1e-5 std 0.49 | L5
it  1004 | 10.28M steps | 4455 sps | R 35.20 | ep 13.2s | goals 2.30 | fall 54% | 10.0 goals/min 2.52 falls/min | kl 0.0135 lr 5.1e-5 std 0.49 | L5
it  1005 | 10.29M steps | 4270 sps | R 34.71 | ep 13.1s | goals 2.27 | fall 54% | 10.0 goals/min 2.60 falls/min | kl 0.0113 lr 1.7e-4 std 0.49 | L5
it  1006 | 10.30M steps | 4395 sps | R 33.35 | ep 12.8s | goals 2.21 | fall 56% | 10.0 goals/min 2.84 falls/min | kl 0.0143 lr 2.6e-4 std 0.49 | L5
it  1007 | 10.31M steps | 4451 sps | R 33.20 | ep 12.8s | goals 2.20 | fall 56% | 10.1 goals/min 2.86 falls/min | kl 0.0162 lr 7.6e-5 std 0.49 | L5
it  1008 | 10.32M steps | 4177 sps | R 32.57 | ep 12.7s | goals 2.17 | fall 57% | 10.0 goals/min 2.98 falls/min | kl 0.0175 lr 1.0e-5 std 0.49 | L5
it  1009 | 10.33M steps | 4158 sps | R 32.92 | ep 12.7s | goals 2.18 | fall 56% | 10.2 goals/min 2.91 falls/min | kl 0.0102 lr 2.3e-5 std 0.49 | L5
it  1010 | 10.34M steps | 4366 sps | R 32.74 | ep 12.7s | goals 2.17 | fall 56% | 10.3 goals/min 2.86 falls/min | kl 0.0125 lr 3.4e-5 std 0.49 | L5
it  1011 | 10.35M steps | 3765 sps | R 32.94 | ep 12.8s | goals 2.18 | fall 56% | 10.3 goals/min 2.84 falls/min | kl 0.0104 lr 1.7e-4 std 0.49 | L5
it  1012 | 10.36M steps | 4697 sps | R 32.80 | ep 12.8s | goals 2.17 | fall 56% | 10.2 goals/min 2.93 falls/min | kl 0.0148 lr 7.6e-5 std 0.49 | L5
it  1013 | 10.37M steps | 4285 sps | R 32.59 | ep 12.8s | goals 2.16 | fall 57% | 10.4 goals/min 2.93 falls/min | kl 0.0162 lr 1.5e-5 std 0.49 | L5
it  1014 | 10.38M steps | 4495 sps | R 32.31 | ep 12.7s | goals 2.14 | fall 57% | 10.4 goals/min 2.94 falls/min | kl 0.0103 lr 1.1e-4 std 0.49 | L5
it  1015 | 10.39M steps | 4624 sps | R 31.93 | ep 12.7s | goals 2.12 | fall 57% | 10.4 goals/min 2.98 falls/min | kl 0.0154 lr 5.1e-5 std 0.49 | L5
it  1016 | 10.40M steps | 4503 sps | R 31.64 | ep 12.6s | goals 2.10 | fall 57% | 10.3 goals/min 3.02 falls/min | kl 0.0132 lr 5.1e-5 std 0.49 | L5
it  1017 | 10.41M steps | 3972 sps | R 31.61 | ep 12.6s | goals 2.11 | fall 58% | 10.3 goals/min 3.06 falls/min | kl 0.0146 lr 3.4e-5 std 0.49 | L5
it  1018 | 10.42M steps | 4415 sps | R 31.95 | ep 12.6s | goals 2.12 | fall 57% | 10.3 goals/min 3.02 falls/min | kl 0.0123 lr 7.6e-5 std 0.49 | L5
it  1019 | 10.43M steps | 3806 sps | R 32.00 | ep 12.6s | goals 2.13 | fall 57% | 10.2 goals/min 3.04 falls/min | kl 0.0155 lr 2.3e-5 std 0.49 | L5
it  1020 | 10.44M steps | 4176 sps | R 31.77 | ep 12.5s | goals 2.12 | fall 58% | 10.4 goals/min 3.02 falls/min | kl 0.0116 lr 7.6e-5 std 0.49 | L5
it  1021 | 10.46M steps | 4318 sps | R 31.94 | ep 12.6s | goals 2.13 | fall 58% | 10.5 goals/min 2.96 falls/min | kl 0.0164 lr 1.0e-5 std 0.49 | L5
it  1022 | 10.47M steps | 4213 sps | R 31.28 | ep 12.4s | goals 2.10 | fall 59% | 10.6 goals/min 2.94 falls/min | kl 0.0088 lr 1.7e-4 std 0.49 | L5
it  1023 | 10.48M steps | 4097 sps | R 31.29 | ep 12.4s | goals 2.10 | fall 59% | 10.7 goals/min 2.95 falls/min | kl 0.0135 lr 1.1e-4 std 0.49 | L5
it  1024 | 10.49M steps | 4528 sps | R 31.11 | ep 12.3s | goals 2.10 | fall 59% | 10.5 goals/min 2.92 falls/min | kl 0.0147 lr 7.6e-5 std 0.49 | L5
it  1025 | 10.50M steps | 4117 sps | R 31.02 | ep 12.3s | goals 2.09 | fall 59% | 10.5 goals/min 2.82 falls/min | kl 0.0139 lr 7.6e-5 std 0.49 | L5
it  1026 | 10.51M steps | 4432 sps | R 30.85 | ep 12.3s | goals 2.08 | fall 59% | 10.5 goals/min 2.66 falls/min | kl 0.0138 lr 1.7e-4 std 0.49 | L5
it  1027 | 10.52M steps | 5939 sps | R 30.74 | ep 12.2s | goals 2.08 | fall 60% | 10.6 goals/min 2.64 falls/min | kl 0.0145 lr 1.1e-4 std 0.49 | L5
it  1028 | 10.53M steps | 7048 sps | R 30.83 | ep 12.2s | goals 2.09 | fall 60% | 10.6 goals/min 2.55 falls/min | kl 0.0161 lr 1.0e-5 std 0.49 | L5
it  1029 | 10.54M steps | 7049 sps | R 30.94 | ep 12.2s | goals 2.09 | fall 59% | 10.7 goals/min 2.54 falls/min | kl 0.0096 lr 1.1e-4 std 0.49 | L5
it  1030 | 10.55M steps | 6576 sps | R 30.90 | ep 12.2s | goals 2.09 | fall 60% | 10.5 goals/min 2.57 falls/min | kl 0.0177 lr 1.0e-5 std 0.49 | L5
it  1031 | 10.56M steps | 6967 sps | R 31.96 | ep 12.4s | goals 2.15 | fall 58% | 10.5 goals/min 2.55 falls/min | kl 0.0097 lr 1.1e-4 std 0.49 | L5
it  1032 | 10.57M steps | 5328 sps | R 32.19 | ep 12.5s | goals 2.17 | fall 58% | 10.7 goals/min 2.44 falls/min | kl 0.0156 lr 5.1e-5 std 0.49 | L5
it  1033 | 10.58M steps | 4083 sps | R 32.32 | ep 12.5s | goals 2.17 | fall 58% | 10.8 goals/min 2.43 falls/min | kl 0.0126 lr 7.6e-5 std 0.49 | L5
it  1034 | 10.59M steps | 4096 sps | R 32.59 | ep 12.5s | goals 2.19 | fall 57% | 10.9 goals/min 2.43 falls/min | kl 0.0165 lr 1.0e-5 std 0.49 | L5
it  1035 | 10.60M steps | 4258 sps | R 33.02 | ep 12.6s | goals 2.21 | fall 57% | 10.9 goals/min 2.39 falls/min | kl 0.0110 lr 1.5e-5 std 0.49 | L5
it  1036 | 10.61M steps | 4159 sps | R 33.08 | ep 12.7s | goals 2.21 | fall 57% | 10.8 goals/min 2.39 falls/min | kl 0.0093 lr 1.7e-4 std 0.49 | L5
it  1037 | 10.62M steps | 4486 sps | R 34.18 | ep 12.9s | goals 2.27 | fall 55% | 10.8 goals/min 2.40 falls/min | kl 0.0157 lr 7.6e-5 std 0.49 | L5
it  1038 | 10.63M steps | 4286 sps | R 34.12 | ep 12.9s | goals 2.26 | fall 55% | 10.9 goals/min 2.52 falls/min | kl 0.0143 lr 5.1e-5 std 0.49 | L5
it  1039 | 10.64M steps | 4305 sps | R 34.49 | ep 12.9s | goals 2.29 | fall 55% | 11.0 goals/min 2.53 falls/min | kl 0.0127 lr 1.1e-4 std 0.49 | L5
it  1040 | 10.65M steps | 4384 sps | R 34.53 | ep 12.9s | goals 2.29 | fall 55% | 11.1 goals/min 2.51 falls/min | kl 0.0149 lr 1.1e-4 std 0.49 | L5
it  1041 | 10.66M steps | 4514 sps | R 34.59 | ep 12.9s | goals 2.30 | fall 55% | 11.0 goals/min 2.46 falls/min | kl 0.0162 lr 2.3e-5 std 0.49 | L5
it  1042 | 10.67M steps | 4135 sps | R 34.89 | ep 13.0s | goals 2.31 | fall 55% | 11.0 goals/min 2.40 falls/min | kl 0.0104 lr 1.1e-4 std 0.49 | L5
it  1043 | 10.68M steps | 4485 sps | R 34.94 | ep 13.0s | goals 2.31 | fall 55% | 11.0 goals/min 2.43 falls/min | kl 0.0150 lr 5.1e-5 std 0.49 | L5
it  1044 | 10.69M steps | 4504 sps | R 35.11 | ep 13.0s | goals 2.32 | fall 54% | 11.3 goals/min 2.38 falls/min | kl 0.0129 lr 7.6e-5 std 0.49 | L5
it  1045 | 10.70M steps | 4236 sps | R 35.30 | ep 13.0s | goals 2.33 | fall 55% | 11.2 goals/min 2.36 falls/min | kl 0.0133 lr 7.6e-5 std 0.49 | L5
it  1046 | 10.71M steps | 4149 sps | R 35.46 | ep 13.1s | goals 2.34 | fall 55% | 11.1 goals/min 2.33 falls/min | kl 0.0160 lr 1.0e-5 std 0.49 | L5
it  1047 | 10.72M steps | 4302 sps | R 35.51 | ep 13.1s | goals 2.35 | fall 55% | 11.1 goals/min 2.38 falls/min | kl 0.0135 lr 1.0e-5 std 0.49 | L5
it  1048 | 10.73M steps | 4351 sps | R 35.94 | ep 13.2s | goals 2.37 | fall 54% | 11.1 goals/min 2.32 falls/min | kl 0.0110 lr 2.3e-5 std 0.49 | L5
it  1049 | 10.74M steps | 4025 sps | R 35.73 | ep 13.1s | goals 2.36 | fall 54% | 11.1 goals/min 2.36 falls/min | kl 0.0109 lr 1.7e-4 std 0.49 | L5
it  1050 | 10.75M steps | 4408 sps | R 36.01 | ep 13.2s | goals 2.37 | fall 54% | 11.3 goals/min 2.34 falls/min | kl 0.0148 lr 2.6e-4 std 0.49 | L5
it  1051 | 10.76M steps | 4303 sps | R 36.45 | ep 13.3s | goals 2.40 | fall 53% | 11.4 goals/min 2.39 falls/min | kl 0.0163 lr 5.1e-5 std 0.49 | L5
it  1052 | 10.77M steps | 4183 sps | R 36.41 | ep 13.2s | goals 2.40 | fall 54% | 11.4 goals/min 2.41 falls/min | kl 0.0126 lr 7.6e-5 std 0.49 | L5
it  1053 | 10.78M steps | 4467 sps | R 36.54 | ep 13.2s | goals 2.40 | fall 54% | 11.3 goals/min 2.37 falls/min | kl 0.0190 lr 1.0e-5 std 0.49 | L5
it  1054 | 10.79M steps | 4155 sps | R 37.30 | ep 13.4s | goals 2.44 | fall 52% | 11.2 goals/min 2.34 falls/min | kl 0.0109 lr 3.4e-5 std 0.49 | L5
it  1055 | 10.80M steps | 3827 sps | R 37.62 | ep 13.4s | goals 2.46 | fall 52% | 11.1 goals/min 2.33 falls/min | kl 0.0126 lr 5.1e-5 std 0.49 | L5
it  1056 | 10.81M steps | 4317 sps | R 37.76 | ep 13.5s | goals 2.46 | fall 52% | 11.1 goals/min 2.33 falls/min | kl 0.0126 lr 7.6e-5 std 0.49 | L5
it  1057 | 10.82M steps | 4072 sps | R 37.87 | ep 13.5s | goals 2.47 | fall 52% | 11.3 goals/min 2.31 falls/min | kl 0.0130 lr 1.1e-4 std 0.49 | L5
it  1058 | 10.83M steps | 3947 sps | R 38.03 | ep 13.5s | goals 2.48 | fall 52% | 11.4 goals/min 2.24 falls/min | kl 0.0173 lr 1.0e-5 std 0.49 | L5
it  1059 | 10.84M steps | 4131 sps | R 38.18 | ep 13.6s | goals 2.48 | fall 51% | 11.3 goals/min 2.18 falls/min | kl 0.0096 lr 1.1e-4 std 0.48 | L5
it  1060 | 10.85M steps | 4355 sps | R 37.84 | ep 13.5s | goals 2.46 | fall 52% | 11.3 goals/min 2.24 falls/min | kl 0.0179 lr 1.0e-5 std 0.48 | L5
it  1061 | 10.86M steps | 3778 sps | R 37.56 | ep 13.4s | goals 2.44 | fall 52% | 11.1 goals/min 2.29 falls/min | kl 0.0095 lr 1.1e-4 std 0.48 | L5
it  1062 | 10.87M steps | 4367 sps | R 37.69 | ep 13.4s | goals 2.45 | fall 52% | 11.1 goals/min 2.26 falls/min | kl 0.0147 lr 7.6e-5 std 0.48 | L5
it  1063 | 10.89M steps | 4046 sps | R 37.67 | ep 13.4s | goals 2.44 | fall 52% | 11.2 goals/min 2.19 falls/min | kl 0.0128 lr 1.1e-4 std 0.48 | L5
it  1064 | 10.90M steps | 3804 sps | R 37.11 | ep 13.2s | goals 2.42 | fall 53% | 11.1 goals/min 2.21 falls/min | kl 0.0168 lr 2.3e-5 std 0.48 | L5
it  1065 | 10.91M steps | 4579 sps | R 37.28 | ep 13.3s | goals 2.42 | fall 53% | 11.3 goals/min 2.21 falls/min | kl 0.0133 lr 1.0e-5 std 0.48 | L5
it  1066 | 10.92M steps | 4377 sps | R 37.37 | ep 13.3s | goals 2.43 | fall 53% | 11.2 goals/min 2.14 falls/min | kl 0.0103 lr 3.4e-5 std 0.48 | L5
it  1067 | 10.93M steps | 4123 sps | R 37.65 | ep 13.3s | goals 2.45 | fall 52% | 11.3 goals/min 2.10 falls/min | kl 0.0132 lr 3.4e-5 std 0.48 | L5
it  1068 | 10.94M steps | 4307 sps | R 38.62 | ep 13.5s | goals 2.50 | fall 51% | 11.4 goals/min 2.09 falls/min | kl 0.0117 lr 1.7e-4 std 0.48 | L5
it  1069 | 10.95M steps | 4607 sps | R 38.81 | ep 13.5s | goals 2.51 | fall 51% | 11.4 goals/min 2.11 falls/min | kl 0.0202 lr 1.0e-5 std 0.48 | L5
it  1070 | 10.96M steps | 6035 sps | R 39.33 | ep 13.6s | goals 2.54 | fall 50% | 11.3 goals/min 2.06 falls/min | kl 0.0112 lr 1.5e-5 std 0.48 | L5
it  1071 | 10.97M steps | 4865 sps | R 39.93 | ep 13.8s | goals 2.56 | fall 49% | 11.3 goals/min 1.98 falls/min | kl 0.0094 lr 1.7e-4 std 0.48 | L5
it  1072 | 10.98M steps | 4317 sps | R 40.76 | ep 14.0s | goals 2.60 | fall 48% | 11.3 goals/min 1.91 falls/min | kl 0.0139 lr 7.6e-5 std 0.48 | L5
it  1073 | 10.99M steps | 4476 sps | R 41.03 | ep 14.0s | goals 2.62 | fall 48% | 11.4 goals/min 1.91 falls/min | kl 0.0150 lr 2.3e-5 std 0.48 | L5
it  1074 | 11.00M steps | 4466 sps | R 41.76 | ep 14.1s | goals 2.65 | fall 47% | 11.4 goals/min 1.84 falls/min | kl 0.0123 lr 2.3e-5 std 0.48 | L5
it  1075 | 11.01M steps | 4080 sps | R 41.46 | ep 14.1s | goals 2.64 | fall 47% | 11.5 goals/min 1.80 falls/min | kl 0.0105 lr 1.7e-4 std 0.48 | L5
it  1076 | 11.02M steps | 4574 sps | R 42.01 | ep 14.2s | goals 2.67 | fall 46% | 11.4 goals/min 1.72 falls/min | kl 0.0156 lr 5.1e-5 std 0.48 | L5
it  1077 | 11.03M steps | 4425 sps | R 41.80 | ep 14.1s | goals 2.66 | fall 47% | 11.3 goals/min 1.75 falls/min | kl 0.0149 lr 1.0e-5 std 0.48 | L5
it  1078 | 11.04M steps | 4336 sps | R 41.85 | ep 14.1s | goals 2.66 | fall 47% | 11.2 goals/min 1.70 falls/min | kl 0.0086 lr 1.7e-4 std 0.48 | L5
it  1079 | 11.05M steps | 4364 sps | R 42.46 | ep 14.2s | goals 2.69 | fall 46% | 11.4 goals/min 1.64 falls/min | kl 0.0135 lr 1.1e-4 std 0.48 | L5
it  1080 | 11.06M steps | 4835 sps | R 42.49 | ep 14.2s | goals 2.69 | fall 45% | 11.4 goals/min 1.54 falls/min | kl 0.0164 lr 1.0e-5 std 0.48 | L5
  ▲ curriculum level 6: {"terrainLevel":3,"goalDistance":[1,4],"goalAngle":3.141592653589793,"randomization":0.8}
it  1081 | 11.07M steps | 4525 sps | R 43.19 | ep 14.4s | goals 2.72 | fall 44% | 11.3 goals/min 1.46 falls/min | kl 0.0097 lr 7.6e-5 std 0.48 | L6
it  1082 | 11.08M steps | 3904 sps | R 43.08 | ep 14.4s | goals 2.72 | fall 44% | 9.6 goals/min 2.34 falls/min | kl 0.0142 lr 7.6e-5 std 0.48 | L6
it  1083 | 11.09M steps | 4539 sps | R 43.55 | ep 14.5s | goals 2.74 | fall 44% | 11.1 goals/min 1.99 falls/min | kl 0.0139 lr 2.6e-4 std 0.48 | L6
it  1084 | 11.10M steps | 4096 sps | R 43.37 | ep 14.5s | goals 2.73 | fall 45% | 10.8 goals/min 2.34 falls/min | kl 0.0139 lr 1.7e-4 std 0.48 | L6
it  1085 | 11.11M steps | 4451 sps | R 43.38 | ep 14.5s | goals 2.73 | fall 44% | 10.4 goals/min 2.46 falls/min | kl 0.0156 lr 5.1e-5 std 0.48 | L6
it  1086 | 11.12M steps | 4574 sps | R 43.24 | ep 14.5s | goals 2.72 | fall 45% | 9.9 goals/min 2.63 falls/min | kl 0.0137 lr 5.1e-5 std 0.48 | L6
it  1087 | 11.13M steps | 4688 sps | R 42.97 | ep 14.5s | goals 2.70 | fall 45% | 9.8 goals/min 2.50 falls/min | kl 0.0146 lr 2.3e-5 std 0.48 | L6
it  1088 | 11.14M steps | 4378 sps | R 42.66 | ep 14.4s | goals 2.67 | fall 45% | 10.1 goals/min 2.44 falls/min | kl 0.0130 lr 2.3e-5 std 0.48 | L6
it  1089 | 11.15M steps | 4010 sps | R 42.77 | ep 14.4s | goals 2.68 | fall 45% | 10.0 goals/min 2.58 falls/min | kl 0.0109 lr 1.7e-4 std 0.48 | L6
it  1090 | 11.16M steps | 4442 sps | R 42.27 | ep 14.3s | goals 2.65 | fall 45% | 10.1 goals/min 2.60 falls/min | kl 0.0196 lr 1.0e-5 std 0.48 | L6
it  1091 | 11.17M steps | 3995 sps | R 42.21 | ep 14.3s | goals 2.65 | fall 45% | 10.1 goals/min 2.65 falls/min | kl 0.0090 lr 1.7e-4 std 0.48 | L6
it  1092 | 11.18M steps | 4816 sps | R 42.03 | ep 14.2s | goals 2.65 | fall 45% | 9.9 goals/min 2.64 falls/min | kl 0.0150 lr 1.1e-4 std 0.48 | L6
it  1093 | 11.19M steps | 4271 sps | R 42.23 | ep 14.2s | goals 2.65 | fall 45% | 9.9 goals/min 2.58 falls/min | kl 0.0144 lr 5.1e-5 std 0.48 | L6
it  1094 | 11.20M steps | 4701 sps | R 42.38 | ep 14.3s | goals 2.66 | fall 45% | 9.9 goals/min 2.56 falls/min | kl 0.0162 lr 1.0e-5 std 0.48 | L6
it  1095 | 11.21M steps | 3859 sps | R 41.76 | ep 14.2s | goals 2.63 | fall 46% | 9.9 goals/min 2.68 falls/min | kl 0.0104 lr 5.1e-5 std 0.48 | L6
it  1096 | 11.22M steps | 4071 sps | R 41.67 | ep 14.2s | goals 2.62 | fall 46% | 9.8 goals/min 2.64 falls/min | kl 0.0121 lr 1.7e-4 std 0.48 | L6
it  1097 | 11.23M steps | 4279 sps | R 41.62 | ep 14.2s | goals 2.62 | fall 46% | 9.9 goals/min 2.68 falls/min | kl 0.0150 lr 1.7e-4 std 0.48 | L6
it  1098 | 11.24M steps | 4965 sps | R 41.04 | ep 14.1s | goals 2.58 | fall 47% | 9.8 goals/min 2.69 falls/min | kl 0.0188 lr 1.0e-5 std 0.48 | L6
it  1099 | 11.25M steps | 4533 sps | R 40.50 | ep 14.0s | goals 2.55 | fall 47% | 9.9 goals/min 2.70 falls/min | kl 0.0102 lr 3.4e-5 std 0.48 | L6
it  1100 | 11.26M steps | 4514 sps | R 39.63 | ep 13.8s | goals 2.50 | fall 48% | 9.9 goals/min 2.71 falls/min | kl 0.0123 lr 5.1e-5 std 0.48 | L6
it  1101 | 11.27M steps | 4422 sps | R 38.93 | ep 13.7s | goals 2.46 | fall 49% | 9.8 goals/min 2.72 falls/min | kl 0.0148 lr 1.5e-5 std 0.48 | L6
it  1102 | 11.28M steps | 4162 sps | R 38.65 | ep 13.6s | goals 2.44 | fall 49% | 9.9 goals/min 2.68 falls/min | kl 0.0107 lr 7.6e-5 std 0.48 | L6
it  1103 | 11.29M steps | 3522 sps | R 37.70 | ep 13.4s | goals 2.39 | fall 50% | 9.7 goals/min 2.72 falls/min | kl 0.0138 lr 7.6e-5 std 0.48 | L6
it  1104 | 11.30M steps | 4295 sps | R 37.37 | ep 13.4s | goals 2.37 | fall 50% | 9.7 goals/min 2.67 falls/min | kl 0.0132 lr 1.1e-4 std 0.48 | L6
it  1105 | 11.32M steps | 3793 sps | R 36.19 | ep 13.2s | goals 2.31 | fall 52% | 9.7 goals/min 2.68 falls/min | kl 0.0163 lr 1.5e-5 std 0.48 | L6
it  1106 | 11.33M steps | 4082 sps | R 36.19 | ep 13.2s | goals 2.31 | fall 52% | 9.7 goals/min 2.60 falls/min | kl 0.0095 lr 1.7e-4 std 0.48 | L6
it  1107 | 11.34M steps | 4532 sps | R 36.01 | ep 13.2s | goals 2.30 | fall 52% | 9.8 goals/min 2.70 falls/min | kl 0.0171 lr 1.5e-5 std 0.48 | L6
it  1108 | 11.35M steps | 3594 sps | R 36.06 | ep 13.2s | goals 2.30 | fall 52% | 9.7 goals/min 2.71 falls/min | kl 0.0102 lr 1.7e-4 std 0.48 | L6
it  1109 | 11.36M steps | 4278 sps | R 35.41 | ep 13.1s | goals 2.27 | fall 54% | 9.7 goals/min 2.67 falls/min | kl 0.0175 lr 1.5e-5 std 0.48 | L6
it  1110 | 11.37M steps | 4221 sps | R 34.04 | ep 12.8s | goals 2.20 | fall 56% | 9.6 goals/min 2.79 falls/min | kl 0.0118 lr 1.5e-5 std 0.48 | L6
it  1111 | 11.38M steps | 4369 sps | R 33.82 | ep 12.8s | goals 2.18 | fall 56% | 9.5 goals/min 2.75 falls/min | kl 0.0092 lr 1.7e-4 std 0.48 | L6
it  1112 | 11.39M steps | 4569 sps | R 33.29 | ep 12.7s | goals 2.15 | fall 56% | 9.7 goals/min 2.75 falls/min | kl 0.0152 lr 2.6e-4 std 0.48 | L6
it  1113 | 11.40M steps | 4128 sps | R 32.70 | ep 12.6s | goals 2.12 | fall 56% | 9.6 goals/min 2.79 falls/min | kl 0.0177 lr 1.5e-5 std 0.48 | L6
it  1114 | 11.41M steps | 3781 sps | R 32.50 | ep 12.6s | goals 2.10 | fall 56% | 9.6 goals/min 2.84 falls/min | kl 0.0104 lr 1.1e-4 std 0.48 | L6
it  1115 | 11.42M steps | 3953 sps | R 32.62 | ep 12.6s | goals 2.11 | fall 56% | 9.6 goals/min 2.72 falls/min | kl 0.0169 lr 1.0e-5 std 0.48 | L6
it  1116 | 11.43M steps | 5625 sps | R 32.23 | ep 12.6s | goals 2.09 | fall 57% | 9.6 goals/min 2.74 falls/min | kl 0.0096 lr 1.7e-4 std 0.48 | L6
it  1117 | 11.44M steps | 6943 sps | R 32.22 | ep 12.6s | goals 2.09 | fall 57% | 9.6 goals/min 2.66 falls/min | kl 0.0133 lr 1.1e-4 std 0.48 | L6
it  1118 | 11.45M steps | 7017 sps | R 32.19 | ep 12.6s | goals 2.09 | fall 57% | 9.8 goals/min 2.68 falls/min | kl 0.0155 lr 2.3e-5 std 0.48 | L6
it  1119 | 11.46M steps | 5093 sps | R 31.91 | ep 12.5s | goals 2.08 | fall 57% | 9.7 goals/min 2.73 falls/min | kl 0.0114 lr 7.6e-5 std 0.48 | L6
it  1120 | 11.47M steps | 4679 sps | R 32.72 | ep 12.8s | goals 2.11 | fall 56% | 9.6 goals/min 2.68 falls/min | kl 0.0156 lr 1.0e-5 std 0.48 | L6
it  1121 | 11.48M steps | 4775 sps | R 32.65 | ep 12.8s | goals 2.11 | fall 56% | 9.6 goals/min 2.63 falls/min | kl 0.0100 lr 1.1e-4 std 0.48 | L6
it  1122 | 11.49M steps | 4330 sps | R 32.74 | ep 12.8s | goals 2.11 | fall 56% | 9.5 goals/min 2.66 falls/min | kl 0.0129 lr 7.6e-5 std 0.48 | L6
it  1123 | 11.50M steps | 5697 sps | R 32.40 | ep 12.8s | goals 2.09 | fall 57% | 9.6 goals/min 2.61 falls/min | kl 0.0153 lr 2.3e-5 std 0.48 | L6
it  1124 | 11.51M steps | 6929 sps | R 32.15 | ep 12.8s | goals 2.08 | fall 57% | 9.6 goals/min 2.65 falls/min | kl 0.0102 lr 1.7e-4 std 0.48 | L6
it  1125 | 11.52M steps | 4788 sps | R 31.98 | ep 12.8s | goals 2.07 | fall 58% | 9.6 goals/min 2.68 falls/min | kl 0.0155 lr 1.1e-4 std 0.48 | L6
it  1126 | 11.53M steps | 4037 sps | R 31.63 | ep 12.7s | goals 2.05 | fall 58% | 9.6 goals/min 2.77 falls/min | kl 0.0146 lr 5.1e-5 std 0.48 | L6
it  1127 | 11.54M steps | 5304 sps | R 31.42 | ep 12.6s | goals 2.04 | fall 59% | 9.5 goals/min 2.71 falls/min | kl 0.0140 lr 5.1e-5 std 0.48 | L6
it  1128 | 11.55M steps | 4101 sps | R 31.85 | ep 12.8s | goals 2.06 | fall 58% | 9.6 goals/min 2.73 falls/min | kl 0.0137 lr 5.1e-5 std 0.48 | L6
it  1129 | 11.56M steps | 4373 sps | R 32.13 | ep 12.8s | goals 2.08 | fall 58% | 9.7 goals/min 2.72 falls/min | kl 0.0128 lr 1.7e-4 std 0.48 | L6
it  1130 | 11.57M steps | 4056 sps | R 32.30 | ep 12.9s | goals 2.08 | fall 57% | 9.7 goals/min 2.51 falls/min | kl 0.0160 lr 5.1e-5 std 0.48 | L6
it  1131 | 11.58M steps | 4179 sps | R 31.99 | ep 12.8s | goals 2.07 | fall 58% | 9.9 goals/min 2.50 falls/min | kl 0.0122 lr 1.1e-4 std 0.48 | L6
it  1132 | 11.59M steps | 3511 sps | R 32.34 | ep 12.9s | goals 2.08 | fall 57% | 9.8 goals/min 2.48 falls/min | kl 0.0194 lr 1.0e-5 std 0.48 | L6
it  1133 | 11.60M steps | 4155 sps | R 33.02 | ep 13.1s | goals 2.12 | fall 56% | 9.9 goals/min 2.40 falls/min | kl 0.0095 lr 1.7e-4 std 0.48 | L6
it  1134 | 11.61M steps | 4341 sps | R 33.37 | ep 13.2s | goals 2.14 | fall 56% | 9.9 goals/min 2.33 falls/min | kl 0.0186 lr 1.0e-5 std 0.48 | L6
it  1135 | 11.62M steps | 4297 sps | R 33.56 | ep 13.2s | goals 2.15 | fall 56% | 9.8 goals/min 2.39 falls/min | kl 0.0097 lr 1.1e-4 std 0.48 | L6
it  1136 | 11.63M steps | 4455 sps | R 33.54 | ep 13.2s | goals 2.14 | fall 56% | 9.8 goals/min 2.38 falls/min | kl 0.0162 lr 3.4e-5 std 0.48 | L6
it  1137 | 11.64M steps | 4417 sps | R 33.53 | ep 13.2s | goals 2.14 | fall 56% | 9.7 goals/min 2.43 falls/min | kl 0.0114 lr 1.7e-4 std 0.48 | L6
it  1138 | 11.65M steps | 4546 sps | R 33.50 | ep 13.2s | goals 2.13 | fall 56% | 9.8 goals/min 2.37 falls/min | kl 0.0139 lr 1.1e-4 std 0.48 | L6
it  1139 | 11.66M steps | 4382 sps | R 33.56 | ep 13.2s | goals 2.13 | fall 56% | 9.9 goals/min 2.31 falls/min | kl 0.0164 lr 3.4e-5 std 0.48 | L6
it  1140 | 11.67M steps | 4926 sps | R 33.47 | ep 13.2s | goals 2.13 | fall 56% | 9.8 goals/min 2.32 falls/min | kl 0.0155 lr 1.0e-5 std 0.48 | L6
it  1141 | 11.68M steps | 5385 sps | R 33.55 | ep 13.2s | goals 2.13 | fall 56% | 9.7 goals/min 2.32 falls/min | kl 0.0100 lr 7.6e-5 std 0.48 | L6
it  1142 | 11.69M steps | 4955 sps | R 34.30 | ep 13.4s | goals 2.17 | fall 54% | 9.7 goals/min 2.31 falls/min | kl 0.0132 lr 2.6e-4 std 0.48 | L6
it  1143 | 11.70M steps | 5284 sps | R 34.69 | ep 13.5s | goals 2.19 | fall 54% | 9.6 goals/min 2.33 falls/min | kl 0.0187 lr 1.5e-5 std 0.48 | L6
it  1144 | 11.71M steps | 4684 sps | R 34.54 | ep 13.4s | goals 2.18 | fall 54% | 9.6 goals/min 2.37 falls/min | kl 0.0119 lr 3.4e-5 std 0.48 | L6
it  1145 | 11.72M steps | 4944 sps | R 35.17 | ep 13.6s | goals 2.21 | fall 53% | 9.7 goals/min 2.26 falls/min | kl 0.0116 lr 1.7e-4 std 0.48 | L6
it  1146 | 11.74M steps | 4961 sps | R 34.95 | ep 13.5s | goals 2.20 | fall 53% | 9.8 goals/min 2.25 falls/min | kl 0.0149 lr 7.6e-5 std 0.48 | L6
it  1147 | 11.75M steps | 4831 sps | R 35.22 | ep 13.5s | goals 2.21 | fall 53% | 9.8 goals/min 2.20 falls/min | kl 0.0148 lr 5.1e-5 std 0.48 | L6
it  1148 | 11.76M steps | 4660 sps | R 35.02 | ep 13.5s | goals 2.20 | fall 53% | 9.7 goals/min 2.19 falls/min | kl 0.0169 lr 1.0e-5 std 0.48 | L6
it  1149 | 11.77M steps | 4442 sps | R 35.28 | ep 13.5s | goals 2.22 | fall 53% | 9.6 goals/min 2.11 falls/min | kl 0.0096 lr 1.7e-4 std 0.48 | L6
it  1150 | 11.78M steps | 4364 sps | R 35.08 | ep 13.5s | goals 2.20 | fall 53% | 9.6 goals/min 2.20 falls/min | kl 0.0148 lr 7.6e-5 std 0.48 | L6
it  1151 | 11.79M steps | 3925 sps | R 35.34 | ep 13.6s | goals 2.21 | fall 53% | 9.5 goals/min 2.31 falls/min | kl 0.0160 lr 2.3e-5 std 0.48 | L6
it  1152 | 11.80M steps | 5148 sps | R 35.21 | ep 13.6s | goals 2.20 | fall 53% | 9.5 goals/min 2.25 falls/min | kl 0.0097 lr 1.7e-4 std 0.48 | L6
it  1153 | 11.81M steps | 5024 sps | R 35.19 | ep 13.6s | goals 2.20 | fall 53% | 9.4 goals/min 2.29 falls/min | kl 0.0165 lr 3.4e-5 std 0.48 | L6
it  1154 | 11.82M steps | 4939 sps | R 35.16 | ep 13.6s | goals 2.20 | fall 53% | 9.5 goals/min 2.31 falls/min | kl 0.0116 lr 1.7e-4 std 0.48 | L6
it  1155 | 11.83M steps | 4847 sps | R 35.02 | ep 13.6s | goals 2.19 | fall 53% | 9.7 goals/min 2.29 falls/min | kl 0.0155 lr 5.1e-5 std 0.48 | L6
it  1156 | 11.84M steps | 5200 sps | R 34.77 | ep 13.5s | goals 2.19 | fall 54% | 9.6 goals/min 2.37 falls/min | kl 0.0178 lr 1.0e-5 std 0.48 | L6
it  1157 | 11.85M steps | 4991 sps | R 34.96 | ep 13.5s | goals 2.19 | fall 54% | 9.5 goals/min 2.32 falls/min | kl 0.0112 lr 1.5e-5 std 0.48 | L6
it  1158 | 11.86M steps | 5476 sps | R 35.28 | ep 13.6s | goals 2.20 | fall 53% | 9.3 goals/min 2.32 falls/min | kl 0.0096 lr 1.7e-4 std 0.48 | L6
it  1159 | 11.87M steps | 4832 sps | R 35.64 | ep 13.7s | goals 2.22 | fall 52% | 9.3 goals/min 2.33 falls/min | kl 0.0180 lr 1.0e-5 std 0.48 | L6
it  1160 | 11.88M steps | 4632 sps | R 35.80 | ep 13.7s | goals 2.22 | fall 51% | 9.4 goals/min 2.37 falls/min | kl 0.0102 lr 5.1e-5 std 0.48 | L6
it  1161 | 11.89M steps | 4759 sps | R 35.65 | ep 13.7s | goals 2.21 | fall 52% | 9.5 goals/min 2.43 falls/min | kl 0.0135 lr 5.1e-5 std 0.48 | L6
it  1162 | 11.90M steps | 5324 sps | R 35.72 | ep 13.7s | goals 2.22 | fall 52% | 9.6 goals/min 2.46 falls/min | kl 0.0121 lr 1.7e-4 std 0.48 | L6
it  1163 | 11.91M steps | 5009 sps | R 35.08 | ep 13.6s | goals 2.19 | fall 53% | 9.6 goals/min 2.52 falls/min | kl 0.0175 lr 3.4e-5 std 0.48 | L6
it  1164 | 11.92M steps | 5681 sps | R 34.61 | ep 13.5s | goals 2.16 | fall 53% | 9.5 goals/min 2.44 falls/min | kl 0.0150 lr 1.0e-5 std 0.48 | L6
it  1165 | 11.93M steps | 4944 sps | R 34.43 | ep 13.5s | goals 2.15 | fall 53% | 9.3 goals/min 2.45 falls/min | kl 0.0078 lr 1.7e-4 std 0.48 | L6
it  1166 | 11.94M steps | 5226 sps | R 33.89 | ep 13.4s | goals 2.12 | fall 54% | 9.4 goals/min 2.45 falls/min | kl 0.0155 lr 5.1e-5 std 0.48 | L6
it  1167 | 11.95M steps | 5199 sps | R 33.76 | ep 13.4s | goals 2.12 | fall 55% | 9.5 goals/min 2.50 falls/min | kl 0.0174 lr 1.0e-5 std 0.48 | L6
it  1168 | 11.96M steps | 5201 sps | R 33.88 | ep 13.4s | goals 2.12 | fall 54% | 9.5 goals/min 2.47 falls/min | kl 0.0108 lr 1.5e-5 std 0.48 | L6
it  1169 | 11.97M steps | 4883 sps | R 33.91 | ep 13.4s | goals 2.13 | fall 54% | 9.4 goals/min 2.55 falls/min | kl 0.0095 lr 1.7e-4 std 0.48 | L6
it  1170 | 11.98M steps | 5729 sps | R 34.66 | ep 13.6s | goals 2.16 | fall 53% | 9.4 goals/min 2.47 falls/min | kl 0.0150 lr 7.6e-5 std 0.48 | L6
it  1171 | 11.99M steps | 5190 sps | R 35.04 | ep 13.7s | goals 2.18 | fall 52% | 9.4 goals/min 2.36 falls/min | kl 0.0138 lr 7.6e-5 std 0.48 | L6
it  1172 | 12.00M steps | 5117 sps | R 34.72 | ep 13.6s | goals 2.17 | fall 53% | 9.6 goals/min 2.39 falls/min | kl 0.0130 lr 1.7e-4 std 0.47 | L6
it  1173 | 12.01M steps | 5016 sps | R 34.99 | ep 13.6s | goals 2.19 | fall 53% | 9.6 goals/min 2.44 falls/min | kl 0.0205 lr 1.0e-5 std 0.47 | L6
it  1174 | 12.02M steps | 5041 sps | R 34.47 | ep 13.6s | goals 2.15 | fall 54% | 9.6 goals/min 2.45 falls/min | kl 0.0092 lr 7.6e-5 std 0.47 | L6
it  1175 | 12.03M steps | 4873 sps | R 34.40 | ep 13.6s | goals 2.15 | fall 54% | 9.5 goals/min 2.39 falls/min | kl 0.0130 lr 2.6e-4 std 0.47 | L6
it  1176 | 12.04M steps | 5026 sps | R 34.66 | ep 13.6s | goals 2.16 | fall 53% | 9.7 goals/min 2.30 falls/min | kl 0.0174 lr 3.4e-5 std 0.47 | L6
it  1177 | 12.05M steps | 5163 sps | R 34.38 | ep 13.6s | goals 2.14 | fall 53% | 9.6 goals/min 2.31 falls/min | kl 0.0138 lr 1.0e-5 std 0.47 | L6
it  1178 | 12.06M steps | 5048 sps | R 34.18 | ep 13.6s | goals 2.13 | fall 54% | 9.8 goals/min 2.29 falls/min | kl 0.0100 lr 1.1e-4 std 0.47 | L6
it  1179 | 12.07M steps | 4398 sps | R 34.16 | ep 13.6s | goals 2.13 | fall 54% | 9.7 goals/min 2.27 falls/min | kl 0.0168 lr 1.5e-5 std 0.47 | L6
it  1180 | 12.08M steps | 5092 sps | R 34.18 | ep 13.5s | goals 2.13 | fall 54% | 9.7 goals/min 2.24 falls/min | kl 0.0110 lr 1.1e-4 std 0.47 | L6
it  1181 | 12.09M steps | 4861 sps | R 34.32 | ep 13.6s | goals 2.13 | fall 53% | 9.7 goals/min 2.17 falls/min | kl 0.0163 lr 3.4e-5 std 0.47 | L6
it  1182 | 12.10M steps | 4844 sps | R 34.13 | ep 13.5s | goals 2.12 | fall 54% | 9.5 goals/min 2.19 falls/min | kl 0.0133 lr 3.4e-5 std 0.47 | L6
it  1183 | 12.11M steps | 5659 sps | R 34.57 | ep 13.6s | goals 2.14 | fall 53% | 9.6 goals/min 2.12 falls/min | kl 0.0118 lr 7.6e-5 std 0.47 | L6
it  1184 | 12.12M steps | 4861 sps | R 34.55 | ep 13.6s | goals 2.14 | fall 53% | 9.8 goals/min 2.17 falls/min | kl 0.0164 lr 1.0e-5 std 0.47 | L6
it  1185 | 12.13M steps | 5326 sps | R 34.80 | ep 13.6s | goals 2.15 | fall 53% | 9.8 goals/min 2.21 falls/min | kl 0.0093 lr 1.7e-4 std 0.47 | L6
it  1186 | 12.14M steps | 4581 sps | R 34.74 | ep 13.6s | goals 2.15 | fall 53% | 9.8 goals/min 2.16 falls/min | kl 0.0192 lr 1.0e-5 std 0.47 | L6
it  1187 | 12.15M steps | 5420 sps | R 35.24 | ep 13.7s | goals 2.17 | fall 52% | 9.7 goals/min 2.17 falls/min | kl 0.0117 lr 1.0e-5 std 0.47 | L6
it  1188 | 12.17M steps | 5092 sps | R 35.71 | ep 13.8s | goals 2.19 | fall 51% | 9.8 goals/min 2.11 falls/min | kl 0.0084 lr 1.7e-4 std 0.47 | L6
it  1189 | 12.18M steps | 4608 sps | R 35.55 | ep 13.8s | goals 2.19 | fall 52% | 9.8 goals/min 2.14 falls/min | kl 0.0207 lr 1.0e-5 std 0.47 | L6
it  1190 | 12.19M steps | 4721 sps | R 35.26 | ep 13.7s | goals 2.18 | fall 52% | 9.9 goals/min 2.21 falls/min | kl 0.0090 lr 1.7e-4 std 0.47 | L6
it  1191 | 12.20M steps | 5347 sps | R 35.47 | ep 13.7s | goals 2.19 | fall 52% | 9.9 goals/min 2.21 falls/min | kl 0.0173 lr 1.5e-5 std 0.47 | L6
it  1192 | 12.21M steps | 4574 sps | R 35.59 | ep 13.7s | goals 2.20 | fall 52% | 9.8 goals/min 2.21 falls/min | kl 0.0112 lr 7.6e-5 std 0.47 | L6
it  1193 | 12.22M steps | 5183 sps | R 35.60 | ep 13.7s | goals 2.20 | fall 52% | 9.7 goals/min 2.26 falls/min | kl 0.0130 lr 1.7e-4 std 0.47 | L6
it  1194 | 12.23M steps | 4446 sps | R 35.59 | ep 13.7s | goals 2.20 | fall 53% | 9.7 goals/min 2.25 falls/min | kl 0.0166 lr 5.1e-5 std 0.47 | L6
it  1195 | 12.24M steps | 4890 sps | R 36.09 | ep 13.8s | goals 2.22 | fall 52% | 9.6 goals/min 2.23 falls/min | kl 0.0134 lr 5.1e-5 std 0.47 | L6
it  1196 | 12.25M steps | 5075 sps | R 36.62 | ep 13.9s | goals 2.25 | fall 51% | 9.6 goals/min 2.21 falls/min | kl 0.0165 lr 1.0e-5 std 0.47 | L6
it  1197 | 12.26M steps | 5206 sps | R 36.47 | ep 13.9s | goals 2.24 | fall 51% | 9.7 goals/min 2.24 falls/min | kl 0.0117 lr 1.5e-5 std 0.47 | L6
it  1198 | 12.27M steps | 4486 sps | R 36.99 | ep 14.0s | goals 2.26 | fall 51% | 9.6 goals/min 2.26 falls/min | kl 0.0103 lr 1.1e-4 std 0.47 | L6
it  1199 | 12.28M steps | 5097 sps | R 37.37 | ep 14.1s | goals 2.29 | fall 50% | 9.7 goals/min 2.21 falls/min | kl 0.0149 lr 1.7e-4 std 0.47 | L6
it  1200 | 12.29M steps | 4964 sps | R 37.75 | ep 14.1s | goals 2.30 | fall 50% | 9.7 goals/min 2.14 falls/min | kl 0.0206 lr 1.0e-5 std 0.47 | L6
it  1201 | 12.30M steps | 4866 sps | R 37.73 | ep 14.2s | goals 2.30 | fall 50% | 9.8 goals/min 2.18 falls/min | kl 0.0097 lr 1.1e-4 std 0.47 | L6
it  1202 | 12.31M steps | 4771 sps | R 37.07 | ep 14.0s | goals 2.26 | fall 50% | 9.8 goals/min 2.16 falls/min | kl 0.0151 lr 5.1e-5 std 0.47 | L6
it  1203 | 12.32M steps | 5242 sps | R 37.14 | ep 14.0s | goals 2.26 | fall 50% | 9.8 goals/min 2.14 falls/min | kl 0.0174 lr 1.0e-5 std 0.47 | L6
it  1204 | 12.33M steps | 5335 sps | R 36.97 | ep 14.0s | goals 2.25 | fall 51% | 9.6 goals/min 2.07 falls/min | kl 0.0109 lr 2.3e-5 std 0.47 | L6
it  1205 | 12.34M steps | 4955 sps | R 36.83 | ep 13.9s | goals 2.24 | fall 51% | 9.8 goals/min 2.05 falls/min | kl 0.0093 lr 1.7e-4 std 0.47 | L6
it  1206 | 12.35M steps | 5110 sps | R 36.92 | ep 13.9s | goals 2.25 | fall 51% | 9.8 goals/min 2.02 falls/min | kl 0.0183 lr 1.0e-5 std 0.47 | L6
it  1207 | 12.36M steps | 4791 sps | R 37.25 | ep 14.0s | goals 2.26 | fall 50% | 9.9 goals/min 1.95 falls/min | kl 0.0094 lr 7.6e-5 std 0.47 | L6
it  1208 | 12.37M steps | 5108 sps | R 37.38 | ep 14.0s | goals 2.27 | fall 50% | 9.9 goals/min 2.00 falls/min | kl 0.0151 lr 1.5e-5 std 0.47 | L6
it  1209 | 12.38M steps | 4501 sps | R 37.89 | ep 14.2s | goals 2.29 | fall 49% | 9.8 goals/min 1.95 falls/min | kl 0.0109 lr 5.1e-5 std 0.47 | L6
it  1210 | 12.39M steps | 4494 sps | R 38.44 | ep 14.2s | goals 2.33 | fall 49% | 9.7 goals/min 1.91 falls/min | kl 0.0127 lr 1.7e-4 std 0.47 | L6
it  1211 | 12.40M steps | 4697 sps | R 38.23 | ep 14.2s | goals 2.31 | fall 49% | 9.6 goals/min 1.92 falls/min | kl 0.0163 lr 5.1e-5 std 0.47 | L6
it  1212 | 12.41M steps | 4511 sps | R 38.63 | ep 14.3s | goals 2.34 | fall 49% | 9.7 goals/min 1.92 falls/min | kl 0.0136 lr 3.4e-5 std 0.47 | L6
it  1213 | 12.42M steps | 5315 sps | R 38.67 | ep 14.3s | goals 2.34 | fall 49% | 9.8 goals/min 1.90 falls/min | kl 0.0113 lr 1.7e-4 std 0.47 | L6
it  1214 | 12.43M steps | 4792 sps | R 38.90 | ep 14.3s | goals 2.35 | fall 49% | 9.9 goals/min 1.89 falls/min | kl 0.0186 lr 1.5e-5 std 0.47 | L6
it  1215 | 12.44M steps | 4807 sps | R 38.68 | ep 14.2s | goals 2.34 | fall 49% | 10.0 goals/min 2.00 falls/min | kl 0.0121 lr 1.5e-5 std 0.47 | L6
it  1216 | 12.45M steps | 4560 sps | R 38.77 | ep 14.3s | goals 2.35 | fall 49% | 10.0 goals/min 2.03 falls/min | kl 0.0107 lr 1.7e-4 std 0.47 | L6
it  1217 | 12.46M steps | 5472 sps | R 38.68 | ep 14.2s | goals 2.35 | fall 49% | 9.9 goals/min 1.99 falls/min | kl 0.0178 lr 2.3e-5 std 0.47 | L6
it  1218 | 12.47M steps | 4741 sps | R 38.73 | ep 14.3s | goals 2.35 | fall 49% | 9.8 goals/min 2.02 falls/min | kl 0.0140 lr 1.0e-5 std 0.47 | L6
it  1219 | 12.48M steps | 4625 sps | R 38.77 | ep 14.3s | goals 2.35 | fall 49% | 9.7 goals/min 2.05 falls/min | kl 0.0090 lr 1.7e-4 std 0.47 | L6
it  1220 | 12.49M steps | 4599 sps | R 38.74 | ep 14.3s | goals 2.35 | fall 49% | 9.8 goals/min 2.12 falls/min | kl 0.0145 lr 1.7e-4 std 0.47 | L6
it  1221 | 12.50M steps | 5055 sps | R 38.21 | ep 14.2s | goals 2.32 | fall 50% | 9.7 goals/min 2.14 falls/min | kl 0.0155 lr 7.6e-5 std 0.47 | L6
it  1222 | 12.51M steps | 4371 sps | R 38.63 | ep 14.3s | goals 2.34 | fall 49% | 9.8 goals/min 2.07 falls/min | kl 0.0151 lr 3.4e-5 std 0.47 | L6
it  1223 | 12.52M steps | 5190 sps | R 38.83 | ep 14.3s | goals 2.35 | fall 49% | 9.7 goals/min 2.09 falls/min | kl 0.0140 lr 1.5e-5 std 0.47 | L6
it  1224 | 12.53M steps | 4521 sps | R 38.21 | ep 14.2s | goals 2.31 | fall 50% | 9.7 goals/min 2.17 falls/min | kl 0.0098 lr 1.7e-4 std 0.47 | L6
it  1225 | 12.54M steps | 4578 sps | R 38.18 | ep 14.2s | goals 2.32 | fall 50% | 9.7 goals/min 2.17 falls/min | kl 0.0136 lr 7.6e-5 std 0.47 | L6
it  1226 | 12.55M steps | 4508 sps | R 38.74 | ep 14.3s | goals 2.34 | fall 49% | 9.6 goals/min 2.17 falls/min | kl 0.0155 lr 1.5e-5 std 0.47 | L6
it  1227 | 12.56M steps | 5344 sps | R 38.19 | ep 14.2s | goals 2.31 | fall 49% | 9.5 goals/min 2.23 falls/min | kl 0.0104 lr 1.7e-4 std 0.47 | L6
it  1228 | 12.57M steps | 4762 sps | R 37.78 | ep 14.1s | goals 2.29 | fall 50% | 9.5 goals/min 2.25 falls/min | kl 0.0170 lr 2.3e-5 std 0.47 | L6
it  1229 | 12.58M steps | 4716 sps | R 37.61 | ep 14.1s | goals 2.29 | fall 50% | 9.6 goals/min 2.25 falls/min | kl 0.0114 lr 1.7e-4 std 0.47 | L6
it  1230 | 12.60M steps | 4564 sps | R 37.88 | ep 14.1s | goals 2.30 | fall 50% | 9.7 goals/min 2.25 falls/min | kl 0.0148 lr 5.1e-5 std 0.47 | L6
it  1231 | 12.61M steps | 5184 sps | R 37.58 | ep 14.1s | goals 2.29 | fall 50% | 9.8 goals/min 2.27 falls/min | kl 0.0134 lr 7.6e-5 std 0.47 | L6
it  1232 | 12.62M steps | 4517 sps | R 37.53 | ep 14.0s | goals 2.28 | fall 50% | 9.6 goals/min 2.29 falls/min | kl 0.0145 lr 7.6e-5 std 0.47 | L6
it  1233 | 12.63M steps | 5260 sps | R 37.42 | ep 14.0s | goals 2.27 | fall 50% | 9.5 goals/min 2.20 falls/min | kl 0.0134 lr 7.6e-5 std 0.47 | L6
it  1234 | 12.64M steps | 4373 sps | R 37.33 | ep 14.1s | goals 2.27 | fall 51% | 9.5 goals/min 2.26 falls/min | kl 0.0147 lr 5.1e-5 std 0.47 | L6
it  1235 | 12.65M steps | 5041 sps | R 37.76 | ep 14.1s | goals 2.29 | fall 50% | 9.6 goals/min 2.23 falls/min | kl 0.0153 lr 1.0e-5 std 0.47 | L6
it  1236 | 12.66M steps | 4422 sps | R 37.65 | ep 14.1s | goals 2.29 | fall 50% | 9.5 goals/min 2.19 falls/min | kl 0.0095 lr 1.1e-4 std 0.47 | L6
it  1237 | 12.67M steps | 4766 sps | R 37.52 | ep 14.1s | goals 2.29 | fall 50% | 9.6 goals/min 2.20 falls/min | kl 0.0143 lr 7.6e-5 std 0.47 | L6
it  1238 | 12.68M steps | 4700 sps | R 37.57 | ep 14.1s | goals 2.29 | fall 50% | 9.9 goals/min 2.18 falls/min | kl 0.0138 lr 1.1e-4 std 0.47 | L6
it  1239 | 12.69M steps | 4987 sps | R 37.70 | ep 14.1s | goals 2.29 | fall 50% | 9.9 goals/min 2.12 falls/min | kl 0.0149 lr 7.6e-5 std 0.47 | L6
it  1240 | 12.70M steps | 4653 sps | R 38.05 | ep 14.2s | goals 2.31 | fall 49% | 9.8 goals/min 2.07 falls/min | kl 0.0127 lr 2.6e-4 std 0.47 | L6
it  1241 | 12.71M steps | 4716 sps | R 37.75 | ep 14.1s | goals 2.30 | fall 50% | 9.7 goals/min 2.11 falls/min | kl 0.0173 lr 3.4e-5 std 0.47 | L6
it  1242 | 12.72M steps | 3658 sps | R 36.90 | ep 13.9s | goals 2.26 | fall 52% | 9.6 goals/min 2.19 falls/min | kl 0.0126 lr 5.1e-5 std 0.47 | L6
it  1243 | 12.73M steps | 4984 sps | R 36.61 | ep 13.9s | goals 2.24 | fall 52% | 9.8 goals/min 2.29 falls/min | kl 0.0144 lr 3.4e-5 std 0.47 | L6
it  1244 | 12.74M steps | 4213 sps | R 36.51 | ep 13.9s | goals 2.23 | fall 51% | 9.8 goals/min 2.20 falls/min | kl 0.0113 lr 1.7e-4 std 0.47 | L6
it  1245 | 12.75M steps | 4742 sps | R 36.69 | ep 14.0s | goals 2.23 | fall 51% | 9.6 goals/min 2.19 falls/min | kl 0.0142 lr 7.6e-5 std 0.47 | L6
it  1246 | 12.76M steps | 5576 sps | R 36.17 | ep 13.8s | goals 2.21 | fall 52% | 9.7 goals/min 2.30 falls/min | kl 0.0137 lr 1.1e-4 std 0.47 | L6
it  1247 | 12.77M steps | 4567 sps | R 35.31 | ep 13.6s | goals 2.17 | fall 53% | 9.8 goals/min 2.43 falls/min | kl 0.0153 lr 5.1e-5 std 0.47 | L6
it  1248 | 12.78M steps | 5071 sps | R 35.23 | ep 13.6s | goals 2.17 | fall 53% | 9.8 goals/min 2.39 falls/min | kl 0.0132 lr 7.6e-5 std 0.47 | L6
it  1249 | 12.79M steps | 4533 sps | R 35.13 | ep 13.5s | goals 2.16 | fall 53% | 9.8 goals/min 2.41 falls/min | kl 0.0150 lr 2.3e-5 std 0.47 | L6
it  1250 | 12.80M steps | 5008 sps | R 34.96 | ep 13.5s | goals 2.15 | fall 54% | 9.8 goals/min 2.46 falls/min | kl 0.0123 lr 3.4e-5 std 0.47 | L6
it  1251 | 12.81M steps | 4855 sps | R 34.91 | ep 13.5s | goals 2.15 | fall 54% | 9.8 goals/min 2.44 falls/min | kl 0.0115 lr 1.7e-4 std 0.47 | L6
it  1252 | 12.82M steps | 5135 sps | R 35.00 | ep 13.4s | goals 2.15 | fall 53% | 9.9 goals/min 2.44 falls/min | kl 0.0142 lr 1.7e-4 std 0.47 | L6
it  1253 | 12.83M steps | 4571 sps | R 35.31 | ep 13.5s | goals 2.17 | fall 53% | 9.9 goals/min 2.44 falls/min | kl 0.0152 lr 7.6e-5 std 0.47 | L6
it  1254 | 12.84M steps | 4729 sps | R 35.54 | ep 13.6s | goals 2.18 | fall 53% | 9.9 goals/min 2.33 falls/min | kl 0.0172 lr 1.0e-5 std 0.47 | L6
it  1255 | 12.85M steps | 4234 sps | R 35.53 | ep 13.5s | goals 2.19 | fall 53% | 9.8 goals/min 2.43 falls/min | kl 0.0096 lr 1.7e-4 std 0.47 | L6
it  1256 | 12.86M steps | 4918 sps | R 35.52 | ep 13.5s | goals 2.19 | fall 53% | 9.9 goals/min 2.53 falls/min | kl 0.0174 lr 2.3e-5 std 0.47 | L6
it  1257 | 12.87M steps | 4545 sps | R 35.32 | ep 13.5s | goals 2.18 | fall 54% | 9.8 goals/min 2.57 falls/min | kl 0.0110 lr 1.7e-4 std 0.47 | L6
it  1258 | 12.88M steps | 4449 sps | R 35.48 | ep 13.5s | goals 2.19 | fall 54% | 9.9 goals/min 2.57 falls/min | kl 0.0173 lr 1.5e-5 std 0.47 | L6
it  1259 | 12.89M steps | 4340 sps | R 35.62 | ep 13.5s | goals 2.19 | fall 54% | 9.9 goals/min 2.63 falls/min | kl 0.0105 lr 1.1e-4 std 0.47 | L6
it  1260 | 12.90M steps | 4839 sps | R 35.88 | ep 13.6s | goals 2.21 | fall 53% | 9.9 goals/min 2.66 falls/min | kl 0.0180 lr 1.5e-5 std 0.47 | L6
it  1261 | 12.91M steps | 4165 sps | R 35.80 | ep 13.6s | goals 2.21 | fall 54% | 10.0 goals/min 2.59 falls/min | kl 0.0129 lr 1.0e-5 std 0.47 | L6
it  1262 | 12.92M steps | 4818 sps | R 35.78 | ep 13.5s | goals 2.20 | fall 54% | 10.2 goals/min 2.60 falls/min | kl 0.0117 lr 1.0e-5 std 0.47 | L6
it  1263 | 12.93M steps | 4827 sps | R 35.96 | ep 13.6s | goals 2.22 | fall 53% | 10.1 goals/min 2.51 falls/min | kl 0.0098 lr 5.1e-5 std 0.47 | L6
it  1264 | 12.94M steps | 4591 sps | R 35.82 | ep 13.5s | goals 2.21 | fall 54% | 10.1 goals/min 2.59 falls/min | kl 0.0151 lr 3.4e-5 std 0.47 | L6
it  1265 | 12.95M steps | 4625 sps | R 35.62 | ep 13.4s | goals 2.20 | fall 54% | 10.2 goals/min 2.59 falls/min | kl 0.0110 lr 1.7e-4 std 0.47 | L6
it  1266 | 12.96M steps | 4814 sps | R 36.13 | ep 13.6s | goals 2.23 | fall 54% | 10.2 goals/min 2.50 falls/min | kl 0.0137 lr 1.1e-4 std 0.47 | L6
it  1267 | 12.97M steps | 4584 sps | R 35.82 | ep 13.5s | goals 2.21 | fall 54% | 10.2 goals/min 2.33 falls/min | kl 0.0137 lr 1.1e-4 std 0.47 | L6
it  1268 | 12.98M steps | 5398 sps | R 35.60 | ep 13.5s | goals 2.19 | fall 54% | 10.2 goals/min 2.37 falls/min | kl 0.0188 lr 1.0e-5 std 0.47 | L6
it  1269 | 12.99M steps | 4588 sps | R 35.41 | ep 13.4s | goals 2.19 | fall 55% | 10.1 goals/min 2.37 falls/min | kl 0.0094 lr 1.7e-4 std 0.47 | L6
it  1270 | 13.00M steps | 4221 sps | R 35.32 | ep 13.4s | goals 2.19 | fall 55% | 10.3 goals/min 2.30 falls/min | kl 0.0178 lr 2.3e-5 std 0.47 | L6
it  1271 | 13.02M steps | 4506 sps | R 35.39 | ep 13.4s | goals 2.20 | fall 56% | 10.1 goals/min 2.30 falls/min | kl 0.0117 lr 7.6e-5 std 0.47 | L6
it  1272 | 13.03M steps | 4923 sps | R 35.40 | ep 13.4s | goals 2.20 | fall 56% | 10.1 goals/min 2.29 falls/min | kl 0.0131 lr 7.6e-5 std 0.47 | L6
it  1273 | 13.04M steps | 4547 sps | R 35.24 | ep 13.3s | goals 2.19 | fall 56% | 10.1 goals/min 2.30 falls/min | kl 0.0129 lr 7.6e-5 std 0.47 | L6
it  1274 | 13.05M steps | 4459 sps | R 35.38 | ep 13.3s | goals 2.20 | fall 55% | 10.2 goals/min 2.37 falls/min | kl 0.0146 lr 3.4e-5 std 0.47 | L6
it  1275 | 13.06M steps | 4758 sps | R 35.61 | ep 13.3s | goals 2.21 | fall 55% | 10.3 goals/min 2.27 falls/min | kl 0.0113 lr 1.7e-4 std 0.46 | L6
it  1276 | 13.07M steps | 4946 sps | R 35.74 | ep 13.3s | goals 2.22 | fall 55% | 10.2 goals/min 2.14 falls/min | kl 0.0145 lr 7.6e-5 std 0.46 | L6
it  1277 | 13.08M steps | 4507 sps | R 35.81 | ep 13.3s | goals 2.24 | fall 55% | 10.1 goals/min 2.23 falls/min | kl 0.0140 lr 1.7e-4 std 0.46 | L6
it  1278 | 13.09M steps | 5062 sps | R 36.28 | ep 13.4s | goals 2.26 | fall 55% | 9.9 goals/min 2.19 falls/min | kl 0.0205 lr 1.0e-5 std 0.46 | L6
it  1279 | 13.10M steps | 4578 sps | R 36.39 | ep 13.5s | goals 2.27 | fall 55% | 9.9 goals/min 2.21 falls/min | kl 0.0122 lr 1.0e-5 std 0.46 | L6
it  1280 | 13.11M steps | 4540 sps | R 37.30 | ep 13.7s | goals 2.31 | fall 53% | 9.9 goals/min 2.26 falls/min | kl 0.0092 lr 1.7e-4 std 0.46 | L6
it  1281 | 13.12M steps | 4038 sps | R 37.37 | ep 13.8s | goals 2.31 | fall 53% | 10.0 goals/min 2.32 falls/min | kl 0.0192 lr 1.0e-5 std 0.46 | L6
it  1282 | 13.13M steps | 4344 sps | R 36.99 | ep 13.7s | goals 2.28 | fall 53% | 9.9 goals/min 2.31 falls/min | kl 0.0097 lr 1.1e-4 std 0.46 | L6
it  1283 | 13.14M steps | 4660 sps | R 37.08 | ep 13.7s | goals 2.29 | fall 53% | 9.8 goals/min 2.36 falls/min | kl 0.0181 lr 1.0e-5 std 0.46 | L6
it  1284 | 13.15M steps | 4762 sps | R 37.00 | ep 13.7s | goals 2.29 | fall 53% | 9.9 goals/min 2.31 falls/min | kl 0.0113 lr 1.5e-5 std 0.46 | L6
it  1285 | 13.16M steps | 4764 sps | R 36.62 | ep 13.6s | goals 2.27 | fall 54% | 9.9 goals/min 2.34 falls/min | kl 0.0108 lr 7.6e-5 std 0.46 | L6
it  1286 | 13.17M steps | 4534 sps | R 36.97 | ep 13.7s | goals 2.29 | fall 54% | 10.0 goals/min 2.36 falls/min | kl 0.0140 lr 3.4e-5 std 0.46 | L6
it  1287 | 13.18M steps | 4693 sps | R 37.27 | ep 13.8s | goals 2.31 | fall 53% | 9.9 goals/min 2.39 falls/min | kl 0.0107 lr 1.7e-4 std 0.46 | L6
it  1288 | 13.19M steps | 5021 sps | R 37.61 | ep 13.8s | goals 2.32 | fall 52% | 9.9 goals/min 2.32 falls/min | kl 0.0130 lr 1.1e-4 std 0.46 | L6
it  1289 | 13.20M steps | 4493 sps | R 37.36 | ep 13.8s | goals 2.31 | fall 52% | 10.0 goals/min 2.27 falls/min | kl 0.0160 lr 3.4e-5 std 0.46 | L6
it  1290 | 13.21M steps | 4864 sps | R 37.25 | ep 13.8s | goals 2.30 | fall 52% | 9.7 goals/min 2.37 falls/min | kl 0.0114 lr 1.7e-4 std 0.46 | L6
it  1291 | 13.22M steps | 4541 sps | R 37.50 | ep 13.8s | goals 2.31 | fall 52% | 9.7 goals/min 2.32 falls/min | kl 0.0221 lr 1.0e-5 std 0.46 | L6
it  1292 | 13.23M steps | 4925 sps | R 37.43 | ep 13.8s | goals 2.31 | fall 52% | 9.9 goals/min 2.30 falls/min | kl 0.0097 lr 7.6e-5 std 0.46 | L6
it  1293 | 13.24M steps | 4538 sps | R 37.07 | ep 13.8s | goals 2.30 | fall 53% | 9.9 goals/min 2.37 falls/min | kl 0.0132 lr 7.6e-5 std 0.46 | L6
it  1294 | 13.25M steps | 4678 sps | R 37.18 | ep 13.8s | goals 2.30 | fall 52% | 9.8 goals/min 2.32 falls/min | kl 0.0133 lr 1.7e-4 std 0.46 | L6
it  1295 | 13.26M steps | 4723 sps | R 37.24 | ep 13.8s | goals 2.31 | fall 52% | 9.8 goals/min 2.29 falls/min | kl 0.0162 lr 5.1e-5 std 0.46 | L6
it  1296 | 13.27M steps | 4891 sps | R 37.33 | ep 13.8s | goals 2.31 | fall 52% | 9.8 goals/min 2.32 falls/min | kl 0.0138 lr 3.4e-5 std 0.46 | L6
it  1297 | 13.28M steps | 4985 sps | R 37.42 | ep 13.9s | goals 2.31 | fall 52% | 9.9 goals/min 2.23 falls/min | kl 0.0123 lr 1.7e-4 std 0.46 | L6
it  1298 | 13.29M steps | 4958 sps | R 37.17 | ep 13.8s | goals 2.30 | fall 52% | 9.9 goals/min 2.27 falls/min | kl 0.0185 lr 1.5e-5 std 0.46 | L6
it  1299 | 13.30M steps | 4748 sps | R 37.12 | ep 13.8s | goals 2.30 | fall 52% | 10.0 goals/min 2.20 falls/min | kl 0.0095 lr 1.7e-4 std 0.46 | L6
it  1300 | 13.31M steps | 4681 sps | R 37.28 | ep 13.8s | goals 2.31 | fall 52% | 10.1 goals/min 2.12 falls/min | kl 0.0151 lr 7.6e-5 std 0.46 | L6
it  1301 | 13.32M steps | 4783 sps | R 37.35 | ep 13.8s | goals 2.32 | fall 52% | 10.1 goals/min 2.06 falls/min | kl 0.0152 lr 2.3e-5 std 0.46 | L6
it  1302 | 13.33M steps | 4595 sps | R 37.63 | ep 13.9s | goals 2.33 | fall 52% | 10.1 goals/min 1.99 falls/min | kl 0.0170 lr 1.0e-5 std 0.46 | L6
it  1303 | 13.34M steps | 5306 sps | R 37.88 | ep 14.0s | goals 2.35 | fall 52% | 10.1 goals/min 2.02 falls/min | kl 0.0100 lr 7.6e-5 std 0.46 | L6
it  1304 | 13.35M steps | 4029 sps | R 37.48 | ep 13.9s | goals 2.33 | fall 52% | 9.9 goals/min 1.99 falls/min | kl 0.0128 lr 1.7e-4 std 0.46 | L6
it  1305 | 13.36M steps | 4976 sps | R 37.48 | ep 13.9s | goals 2.32 | fall 52% | 9.9 goals/min 1.96 falls/min | kl 0.0150 lr 1.1e-4 std 0.46 | L6
it  1306 | 13.37M steps | 4520 sps | R 38.29 | ep 14.1s | goals 2.36 | fall 50% | 9.9 goals/min 1.95 falls/min | kl 0.0140 lr 1.7e-4 std 0.46 | L6
it  1307 | 13.38M steps | 5219 sps | R 38.72 | ep 14.2s | goals 2.38 | fall 50% | 10.0 goals/min 1.93 falls/min | kl 0.0150 lr 7.6e-5 std 0.46 | L6
it  1308 | 13.39M steps | 4691 sps | R 38.41 | ep 14.2s | goals 2.37 | fall 51% | 10.0 goals/min 2.00 falls/min | kl 0.0147 lr 3.4e-5 std 0.46 | L6
it  1309 | 13.40M steps | 4885 sps | R 38.61 | ep 14.3s | goals 2.37 | fall 50% | 10.1 goals/min 2.03 falls/min | kl 0.0128 lr 3.4e-5 std 0.46 | L6
it  1310 | 13.41M steps | 4763 sps | R 38.87 | ep 14.3s | goals 2.38 | fall 49% | 10.1 goals/min 1.96 falls/min | kl 0.0114 lr 1.7e-4 std 0.46 | L6
it  1311 | 13.42M steps | 4325 sps | R 38.86 | ep 14.3s | goals 2.38 | fall 49% | 10.2 goals/min 2.03 falls/min | kl 0.0170 lr 2.3e-5 std 0.46 | L6
it  1312 | 13.43M steps | 4607 sps | R 38.91 | ep 14.4s | goals 2.38 | fall 49% | 10.0 goals/min 2.05 falls/min | kl 0.0097 lr 1.7e-4 std 0.46 | L6
it  1313 | 13.45M steps | 4926 sps | R 38.29 | ep 14.2s | goals 2.35 | fall 50% | 10.1 goals/min 2.03 falls/min | kl 0.0149 lr 5.1e-5 std 0.46 | L6
it  1314 | 13.46M steps | 4550 sps | R 38.19 | ep 14.2s | goals 2.35 | fall 50% | 10.2 goals/min 2.03 falls/min | kl 0.0151 lr 1.5e-5 std 0.46 | L6
it  1315 | 13.47M steps | 4770 sps | R 38.45 | ep 14.2s | goals 2.36 | fall 50% | 10.3 goals/min 2.02 falls/min | kl 0.0105 lr 1.7e-4 std 0.46 | L6
it  1316 | 13.48M steps | 4219 sps | R 39.02 | ep 14.3s | goals 2.40 | fall 50% | 10.3 goals/min 2.04 falls/min | kl 0.0170 lr 2.3e-5 std 0.46 | L6
it  1317 | 13.49M steps | 5069 sps | R 38.99 | ep 14.3s | goals 2.39 | fall 49% | 10.2 goals/min 2.02 falls/min | kl 0.0130 lr 2.3e-5 std 0.46 | L6
it  1318 | 13.50M steps | 4816 sps | R 39.17 | ep 14.3s | goals 2.40 | fall 49% | 10.2 goals/min 1.95 falls/min | kl 0.0122 lr 5.1e-5 std 0.46 | L6
it  1319 | 13.51M steps | 4808 sps | R 39.39 | ep 14.4s | goals 2.41 | fall 49% | 10.1 goals/min 1.96 falls/min | kl 0.0154 lr 1.5e-5 std 0.46 | L6
it  1320 | 13.52M steps | 4552 sps | R 39.86 | ep 14.5s | goals 2.43 | fall 48% | 10.1 goals/min 1.95 falls/min | kl 0.0110 lr 7.6e-5 std 0.46 | L6
it  1321 | 13.53M steps | 4847 sps | R 39.80 | ep 14.4s | goals 2.42 | fall 48% | 10.2 goals/min 1.91 falls/min | kl 0.0185 lr 1.0e-5 std 0.46 | L6
it  1322 | 13.54M steps | 4463 sps | R 39.95 | ep 14.5s | goals 2.43 | fall 48% | 10.3 goals/min 1.92 falls/min | kl 0.0114 lr 2.3e-5 std 0.46 | L6
it  1323 | 13.55M steps | 4861 sps | R 39.65 | ep 14.4s | goals 2.42 | fall 48% | 10.3 goals/min 1.83 falls/min | kl 0.0093 lr 1.7e-4 std 0.46 | L6
it  1324 | 13.56M steps | 4348 sps | R 39.63 | ep 14.4s | goals 2.42 | fall 49% | 10.3 goals/min 1.84 falls/min | kl 0.0150 lr 7.6e-5 std 0.46 | L6
it  1325 | 13.57M steps | 5241 sps | R 39.92 | ep 14.5s | goals 2.43 | fall 48% | 10.2 goals/min 1.80 falls/min | kl 0.0142 lr 3.4e-5 std 0.46 | L6
it  1326 | 13.58M steps | 4152 sps | R 40.36 | ep 14.5s | goals 2.45 | fall 48% | 10.2 goals/min 1.83 falls/min | kl 0.0116 lr 1.7e-4 std 0.46 | L6
it  1327 | 13.59M steps | 4955 sps | R 40.30 | ep 14.5s | goals 2.45 | fall 48% | 10.3 goals/min 1.78 falls/min | kl 0.0189 lr 1.0e-5 std 0.46 | L6
it  1328 | 13.60M steps | 4680 sps | R 40.53 | ep 14.5s | goals 2.46 | fall 47% | 10.2 goals/min 1.77 falls/min | kl 0.0102 lr 2.3e-5 std 0.46 | L6
it  1329 | 13.61M steps | 4750 sps | R 40.75 | ep 14.6s | goals 2.46 | fall 47% | 10.0 goals/min 1.71 falls/min | kl 0.0117 lr 5.1e-5 std 0.46 | L6
it  1330 | 13.62M steps | 4570 sps | R 41.37 | ep 14.8s | goals 2.49 | fall 46% | 10.2 goals/min 1.71 falls/min | kl 0.0165 lr 1.0e-5 std 0.46 | L6
it  1331 | 13.63M steps | 4992 sps | R 41.70 | ep 14.8s | goals 2.51 | fall 45% | 10.2 goals/min 1.66 falls/min | kl 0.0100 lr 1.1e-4 std 0.46 | L6
it  1332 | 13.64M steps | 4403 sps | R 42.02 | ep 14.9s | goals 2.52 | fall 45% | 10.2 goals/min 1.66 falls/min | kl 0.0134 lr 1.1e-4 std 0.46 | L6
it  1333 | 13.65M steps | 5004 sps | R 42.57 | ep 15.0s | goals 2.55 | fall 44% | 10.1 goals/min 1.62 falls/min | kl 0.0144 lr 1.1e-4 std 0.46 | L6
it  1334 | 13.66M steps | 4204 sps | R 42.57 | ep 15.0s | goals 2.55 | fall 44% | 10.0 goals/min 1.63 falls/min | kl 0.0162 lr 2.3e-5 std 0.46 | L6
it  1335 | 13.67M steps | 4683 sps | R 42.81 | ep 15.1s | goals 2.56 | fall 44% | 9.9 goals/min 1.66 falls/min | kl 0.0111 lr 1.7e-4 std 0.46 | L6
it  1336 | 13.68M steps | 4329 sps | R 42.81 | ep 15.1s | goals 2.55 | fall 43% | 9.9 goals/min 1.63 falls/min | kl 0.0156 lr 1.7e-4 std 0.46 | L6
it  1337 | 13.69M steps | 4487 sps | R 42.90 | ep 15.1s | goals 2.55 | fall 43% | 9.9 goals/min 1.59 falls/min | kl 0.0159 lr 5.1e-5 std 0.46 | L6
it  1338 | 13.70M steps | 4535 sps | R 42.53 | ep 15.0s | goals 2.53 | fall 43% | 10.1 goals/min 1.65 falls/min | kl 0.0130 lr 7.6e-5 std 0.46 | L6
it  1339 | 13.71M steps | 4797 sps | R 42.53 | ep 15.0s | goals 2.53 | fall 43% | 10.1 goals/min 1.64 falls/min | kl 0.0148 lr 3.4e-5 std 0.46 | L6
it  1340 | 13.72M steps | 4613 sps | R 42.11 | ep 14.9s | goals 2.52 | fall 44% | 10.0 goals/min 1.68 falls/min | kl 0.0123 lr 1.1e-4 std 0.46 | L6
it  1341 | 13.73M steps | 4878 sps | R 42.18 | ep 14.8s | goals 2.52 | fall 44% | 9.8 goals/min 1.71 falls/min | kl 0.0163 lr 1.0e-5 std 0.46 | L6
it  1342 | 13.74M steps | 4323 sps | R 42.11 | ep 14.9s | goals 2.51 | fall 44% | 9.8 goals/min 1.70 falls/min | kl 0.0110 lr 1.5e-5 std 0.46 | L6
it  1343 | 13.75M steps | 4956 sps | R 42.07 | ep 14.8s | goals 2.51 | fall 44% | 9.7 goals/min 1.71 falls/min | kl 0.0087 lr 1.7e-4 std 0.46 | L6
it  1344 | 13.76M steps | 4242 sps | R 42.09 | ep 14.8s | goals 2.51 | fall 44% | 9.8 goals/min 1.70 falls/min | kl 0.0140 lr 1.1e-4 std 0.46 | L6
it  1345 | 13.77M steps | 5226 sps | R 41.67 | ep 14.8s | goals 2.49 | fall 44% | 10.0 goals/min 1.76 falls/min | kl 0.0171 lr 1.0e-5 std 0.46 | L6
it  1346 | 13.78M steps | 4734 sps | R 41.56 | ep 14.8s | goals 2.48 | fall 45% | 9.9 goals/min 1.79 falls/min | kl 0.0112 lr 1.5e-5 std 0.46 | L6
it  1347 | 13.79M steps | 4589 sps | R 41.47 | ep 14.8s | goals 2.48 | fall 45% | 9.8 goals/min 1.90 falls/min | kl 0.0092 lr 1.7e-4 std 0.46 | L6
it  1348 | 13.80M steps | 4766 sps | R 41.09 | ep 14.7s | goals 2.46 | fall 46% | 9.7 goals/min 1.89 falls/min | kl 0.0151 lr 5.1e-5 std 0.46 | L6
it  1349 | 13.81M steps | 4903 sps | R 41.78 | ep 14.9s | goals 2.50 | fall 45% | 9.8 goals/min 1.93 falls/min | kl 0.0131 lr 1.1e-4 std 0.46 | L6
it  1350 | 13.82M steps | 4468 sps | R 41.52 | ep 14.8s | goals 2.48 | fall 45% | 9.8 goals/min 1.97 falls/min | kl 0.0163 lr 3.4e-5 std 0.46 | L6
it  1351 | 13.83M steps | 4555 sps | R 41.37 | ep 14.8s | goals 2.47 | fall 45% | 9.7 goals/min 1.98 falls/min | kl 0.0108 lr 1.7e-4 std 0.46 | L6
it  1352 | 13.84M steps | 4731 sps | R 41.16 | ep 14.8s | goals 2.46 | fall 46% | 9.7 goals/min 2.06 falls/min | kl 0.0154 lr 7.6e-5 std 0.46 | L6
it  1353 | 13.85M steps | 4886 sps | R 40.90 | ep 14.8s | goals 2.44 | fall 46% | 9.6 goals/min 2.09 falls/min | kl 0.0154 lr 2.3e-5 std 0.46 | L6
it  1354 | 13.86M steps | 4232 sps | R 40.30 | ep 14.7s | goals 2.41 | fall 47% | 9.7 goals/min 2.09 falls/min | kl 0.0112 lr 1.1e-4 std 0.46 | L6
it  1355 | 13.88M steps | 4654 sps | R 40.01 | ep 14.7s | goals 2.40 | fall 48% | 9.6 goals/min 2.10 falls/min | kl 0.0159 lr 3.4e-5 std 0.46 | L6
it  1356 | 13.89M steps | 4471 sps | R 40.12 | ep 14.7s | goals 2.40 | fall 47% | 9.6 goals/min 2.11 falls/min | kl 0.0128 lr 5.1e-5 std 0.46 | L6
it  1357 | 13.90M steps | 4481 sps | R 40.34 | ep 14.7s | goals 2.41 | fall 47% | 9.6 goals/min 2.11 falls/min | kl 0.0140 lr 3.4e-5 std 0.46 | L6
it  1358 | 13.91M steps | 4919 sps | R 39.89 | ep 14.6s | goals 2.39 | fall 48% | 9.6 goals/min 2.16 falls/min | kl 0.0120 lr 7.6e-5 std 0.46 | L6
it  1359 | 13.92M steps | 4486 sps | R 40.26 | ep 14.7s | goals 2.40 | fall 46% | 9.7 goals/min 2.18 falls/min | kl 0.0163 lr 2.3e-5 std 0.46 | L6
it  1360 | 13.93M steps | 4742 sps | R 40.11 | ep 14.7s | goals 2.39 | fall 47% | 9.6 goals/min 2.18 falls/min | kl 0.0147 lr 1.0e-5 std 0.46 | L6
it  1361 | 13.94M steps | 4620 sps | R 40.13 | ep 14.7s | goals 2.40 | fall 47% | 9.7 goals/min 2.18 falls/min | kl 0.0110 lr 1.5e-5 std 0.46 | L6
it  1362 | 13.95M steps | 4929 sps | R 39.97 | ep 14.7s | goals 2.39 | fall 47% | 9.6 goals/min 2.18 falls/min | kl 0.0090 lr 1.7e-4 std 0.46 | L6
it  1363 | 13.96M steps | 4406 sps | R 39.87 | ep 14.7s | goals 2.38 | fall 47% | 9.7 goals/min 2.19 falls/min | kl 0.0173 lr 2.3e-5 std 0.46 | L6
it  1364 | 13.97M steps | 4694 sps | R 39.51 | ep 14.6s | goals 2.37 | fall 48% | 9.6 goals/min 2.19 falls/min | kl 0.0142 lr 1.0e-5 std 0.46 | L6
it  1365 | 13.98M steps | 4340 sps | R 39.38 | ep 14.6s | goals 2.36 | fall 48% | 9.4 goals/min 2.13 falls/min | kl 0.0098 lr 7.6e-5 std 0.46 | L6
it  1366 | 13.99M steps | 4761 sps | R 39.39 | ep 14.6s | goals 2.35 | fall 47% | 9.5 goals/min 2.03 falls/min | kl 0.0156 lr 1.5e-5 std 0.46 | L6
it  1367 | 14.00M steps | 4282 sps | R 38.91 | ep 14.5s | goals 2.33 | fall 48% | 9.4 goals/min 1.98 falls/min | kl 0.0107 lr 1.1e-4 std 0.46 | L6
it  1368 | 14.01M steps | 5399 sps | R 38.68 | ep 14.4s | goals 2.32 | fall 48% | 9.5 goals/min 1.96 falls/min | kl 0.0159 lr 5.1e-5 std 0.46 | L6
it  1369 | 14.02M steps | 4100 sps | R 38.57 | ep 14.4s | goals 2.31 | fall 48% | 9.5 goals/min 1.95 falls/min | kl 0.0138 lr 1.1e-4 std 0.46 | L6
it  1370 | 14.03M steps | 4854 sps | R 38.27 | ep 14.3s | goals 2.29 | fall 49% | 9.4 goals/min 1.93 falls/min | kl 0.0147 lr 7.6e-5 std 0.46 | L6
it  1371 | 14.04M steps | 4550 sps | R 38.09 | ep 14.3s | goals 2.29 | fall 49% | 9.5 goals/min 1.93 falls/min | kl 0.0151 lr 2.3e-5 std 0.46 | L6
it  1372 | 14.05M steps | 4734 sps | R 38.09 | ep 14.3s | goals 2.29 | fall 49% | 9.5 goals/min 1.85 falls/min | kl 0.0114 lr 1.1e-4 std 0.46 | L6
it  1373 | 14.06M steps | 4996 sps | R 38.71 | ep 14.5s | goals 2.32 | fall 49% | 9.5 goals/min 1.78 falls/min | kl 0.0157 lr 3.4e-5 std 0.46 | L6
it  1374 | 14.07M steps | 4622 sps | R 38.72 | ep 14.5s | goals 2.31 | fall 49% | 9.4 goals/min 1.76 falls/min | kl 0.0130 lr 3.4e-5 std 0.46 | L6
it  1375 | 14.08M steps | 4930 sps | R 38.84 | ep 14.5s | goals 2.32 | fall 48% | 9.3 goals/min 1.70 falls/min | kl 0.0113 lr 1.7e-4 std 0.46 | L6
it  1376 | 14.09M steps | 7612 sps | R 38.94 | ep 14.6s | goals 2.32 | fall 48% | 9.4 goals/min 1.65 falls/min | kl 0.0181 lr 1.0e-5 std 0.46 | L6
it  1377 | 14.10M steps | 3754 sps | R 39.02 | ep 14.6s | goals 2.32 | fall 48% | 9.4 goals/min 1.64 falls/min | kl 0.0092 lr 1.7e-4 std 0.46 | L6
it  1378 | 14.11M steps | 4865 sps | R 39.10 | ep 14.7s | goals 2.32 | fall 48% | 9.3 goals/min 1.61 falls/min | kl 0.0170 lr 3.4e-5 std 0.46 | L6
it  1379 | 14.12M steps | 4415 sps | R 39.29 | ep 14.7s | goals 2.33 | fall 47% | 9.2 goals/min 1.56 falls/min | kl 0.0149 lr 1.0e-5 std 0.46 | L6
it  1380 | 14.13M steps | 4939 sps | R 39.46 | ep 14.7s | goals 2.34 | fall 47% | 9.1 goals/min 1.58 falls/min | kl 0.0110 lr 1.5e-5 std 0.46 | L6
it  1381 | 14.14M steps | 4717 sps | R 39.46 | ep 14.7s | goals 2.34 | fall 47% | 9.1 goals/min 1.61 falls/min | kl 0.0113 lr 5.1e-5 std 0.46 | L6
it  1382 | 14.15M steps | 5322 sps | R 39.58 | ep 14.7s | goals 2.34 | fall 46% | 9.0 goals/min 1.64 falls/min | kl 0.0129 lr 1.1e-4 std 0.45 | L6
it  1383 | 14.16M steps | 4856 sps | R 39.84 | ep 14.8s | goals 2.35 | fall 46% | 9.1 goals/min 1.66 falls/min | kl 0.0141 lr 1.7e-4 std 0.45 | L6
it  1384 | 14.17M steps | 4744 sps | R 39.96 | ep 14.9s | goals 2.36 | fall 45% | 9.2 goals/min 1.68 falls/min | kl 0.0146 lr 7.6e-5 std 0.45 | L6
it  1385 | 14.18M steps | 4436 sps | R 39.98 | ep 14.9s | goals 2.35 | fall 44% | 9.1 goals/min 1.70 falls/min | kl 0.0130 lr 1.1e-4 std 0.45 | L6
it  1386 | 14.19M steps | 5093 sps | R 40.23 | ep 15.0s | goals 2.36 | fall 44% | 9.1 goals/min 1.76 falls/min | kl 0.0180 lr 1.0e-5 std 0.45 | L6
it  1387 | 14.20M steps | 4604 sps | R 40.32 | ep 15.0s | goals 2.37 | fall 43% | 9.1 goals/min 1.70 falls/min | kl 0.0118 lr 1.0e-5 std 0.45 | L6
it  1388 | 14.21M steps | 4943 sps | R 40.06 | ep 14.9s | goals 2.35 | fall 43% | 9.1 goals/min 1.75 falls/min | kl 0.0098 lr 1.7e-4 std 0.45 | L6
it  1389 | 14.22M steps | 4451 sps | R 40.47 | ep 15.0s | goals 2.37 | fall 43% | 9.2 goals/min 1.76 falls/min | kl 0.0153 lr 1.1e-4 std 0.45 | L6
it  1390 | 14.23M steps | 4710 sps | R 40.58 | ep 15.1s | goals 2.37 | fall 42% | 9.1 goals/min 1.69 falls/min | kl 0.0134 lr 1.1e-4 std 0.45 | L6
it  1391 | 14.24M steps | 4327 sps | R 39.53 | ep 14.8s | goals 2.33 | fall 44% | 9.0 goals/min 1.80 falls/min | kl 0.0157 lr 3.4e-5 std 0.45 | L6
it  1392 | 14.25M steps | 5436 sps | R 39.04 | ep 14.7s | goals 2.30 | fall 44% | 9.1 goals/min 1.80 falls/min | kl 0.0115 lr 1.7e-4 std 0.45 | L6
it  1393 | 14.26M steps | 7290 sps | R 39.12 | ep 14.8s | goals 2.30 | fall 44% | 9.0 goals/min 1.90 falls/min | kl 0.0140 lr 7.6e-5 std 0.45 | L6
it  1394 | 14.27M steps | 4805 sps | R 38.70 | ep 14.7s | goals 2.28 | fall 45% | 9.2 goals/min 1.93 falls/min | kl 0.0146 lr 5.1e-5 std 0.45 | L6
it  1395 | 14.28M steps | 4800 sps | R 38.34 | ep 14.6s | goals 2.26 | fall 45% | 9.2 goals/min 1.96 falls/min | kl 0.0156 lr 1.0e-5 std 0.45 | L6
it  1396 | 14.30M steps | 4817 sps | R 38.27 | ep 14.6s | goals 2.25 | fall 45% | 8.9 goals/min 1.99 falls/min | kl 0.0088 lr 1.7e-4 std 0.45 | L6
it  1397 | 14.31M steps | 4211 sps | R 38.30 | ep 14.7s | goals 2.25 | fall 45% | 8.9 goals/min 2.02 falls/min | kl 0.0183 lr 1.5e-5 std 0.45 | L6
it  1398 | 14.32M steps | 5134 sps | R 38.26 | ep 14.7s | goals 2.25 | fall 45% | 9.0 goals/min 2.02 falls/min | kl 0.0098 lr 1.7e-4 std 0.45 | L6
it  1399 | 14.33M steps | 4492 sps | R 38.48 | ep 14.7s | goals 2.26 | fall 45% | 9.2 goals/min 2.05 falls/min | kl 0.0170 lr 3.4e-5 std 0.45 | L6
it  1400 | 14.34M steps | 4787 sps | R 38.15 | ep 14.6s | goals 2.25 | fall 46% | 9.3 goals/min 2.05 falls/min | kl 0.0125 lr 5.1e-5 std 0.45 | L6
it  1401 | 14.35M steps | 4509 sps | R 37.99 | ep 14.6s | goals 2.24 | fall 46% | 9.5 goals/min 2.07 falls/min | kl 0.0137 lr 5.1e-5 std 0.45 | L6
it  1402 | 14.36M steps | 4979 sps | R 37.92 | ep 14.5s | goals 2.24 | fall 46% | 9.4 goals/min 2.10 falls/min | kl 0.0120 lr 1.1e-4 std 0.45 | L6
it  1403 | 14.37M steps | 4597 sps | R 38.37 | ep 14.7s | goals 2.26 | fall 46% | 9.4 goals/min 2.06 falls/min | kl 0.0171 lr 1.0e-5 std 0.45 | L6
it  1404 | 14.38M steps | 7670 sps | R 38.28 | ep 14.6s | goals 2.25 | fall 46% | 9.3 goals/min 2.06 falls/min | kl 0.0111 lr 1.5e-5 std 0.45 | L6
it  1405 | 14.39M steps | 8049 sps | R 38.43 | ep 14.6s | goals 2.26 | fall 45% | 9.4 goals/min 2.05 falls/min | kl 0.0105 lr 1.1e-4 std 0.45 | L6
it  1406 | 14.40M steps | 8500 sps | R 38.09 | ep 14.5s | goals 2.25 | fall 46% | 9.5 goals/min 2.07 falls/min | kl 0.0165 lr 3.4e-5 std 0.45 | L6
it  1407 | 14.41M steps | 7681 sps | R 37.69 | ep 14.4s | goals 2.23 | fall 47% | 9.5 goals/min 2.11 falls/min | kl 0.0119 lr 7.6e-5 std 0.45 | L6
it  1408 | 14.42M steps | 8174 sps | R 37.07 | ep 14.3s | goals 2.20 | fall 47% | 9.6 goals/min 2.14 falls/min | kl 0.0153 lr 2.3e-5 std 0.45 | L6
it  1409 | 14.43M steps | 7619 sps | R 36.92 | ep 14.2s | goals 2.19 | fall 47% | 9.6 goals/min 2.13 falls/min | kl 0.0121 lr 5.1e-5 std 0.45 | L6
it  1410 | 14.44M steps | 8457 sps | R 36.74 | ep 14.2s | goals 2.19 | fall 48% | 9.8 goals/min 2.17 falls/min | kl 0.0135 lr 1.7e-4 std 0.45 | L6
it  1411 | 14.45M steps | 6322 sps | R 36.97 | ep 14.2s | goals 2.19 | fall 47% | 9.8 goals/min 2.00 falls/min | kl 0.0171 lr 1.5e-5 std 0.45 | L6
it  1412 | 14.46M steps | 7361 sps | R 36.64 | ep 14.1s | goals 2.18 | fall 48% | 9.9 goals/min 2.07 falls/min | kl 0.0092 lr 1.1e-4 std 0.45 | L6
it  1413 | 14.47M steps | 7587 sps | R 36.60 | ep 14.1s | goals 2.18 | fall 48% | 10.0 goals/min 2.06 falls/min | kl 0.0183 lr 1.0e-5 std 0.45 | L6
it  1414 | 14.48M steps | 7917 sps | R 36.80 | ep 14.1s | goals 2.19 | fall 48% | 9.8 goals/min 2.05 falls/min | kl 0.0098 lr 1.7e-4 std 0.45 | L6
it  1415 | 14.49M steps | 7388 sps | R 36.40 | ep 14.0s | goals 2.17 | fall 48% | 9.9 goals/min 2.03 falls/min | kl 0.0168 lr 1.0e-5 std 0.45 | L6
it  1416 | 14.50M steps | 7944 sps | R 36.69 | ep 14.1s | goals 2.18 | fall 48% | 10.1 goals/min 1.99 falls/min | kl 0.0080 lr 1.7e-4 std 0.45 | L6
it  1417 | 14.51M steps | 6034 sps | R 36.73 | ep 14.1s | goals 2.18 | fall 48% | 10.1 goals/min 2.04 falls/min | kl 0.0167 lr 2.3e-5 std 0.45 | L6
it  1418 | 14.52M steps | 4889 sps | R 36.99 | ep 14.1s | goals 2.20 | fall 48% | 10.0 goals/min 1.99 falls/min | kl 0.0117 lr 7.6e-5 std 0.45 | L6
it  1419 | 14.53M steps | 4419 sps | R 37.12 | ep 14.1s | goals 2.21 | fall 48% | 9.9 goals/min 2.00 falls/min | kl 0.0152 lr 3.4e-5 std 0.45 | L6
it  1420 | 14.54M steps | 4638 sps | R 37.04 | ep 14.0s | goals 2.21 | fall 48% | 9.9 goals/min 2.00 falls/min | kl 0.0119 lr 1.1e-4 std 0.45 | L6
it  1421 | 14.55M steps | 4388 sps | R 36.85 | ep 13.9s | goals 2.20 | fall 49% | 9.8 goals/min 1.98 falls/min | kl 0.0156 lr 5.1e-5 std 0.45 | L6
it  1422 | 14.56M steps | 4745 sps | R 37.37 | ep 14.0s | goals 2.23 | fall 48% | 9.9 goals/min 1.93 falls/min | kl 0.0187 lr 1.0e-5 std 0.45 | L6
it  1423 | 14.57M steps | 4870 sps | R 37.07 | ep 14.0s | goals 2.22 | fall 49% | 10.2 goals/min 1.98 falls/min | kl 0.0082 lr 1.7e-4 std 0.45 | L6
it  1424 | 14.58M steps | 4533 sps | R 37.59 | ep 14.1s | goals 2.24 | fall 49% | 10.2 goals/min 1.96 falls/min | kl 0.0169 lr 3.4e-5 std 0.45 | L6
it  1425 | 14.59M steps | 4596 sps | R 38.36 | ep 14.3s | goals 2.28 | fall 48% | 10.3 goals/min 1.92 falls/min | kl 0.0142 lr 2.3e-5 std 0.45 | L6
it  1426 | 14.60M steps | 4569 sps | R 38.80 | ep 14.3s | goals 2.31 | fall 47% | 10.3 goals/min 1.91 falls/min | kl 0.0135 lr 1.0e-5 std 0.45 | L6
it  1427 | 14.61M steps | 4543 sps | R 39.09 | ep 14.3s | goals 2.32 | fall 47% | 10.4 goals/min 1.88 falls/min | kl 0.0097 lr 1.1e-4 std 0.45 | L6
it  1428 | 14.62M steps | 5126 sps | R 39.50 | ep 14.4s | goals 2.34 | fall 46% | 10.3 goals/min 1.78 falls/min | kl 0.0171 lr 2.3e-5 std 0.45 | L6
it  1429 | 14.63M steps | 4347 sps | R 39.58 | ep 14.4s | goals 2.35 | fall 46% | 10.3 goals/min 1.77 falls/min | kl 0.0120 lr 7.6e-5 std 0.45 | L6
it  1430 | 14.64M steps | 5101 sps | R 39.74 | ep 14.4s | goals 2.37 | fall 46% | 10.3 goals/min 1.80 falls/min | kl 0.0147 lr 5.1e-5 std 0.45 | L6
it  1431 | 14.65M steps | 4243 sps | R 39.85 | ep 14.4s | goals 2.37 | fall 46% | 10.4 goals/min 1.84 falls/min | kl 0.0192 lr 1.0e-5 std 0.45 | L6
it  1432 | 14.66M steps | 5094 sps | R 39.82 | ep 14.3s | goals 2.37 | fall 46% | 10.3 goals/min 1.78 falls/min | kl 0.0100 lr 1.1e-4 std 0.45 | L6
it  1433 | 14.67M steps | 4798 sps | R 39.62 | ep 14.3s | goals 2.36 | fall 47% | 10.2 goals/min 1.80 falls/min | kl 0.0155 lr 5.1e-5 std 0.45 | L6
it  1434 | 14.68M steps | 4777 sps | R 40.31 | ep 14.4s | goals 2.39 | fall 46% | 10.2 goals/min 1.75 falls/min | kl 0.0154 lr 1.5e-5 std 0.45 | L6
it  1435 | 14.69M steps | 4336 sps | R 40.83 | ep 14.5s | goals 2.42 | fall 45% | 10.3 goals/min 1.72 falls/min | kl 0.0097 lr 1.1e-4 std 0.45 | L6
